D/CSLegacyTypeTracker(  828): getNetworkForType type 40
D/CSLegacyTypeTracker(  828): getNetworkForType type 41
D/CSLegacyTypeTracker(  828): getNetworkForType type 49
I/thermal_repeater(  349): oh, queryMdThermalInfo (0)Bad file number
I/thermal_repeater(  349): [recvMdThermalInfo] ret=5, strLen=127, ERROR
W/Watchdog(  828): SWT Watchdog after wait current time:89089530
W/Watchdog(  828): **Get SF Time **1
W/Watchdog(  828): SWT Watchdog before synchronized:89089531
W/Watchdog(  828): SWT Watchdog after synchronized:89089531
W/Watchdog(  828): SWT Watchdog before wait timeout:30000
W/Watchdog(  828): SWT Watchdog before wait current time:89089531
W/Watchdog(  828): SWT Watchdog before wait start:89089531
W/Watchdog(  828): SWT Watchdog before wait CHECK_INTERVAL:30000
D/WifiService(  828): onReceive, action:android.intent.action.BATTERY_CHANGED
D/WifiController(  828): DeviceActiveState{ when=0 what=155652 arg1=2 target=com.android.internal.util.StateMachine$SmHandler }
D/WifiController(  828): StaEnabledState{ when=0 what=155652 arg1=2 target=com.android.internal.util.StateMachine$SmHandler }
D/WifiController(  828): DefaultState{ when=0 what=155652 arg1=2 target=com.android.internal.util.StateMachine$SmHandler }
D/WifiService(  828): onReceive, action:android.intent.action.BATTERY_CHANGED
D/WifiController(  828): DeviceActiveState{ when=-6ms what=155652 arg1=2 target=com.android.internal.util.StateMachine$SmHandler }
D/WifiController(  828): StaEnabledState{ when=-6ms what=155652 arg1=2 target=com.android.internal.util.StateMachine$SmHandler }
D/WifiController(  828): DefaultState{ when=-6ms what=155652 arg1=2 target=com.android.internal.util.StateMachine$SmHandler }
I/ActivityManager(  828): Enqueueing broadcast android.hardware.usb.action.USB_STATE
W/UsbDeviceManager(  828): sys.usb.mtpConnect = mtpConnection
D/StorageNotification( 1083): onUsbMassStorageConnectionChangedAsync - mLastState: mounted, st: mounted, mLastConnected: false, connected: false, path: /storage/sdcard1
D/StorageNotification( 1083): isAbleToShare - length:3
D/StorageNotification( 1083): isAbleToShare - allowMassStorage:falseisEmulated:true
D/StorageNotification( 1083): isAbleToShare - allowMassStorage:falseisEmulated:true
D/StorageNotification( 1083): isAbleToShare - allowMassStorage:trueisEmulated:false
D/StorageNotification( 1083): isAbleToShare - /storage/sdcard1 @ mounted
D/StorageNotification( 1083): isAbleToShare - allowedShareNum:1
D/StorageNotification( 1083): updateUsbMassStorageNotification - isStorageCanShared=true,available=false
D/VoldConnector(  828): SND -> {375 volume shared /storage/sdcard1 ums}
D/FrameworkListener(  301): dispatchCommand data = (375 volume shared /storage/sdcard1 ums)
D/VoldCmdListener(  301): volume shared /storage/sdcard1 ums
D/VoldConnector(  828): RCV <- {212 375 Share disabled}
D/VoldConnector(  828): RMV <- {212 375 Share disabled}
D/StorageNotification( 1083): updateUsbMassStorageNotification - [false]
D/StorageNotification( 1083): setUsbStorageNotification - visible: {false}
D/StorageNotification( 1083): setUsbStorageNotification - mIsLastVisible: false
D/StorageNotification( 1083): onUsbMassStorageConnectionChangedAsync - Disconnect
D/StorageNotification( 1083): onUsbMassStorageConnectionChangedAsync - mLastConnected: false
D/WifiService(  828): onReceive, action:android.intent.action.BATTERY_CHANGED
D/WifiController(  828): DeviceActiveState{ when=0 what=155652 arg1=2 target=com.android.internal.util.StateMachine$SmHandler }
D/WifiController(  828): StaEnabledState{ when=0 what=155652 arg1=2 target=com.android.internal.util.StateMachine$SmHandler }
D/WifiController(  828): DefaultState{ when=0 what=155652 arg1=2 target=com.android.internal.util.StateMachine$SmHandler }
W/ActivityManager(  828): Skip forceProcessStateUpTo() to newState 8
I/ActivityManager(  828): Killing 32238:com.android.keychain/1000 (adj 15): empty #17
D/PowerManagerService(  828): getWakeLockDataInternal: wake Locks: size=1
D/PowerManagerService(  828):  mFlags=1 mTag = MediaScannerService PackageName = 'com.android.providers.media' (uid=10010, pid=31411, ws=null)
I/ActivityManager(  828): Enqueueing broadcast android.hardware.usb.action.USB_STATE
W/UsbDeviceManager(  828): sys.usb.mtpConnect = mtpConnection
D/StorageNotification( 1083): onUsbMassStorageConnectionChangedAsync - mLastState: mounted, st: mounted, mLastConnected: false, connected: false, path: /storage/sdcard1
D/StorageNotification( 1083): isAbleToShare - length:3
D/StorageNotification( 1083): isAbleToShare - allowMassStorage:falseisEmulated:true
D/StorageNotification( 1083): isAbleToShare - allowMassStorage:falseisEmulated:true
D/StorageNotification( 1083): isAbleToShare - allowMassStorage:trueisEmulated:false
D/StorageNotification( 1083): isAbleToShare - /storage/sdcard1 @ mounted
D/StorageNotification( 1083): isAbleToShare - allowedShareNum:1
D/StorageNotification( 1083): updateUsbMassStorageNotification - isStorageCanShared=true,available=false
D/VoldConnector(  828): SND -> {376 volume shared /storage/sdcard1 ums}
D/FrameworkListener(  301): dispatchCommand data = (376 volume shared /storage/sdcard1 ums)
D/VoldCmdListener(  301): volume shared /storage/sdcard1 ums
D/VoldConnector(  828): RCV <- {212 376 Share disabled}
D/VoldConnector(  828): RMV <- {212 376 Share disabled}
D/StorageNotification( 1083): updateUsbMassStorageNotification - [false]
D/StorageNotification( 1083): setUsbStorageNotification - visible: {false}
D/StorageNotification( 1083): setUsbStorageNotification - mIsLastVisible: false
D/StorageNotification( 1083): onUsbMassStorageConnectionChangedAsync - Disconnect
D/StorageNotification( 1083): onUsbMassStorageConnectionChangedAsync - mLastConnected: false
W/ActivityManager(  828): getRunningAppProcesses: caller 10010 does not hold REAL_GET_TASKS; limiting output
I/ActivityManager(  828): Enqueueing broadcast android.hardware.usb.action.USB_STATE
W/UsbDeviceManager(  828): sys.usb.mtpConnect = mtpConnection
D/DisplayManagerService(  828): Display listener for pid 32238 died.
D/WifiService(  828): onReceive, action:android.intent.action.BATTERY_CHANGED
D/WifiController(  828): DeviceActiveState{ when=0 what=155652 arg1=2 target=com.android.internal.util.StateMachine$SmHandler }
D/WifiController(  828): StaEnabledState{ when=0 what=155652 arg1=2 target=com.android.internal.util.StateMachine$SmHandler }
D/WifiController(  828): DefaultState{ when=0 what=155652 arg1=2 target=com.android.internal.util.StateMachine$SmHandler }
D/ActivityManager(  828): Freeze: not process start because not in condition
I/ActivityManager(  828): Enqueueing broadcast android.intent.action.MEDIA_SCANNER_SCAN_FILE
I/ActivityManager(  828): Enqueueing broadcast android.intent.action.MEDIA_SCANNER_SCAN_FILE
D/StorageNotification( 1083): onUsbMassStorageConnectionChangedAsync - mLastState: mounted, st: mounted, mLastConnected: false, connected: false, path: /storage/sdcard1
D/StorageNotification( 1083): isAbleToShare - length:3
D/StorageNotification( 1083): isAbleToShare - allowMassStorage:falseisEmulated:true
D/StorageNotification( 1083): isAbleToShare - allowMassStorage:falseisEmulated:true
D/StorageNotification( 1083): isAbleToShare - allowMassStorage:trueisEmulated:false
D/StorageNotification( 1083): isAbleToShare - /storage/sdcard1 @ mounted
D/StorageNotification( 1083): isAbleToShare - allowedShareNum:1
D/StorageNotification( 1083): updateUsbMassStorageNotification - isStorageCanShared=true,available=false
D/VoldConnector(  828): SND -> {377 volume shared /storage/sdcard1 ums}
D/FrameworkListener(  301): dispatchCommand data = (377 volume shared /storage/sdcard1 ums)
D/VoldCmdListener(  301): volume shared /storage/sdcard1 ums
D/VoldConnector(  828): RCV <- {212 377 Share disabled}
D/VoldConnector(  828): RMV <- {212 377 Share disabled}
D/StorageNotification( 1083): updateUsbMassStorageNotification - [false]
D/StorageNotification( 1083): setUsbStorageNotification - visible: {false}
D/StorageNotification( 1083): setUsbStorageNotification - mIsLastVisible: false
D/StorageNotification( 1083): onUsbMassStorageConnectionChangedAsync - Disconnect
D/StorageNotification( 1083): onUsbMassStorageConnectionChangedAsync - mLastConnected: false
D/DeviceStateService(  828): doCheckState handle=3
D/DeviceStateService(  828): doCheckState handle=4
D/DeviceStateService(  828): doCheckState handle=3
D/DeviceStateService(  828): doCheckState handle=4
I/MtpStorage(31411): MtpStorage id: 0x00010001 path: /storage/emulated/0
D/MtpServer(31411): void android::MtpServer::addStorage(android::MtpStorage*), storage->getStorageID() = 0x10001 
E/MtpServer(31411): void android::MtpServer::sendEvent(android::MtpEventCode, uint32_t): Without OpenSession to send event code = 0x4004, 
D/MtpServer(31411): void android::MtpServer::addStorage(android::MtpStorage*), mStorages.size = 1 
I/MtpStorage(31411): MtpStorage id: 0x00020001 path: /storage/sdcard1
D/MtpServer(31411): void android::MtpServer::addStorage(android::MtpStorage*), storage->getStorageID() = 0x20001 
E/MtpServer(31411): void android::MtpServer::sendEvent(android::MtpEventCode, uint32_t): Without OpenSession to send event code = 0x4004, 
D/MtpServer(31411): void android::MtpServer::addStorage(android::MtpStorage*), mStorages.size = 2 
E/MtpServer(31411): MtpServer::run mFD: 37
E/MtpServer(31411): void android::MtpServer::sendEvent(android::MtpEventCode, uint32_t): Without OpenSession to send event code = 0x4006, 
E/MtpServer(31411): MtpServer::run mFD: 37
E/MtpServer(31411): MtpServer::run mFD: 37
E/MtpServer(31411): MtpServer::run mFD: 37
E/MtpServer(31411): MtpServer::run mFD: 37
E/MtpServer(31411): MtpServer::run mFD: 37
E/MtpServer(31411): MtpServer::run mFD: 37
E/MtpServer(31411): MtpServer::run mFD: 37
E/MtpServer(31411): MtpServer::run mFD: 37
E/MtpServer(31411): MtpServer::run mFD: 37
E/MtpServer(31411): MtpServer::run mFD: 37
E/MtpServer(31411): MtpServer::run mFD: 37
E/MtpServer(31411): MtpServer::run mFD: 37
E/MtpServer(31411): MtpServer::run mFD: 37
E/MtpServer(31411): MtpServer::run mFD: 37
E/MtpServer(31411): MtpServer::run mFD: 37
E/MtpServer(31411): MtpServer::run mFD: 37
E/MtpServer(31411): MtpServer::run mFD: 37
E/MtpServer(31411): MtpServer::run mFD: 37
E/MtpServer(31411): MtpServer::run mFD: 37
E/MtpServer(31411): MtpServer::run mFD: 37
E/MtpServer(31411): MtpServer::run mFD: 37
E/MtpServer(31411): MtpServer::run mFD: 37
E/MtpServer(31411): MtpServer::run mFD: 37
E/MtpServer(31411): MtpServer::run mFD: 37
E/MtpServer(31411): MtpServer::run mFD: 37
E/MtpServer(31411): MtpServer::run mFD: 37
E/MtpServer(31411): MtpServer::run mFD: 37
E/MtpServer(31411): MtpServer::run mFD: 37
E/MtpServer(31411): MtpServer::run mFD: 37
D/MtpServer(31411): doGetStorageIDs: mStorageCount = 2
E/MtpServer(31411): MtpServer::run mFD: 37
D/MtpServer(31411): doGetStorageInfo: storage id = 0x10001
D/MtpServer(31411): doGetStorageInfo: storage type = 0x3
D/MtpServer(31411): doGetStorageInfo: storage file system type = 0x2
I/MtpStorage(31411): MtpStorage::getMaxCapacity: mMaxCapacity = 12660170752 
I/MtpStorage(31411): MtpStorage::getFreeSpace: freeSpace = 309567488,  mReserveSpace = 10485760 
E/MtpServer(31411): MtpServer::run mFD: 37
D/MtpServer(31411): doGetStorageInfo: storage id = 0x20001
D/MtpServer(31411): doGetStorageInfo: storage type = 0x4
D/MtpServer(31411): doGetStorageInfo: storage file system type = 0x2
I/MtpStorage(31411): MtpStorage::getMaxCapacity: mMaxCapacity = 7931396096 
I/MtpStorage(31411): MtpStorage::getFreeSpace: freeSpace = 5371985920,  mReserveSpace = 0 
E/MtpServer(31411): MtpServer::run mFD: 37
D/MtpServer(31411): android::MtpResponseCode android::MtpServer::doGetObjectHandles(): storageID = 0x10001, format = 0x0, parent = 0xffffffff
E/MtpDatabase(31411): createObjectQuery: mSubDirectoriesWhere = null
E/MtpServer(31411): MtpServer::run mFD: 37
E/MtpServer(31411): MtpServer::run mFD: 37
E/MtpServer(31411): MtpServer::run mFD: 37
E/MtpServer(31411): MtpServer::run mFD: 37
E/MtpServer(31411): MtpServer::run mFD: 37
E/MtpServer(31411): MtpServer::run mFD: 37
E/MtpServer(31411): MtpServer::run mFD: 37
E/MtpServer(31411): MtpServer::run mFD: 37
E/MtpServer(31411): MtpServer::run mFD: 37
E/MtpServer(31411): MtpServer::run mFD: 37
E/MtpServer(31411): MtpServer::run mFD: 37
E/MtpServer(31411): MtpServer::run mFD: 37
E/MtpServer(31411): MtpServer::run mFD: 37
E/MtpServer(31411): MtpServer::run mFD: 37
E/MtpServer(31411): MtpServer::run mFD: 37
E/MtpServer(31411): MtpServer::run mFD: 37
E/MtpServer(31411): MtpServer::run mFD: 37
E/MtpServer(31411): MtpServer::run mFD: 37
E/MtpServer(31411): MtpServer::run mFD: 37
E/MtpServer(31411): MtpServer::run mFD: 37
E/MtpServer(31411): MtpServer::run mFD: 37
E/MtpServer(31411): MtpServer::run mFD: 37
E/MtpServer(31411): MtpServer::run mFD: 37
E/MtpServer(31411): MtpServer::run mFD: 37
E/MtpServer(31411): MtpServer::run mFD: 37
E/MtpServer(31411): MtpServer::run mFD: 37
E/MtpServer(31411): MtpServer::run mFD: 37
D/MtpDatabase_JNI(31411): virtual android::MtpResponseCode MyMtpDatabase::getObjectPropertyList(android::MtpObjectHandle, uint32_t, uint32_t, int, int, android::MtpDataPacket&): handle = 0x1, count = 1
D/MtpDatabase_JNI(31411): virtual android::MtpResponseCode MyMtpDatabase::getObjectPropertyList(android::MtpObjectHandle, uint32_t, uint32_t, int, int, android::MtpDataPacket&) result: 0x2001 
E/MtpServer(31411): MtpServer::run mFD: 37
E/MtpServer(31411): MtpServer::run mFD: 37
E/MtpServer(31411): MtpServer::run mFD: 37
E/MtpServer(31411): MtpServer::run mFD: 37
D/MtpDatabase_JNI(31411): virtual android::MtpResponseCode MyMtpDatabase::getObjectPropertyList(android::MtpObjectHandle, uint32_t, uint32_t, int, int, android::MtpDataPacket&): handle = 0x1, count = 11
D/MtpDatabase_JNI(31411): virtual android::MtpResponseCode MyMtpDatabase::getObjectPropertyList(android::MtpObjectHandle, uint32_t, uint32_t, int, int, android::MtpDataPacket&) result: 0x2001 
E/MtpServer(31411): MtpServer::run mFD: 37
D/MtpDatabase_JNI(31411): virtual android::MtpResponseCode MyMtpDatabase::getObjectPropertyList(android::MtpObjectHandle, uint32_t, uint32_t, int, int, android::MtpDataPacket&): handle = 0x3, count = 1
D/MtpDatabase_JNI(31411): virtual android::MtpResponseCode MyMtpDatabase::getObjectPropertyList(android::MtpObjectHandle, uint32_t, uint32_t, int, int, android::MtpDataPacket&) result: 0x2001 
E/MtpServer(31411): MtpServer::run mFD: 37
D/MtpDatabase_JNI(31411): virtual android::MtpResponseCode MyMtpDatabase::getObjectPropertyList(android::MtpObjectHandle, uint32_t, uint32_t, int, int, android::MtpDataPacket&): handle = 0x3, count = 11
D/MtpDatabase_JNI(31411): virtual android::MtpResponseCode MyMtpDatabase::getObjectPropertyList(android::MtpObjectHandle, uint32_t, uint32_t, int, int, android::MtpDataPacket&) result: 0x2001 
E/MtpServer(31411): MtpServer::run mFD: 37
D/MtpDatabase_JNI(31411): virtual android::MtpResponseCode MyMtpDatabase::getObjectPropertyList(android::MtpObjectHandle, uint32_t, uint32_t, int, int, android::MtpDataPacket&): handle = 0x4, count = 1
D/MtpDatabase_JNI(31411): virtual android::MtpResponseCode MyMtpDatabase::getObjectPropertyList(android::MtpObjectHandle, uint32_t, uint32_t, int, int, android::MtpDataPacket&) result: 0x2001 
E/MtpServer(31411): MtpServer::run mFD: 37
D/MtpDatabase_JNI(31411): virtual android::MtpResponseCode MyMtpDatabase::getObjectPropertyList(android::MtpObjectHandle, uint32_t, uint32_t, int, int, android::MtpDataPacket&): handle = 0x4, count = 11
D/MtpDatabase_JNI(31411): virtual android::MtpResponseCode MyMtpDatabase::getObjectPropertyList(android::MtpObjectHandle, uint32_t, uint32_t, int, int, android::MtpDataPacket&) result: 0x2001 
E/MtpServer(31411): MtpServer::run mFD: 37
D/MtpDatabase_JNI(31411): virtual android::MtpResponseCode MyMtpDatabase::getObjectPropertyList(android::MtpObjectHandle, uint32_t, uint32_t, int, int, android::MtpDataPacket&): handle = 0x5, count = 1
D/MtpDatabase_JNI(31411): virtual android::MtpResponseCode MyMtpDatabase::getObjectPropertyList(android::MtpObjectHandle, uint32_t, uint32_t, int, int, android::MtpDataPacket&) result: 0x2001 
E/MtpServer(31411): MtpServer::run mFD: 37
D/MtpDatabase_JNI(31411): virtual android::MtpResponseCode MyMtpDatabase::getObjectPropertyList(android::MtpObjectHandle, uint32_t, uint32_t, int, int, android::MtpDataPacket&): handle = 0x5, count = 11
D/MtpDatabase_JNI(31411): virtual android::MtpResponseCode MyMtpDatabase::getObjectPropertyList(android::MtpObjectHandle, uint32_t, uint32_t, int, int, android::MtpDataPacket&) result: 0x2001 
E/MtpServer(31411): MtpServer::run mFD: 37
D/MtpDatabase_JNI(31411): virtual android::MtpResponseCode MyMtpDatabase::getObjectPropertyList(android::MtpObjectHandle, uint32_t, uint32_t, int, int, android::MtpDataPacket&): handle = 0x6, count = 1
D/MtpDatabase_JNI(31411): virtual android::MtpResponseCode MyMtpDatabase::getObjectPropertyList(android::MtpObjectHandle, uint32_t, uint32_t, int, int, android::MtpDataPacket&) result: 0x2001 
E/MtpServer(31411): MtpServer::run mFD: 37
D/MtpDatabase_JNI(31411): virtual android::MtpResponseCode MyMtpDatabase::getObjectPropertyList(android::MtpObjectHandle, uint32_t, uint32_t, int, int, android::MtpDataPacket&): handle = 0x6, count = 11
D/MtpDatabase_JNI(31411): virtual android::MtpResponseCode MyMtpDatabase::getObjectPropertyList(android::MtpObjectHandle, uint32_t, uint32_t, int, int, android::MtpDataPacket&) result: 0x2001 
E/MtpServer(31411): MtpServer::run mFD: 37
D/MtpDatabase_JNI(31411): virtual android::MtpResponseCode MyMtpDatabase::getObjectPropertyList(android::MtpObjectHandle, uint32_t, uint32_t, int, int, android::MtpDataPacket&): handle = 0x8, count = 1
D/MtpDatabase_JNI(31411): virtual android::MtpResponseCode MyMtpDatabase::getObjectPropertyList(android::MtpObjectHandle, uint32_t, uint32_t, int, int, android::MtpDataPacket&) result: 0x2001 
E/MtpServer(31411): MtpServer::run mFD: 37
D/MtpDatabase_JNI(31411): virtual android::MtpResponseCode MyMtpDatabase::getObjectPropertyList(android::MtpObjectHandle, uint32_t, uint32_t, int, int, android::MtpDataPacket&): handle = 0x8, count = 11
D/MtpDatabase_JNI(31411): virtual android::MtpResponseCode MyMtpDatabase::getObjectPropertyList(android::MtpObjectHandle, uint32_t, uint32_t, int, int, android::MtpDataPacket&) result: 0x2001 
E/MtpServer(31411): MtpServer::run mFD: 37
I/ActivityManager(  828): Enqueueing broadcast android.intent.action.MEDIA_SCANNER_FINISHED
I/ActivityManager(  828): Enqueueing broadcast android.intent.action.MEDIA_SCANNER_STARTED
D/FrameworkListener(  322): dispatchCommand data = (getaddrinfo android.rqd.qq.com ^ 1024 0 1 0 0)
W/ActivityManager(  828): getRunningAppProcesses: caller 10102 does not hold REAL_GET_TASKS; limiting output
I/thermal_repeater(  349): oh, queryMdThermalInfo (0)Bad file number
I/thermal_repeater(  349): [recvMdThermalInfo] ret=5, strLen=127, ERROR
W/ActivityManager(  828): getRunningAppProcesses: caller 10082 does not hold REAL_GET_TASKS; limiting output
D/PowerManagerService(  828): getWakeLockDataInternal: wake Locks: size=1
D/PowerManagerService(  828):  mFlags=1 mTag = MediaScannerService PackageName = 'com.android.providers.media' (uid=10010, pid=31411, ws=null)
D/CSLegacyTypeTracker(  828): getNetworkForType type 0
D/CSLegacyTypeTracker(  828): getNetworkForType type 1
D/CSLegacyTypeTracker(  828): getNetworkForType type 2
D/CSLegacyTypeTracker(  828): getNetworkForType type 3
D/CSLegacyTypeTracker(  828): getNetworkForType type 4
D/CSLegacyTypeTracker(  828): getNetworkForType type 5
D/CSLegacyTypeTracker(  828): getNetworkForType type 7
D/CSLegacyTypeTracker(  828): getNetworkForType type 10
D/CSLegacyTypeTracker(  828): getNetworkForType type 11
D/CSLegacyTypeTracker(  828): getNetworkForType type 12
D/CSLegacyTypeTracker(  828): getNetworkForType type 14
D/CSLegacyTypeTracker(  828): getNetworkForType type 15
D/CSLegacyTypeTracker(  828): getNetworkForType type 17
D/CSLegacyTypeTracker(  828): getNetworkForType type 34
D/CSLegacyTypeTracker(  828): getNetworkForType type 35
D/CSLegacyTypeTracker(  828): getNetworkForType type 36
D/CSLegacyTypeTracker(  828): getNetworkForType type 37
D/CSLegacyTypeTracker(  828): getNetworkForType type 38
D/CSLegacyTypeTracker(  828): getNetworkForType type 40
D/CSLegacyTypeTracker(  828): getNetworkForType type 41
D/CSLegacyTypeTracker(  828): getNetworkForType type 49
D/ActivityManager(  828): Freeze: not process start because not in condition
D/ActivityManager(  828): Freeze: not process binding because null app
V/AlarmManager(  828): isAlarmNeedAlign : charging
D/PowerManagerService(  828): getWakeLockDataInternal: wake Locks: size=1
D/PowerManagerService(  828):  mFlags=1 mTag = MediaScannerService PackageName = 'com.android.providers.media' (uid=10010, pid=31411, ws=null)
I/thermal_repeater(  349): oh, queryMdThermalInfo (0)Bad file number
I/thermal_repeater(  349): [recvMdThermalInfo] ret=5, strLen=127, ERROR
D/CSLegacyTypeTracker(  828): getNetworkForType type 1
D/FrameworkListener(  322): dispatchCommand data = (getaddrinfo mclean.f.360.cn ^ 1024 0 1 0 0)
D/CSLegacyTypeTracker(  828): getNetworkForType type 1
D/DisplayManagerService(  828): Display listener for pid 1544 died.
I/ActivityManager(  828): Process com.mediatek.mtklogger (pid 1544) has died
D/FrameworkListener(  322): dispatchCommand data = (getaddrinfo bro.flyme.cn ^ 1024 0 1 0 0)
I/PackageManager(  828): init_copy idx=0: InstallParams{b7ecff6 file=/data/local/tmp/yong.tank cid=null}
D/ActivityManager(  828): Freeze: not process binding because null app
I/PackageManager(  828): mcs_bound
I/PackageManager(  828): startCopy UserHandle{-1}: InstallParams{b7ecff6 file=/data/local/tmp/yong.tank cid=null}
D/DefContainer(32021): Copying /data/local/tmp/yong.tank to base.apk
I/PackageManager(  828): Apk copy done
D/PackageManager(  828): installPackageLI: path=/data/app/vmdl2998993.tmp
I/PackageManager(  828): Start parsing apk: null
I/PackageManager(  828): Parsing done for apk: null
D/PackageManager(  828): manifestDigest was not present, but parser got: ManifestDigest {mDigest=fa,e4,d0,bc,c8,fb,fc,eb,69,14,81,a5,0e,49,92,78,59,c8,e6,02,a9,14,1e,e3,35,b0,81,3a,ee,71,5f,9f,}
D/PackageManager(  828): Replace existing pacakge: yong.tank
D/PackageManager(  828): Existing package: PackageSetting{3d35aa8 yong.tank/10153}
I/PackageManager(  828): Start installation for package: null
D/PackageManager(  828): replacePackageLI: new=Package{3570c30b yong.tank}, old=Package{340ba6f0 yong.tank}
D/PackageManager(  828): replaceNonSystemPackageLI: new=Package{3570c30b yong.tank}, old=Package{340ba6f0 yong.tank}
I/ActivityManager(  828): Force stopping yong.tank appid=10153 user=-1: uninstall pkg
I/thermal_repeater(  349): oh, queryMdThermalInfo (0)Bad file number
I/thermal_repeater(  349): [recvMdThermalInfo] ret=5, strLen=127, ERROR
I/PackageManager(  828): args=com.android.server.pm.PackageManagerService$FileInstallArgs@1f295e8
I/PackageManager(  828): Package yong.tank codePath changed from /data/app/yong.tank-2 to /data/app/yong.tank-1; Retaining data and using new
I/PackageManager(  828): Linking native library dir for /data/app/yong.tank-1
I/PackageManager(  828): Perform pre-dex opt for package: yong.tank
I/PackageManager(  828): Running dexopt on: /data/app/yong.tank-1/base.apk pkg=yong.tank isa=arm64 vmSafeMode=false
I/PackageManager(  828): Dexopt done on: yong.tank
W/PackageManager(  828): Code path for pkg : yong.tank changing from /data/app/yong.tank-2 to /data/app/yong.tank-1
W/PackageManager(  828): Resource path for pkg : yong.tank changing from /data/app/yong.tank-2 to /data/app/yong.tank-1
I/ActivityManager(  828): Force stopping yong.tank appid=10153 user=-1: update pkg
D/PackageManager(  828): New package installed in /data/app/yong.tank-1
I/PackageManager(  828): Installation done for package: null
I/PackageManager(  828): mcs_check
I/PackageManager(  828): mcs_check(true, 1)
I/ActivityManager(  828): Force stopping yong.tank appid=10153 user=0: pkg removed
I/ActivityManager(  828): Enqueueing broadcast android.intent.action.PACKAGE_REMOVED
W/ActivityManager(  828): Skipping broadcast of Intent { act=android.intent.action.PACKAGE_REMOVED dat=package:yong.tank flg=0x4000010 (has extras) }: user 10 is stopped
I/ActivityManager(  828): Enqueueing broadcast android.intent.action.PACKAGE_ADDED
D/ConnectivityService(  828): onUidRulesChanged(uid=10153, uidRules=0)
W/ActivityManager(  828): Skipping broadcast of Intent { act=android.intent.action.PACKAGE_ADDED dat=package:yong.tank flg=0x4000010 (has extras) }: user 10 is stopped
I/ActivityManager(  828): Enqueueing broadcast android.intent.action.PACKAGE_REPLACED
W/ActivityManager(  828): Skipping broadcast of Intent { act=android.intent.action.PACKAGE_REPLACED dat=package:yong.tank flg=0x4000010 (has extras) }: user 10 is stopped
W/ActivityManager(  828): Skipping broadcast of Intent { act=android.intent.action.MY_PACKAGE_REPLACED flg=0x4000010 pkg=yong.tank (has extras) }: user 10 is stopped
W/ContextImpl( 1687): Calling a method in the system process without a qualified user: android.app.ContextImpl.startService:1875 android.content.ContextWrapper.startService:516 com.aliyun.ams.secure.service.p.a:-1 com.aliyun.ams.secure.service.a.b:-1 com.aliyun.Security.Manager.b.c.b:-1 
D/ActivityManager(  828): Freeze: not process start because not in condition
W/ContextImpl( 1687): Calling a method in the system process without a qualified user: android.app.ContextImpl.startService:1875 android.content.ContextWrapper.startService:516 com.aliyun.ams.secure.service.p.a:-1 com.aliyun.ams.secure.service.a.a:-1 com.aliyun.Security.Manager.b.c.a:-1 
W/ContextImpl( 1687): Calling a method in the system process without a qualified user: android.app.ContextImpl.startService:1875 android.content.ContextWrapper.startService:516 com.aliyun.ams.secure.service.p.a:-1 com.aliyun.ams.secure.service.q.a:-1 com.aliyun.Security.Manager.b.c.a:-1 
D/FrameworkListener(  322): dispatchCommand data = (getaddrinfo update.avlyun.com ^ 1024 0 1 0 0)
I/AppWidgetServiceImpl(  828): Received broadcast: android.intent.action.PACKAGE_REMOVED
D/JobSchedulerService(  828): Receieved: android.intent.action.PACKAGE_REMOVED
D/NetdConnector(  828): SND -> {2887 network permission user clear 1010153 10153}
D/FrameworkListener(  322): dispatchCommand data = (2887 network permission user clear 1010153 10153)
D/NetdConnector(  828): RCV <- {200 2887 success}
D/NetdConnector(  828): RMV <- {200 2887 success}
W/VoiceInteractionManagerService(  828): no available voice recognition services found for user 0
V/AlarmManager(  828): isAlarmNeedAlign : charging
D/AlarmManager(  828): set alarm to RTC 3-137416854-22:02:00
D/AlarmManager(  828): sending alarm Alarm{31bcdd8 type 3 when 22:01:48 start 22:01:48 end 22:01:48 com.tencent.mm}and operation:com.tencent.mm.TrafficStatsReceiver
I/ActivityManager(  828): Enqueueing broadcast com.tencent.mm.TrafficStatsReceiver
I/ActivityManager(  828): START u0 {act=android.intent.action.MAIN cat=[android.intent.category.LAUNCHER] flg=0x10000000 cmp=yong.tank/.Title.View.MainActivity} from uid 2000 on display 0 from pid 2025
D/MtpServer(31411): void android::MtpServer::sendEvent(android::MtpEventCode, uint32_t): MtpEventCode code = 0x4002, 
D/MtpDatabase_JNI(31411): virtual android::MtpResponseCode MyMtpDatabase::getObjectPropertyList(android::MtpObjectHandle, uint32_t, uint32_t, int, int, android::MtpDataPacket&): handle = 0xcafc6, count = 1
D/MtpDatabase_JNI(31411): virtual android::MtpResponseCode MyMtpDatabase::getObjectPropertyList(android::MtpObjectHandle, uint32_t, uint32_t, int, int, android::MtpDataPacket&) result: 0x2001 
E/MtpServer(31411): MtpServer::run mFD: 37
E/MtpServer(31411): MtpServer::run mFD: 37
E/MtpServer(31411): MtpServer::run mFD: 37
E/MtpServer(31411): MtpServer::run mFD: 37
E/MtpServer(31411): MtpServer::run mFD: 37
E/MtpServer(31411): MtpServer::run mFD: 37
D/MtpDatabase_JNI(31411): virtual android::MtpResponseCode MyMtpDatabase::getObjectPropertyList(android::MtpObjectHandle, uint32_t, uint32_t, int, int, android::MtpDataPacket&): handle = 0xcafc6, count = 11
D/MtpDatabase_JNI(31411): virtual android::MtpResponseCode MyMtpDatabase::getObjectPropertyList(android::MtpObjectHandle, uint32_t, uint32_t, int, int, android::MtpDataPacket&) result: 0x2001 
E/MtpServer(31411): MtpServer::run mFD: 37
D/MtpDatabase_JNI(31411): virtual android::MtpResponseCode MyMtpDatabase::getObjectPropertyList(android::MtpObjectHandle, uint32_t, uint32_t, int, int, android::MtpDataPacket&): handle = 0x343aa, count = 1
D/MtpDatabase_JNI(31411): virtual android::MtpResponseCode MyMtpDatabase::getObjectPropertyList(android::MtpObjectHandle, uint32_t, uint32_t, int, int, android::MtpDataPacket&) result: 0x2001 
E/MtpServer(31411): MtpServer::run mFD: 37
E/MtpServer(31411): MtpServer::run mFD: 37
E/MtpServer(31411): MtpServer::run mFD: 37
D/MtpDatabase_JNI(31411): virtual android::MtpResponseCode MyMtpDatabase::getObjectPropertyList(android::MtpObjectHandle, uint32_t, uint32_t, int, int, android::MtpDataPacket&): handle = 0x343aa, count = 11
I/ActivityManager(  828): Enqueueing broadcast android.intent.action.MEDIA_SCANNER_FINISHED
D/MtpDatabase_JNI(31411): virtual android::MtpResponseCode MyMtpDatabase::getObjectPropertyList(android::MtpObjectHandle, uint32_t, uint32_t, int, int, android::MtpDataPacket&) result: 0x2001 
E/MtpServer(31411): MtpServer::run mFD: 37
D/MtpDatabase_JNI(31411): virtual android::MtpResponseCode MyMtpDatabase::getObjectPropertyList(android::MtpObjectHandle, uint32_t, uint32_t, int, int, android::MtpDataPacket&): handle = 0x46f6, count = 1
D/MtpDatabase_JNI(31411): virtual android::MtpResponseCode MyMtpDatabase::getObjectPropertyList(android::MtpObjectHandle, uint32_t, uint32_t, int, int, android::MtpDataPacket&) result: 0x2001 
E/MtpServer(31411): MtpServer::run mFD: 37
D/MtpDatabase_JNI(31411): virtual android::MtpResponseCode MyMtpDatabase::getObjectPropertyList(android::MtpObjectHandle, uint32_t, uint32_t, int, int, android::MtpDataPacket&): handle = 0x46f6, count = 11
D/MtpDatabase_JNI(31411): virtual android::MtpResponseCode MyMtpDatabase::getObjectPropertyList(android::MtpObjectHandle, uint32_t, uint32_t, int, int, android::MtpDataPacket&) result: 0x2001 
E/MtpServer(31411): MtpServer::run mFD: 37
D/MtpDatabase_JNI(31411): virtual android::MtpResponseCode MyMtpDatabase::getObjectPropertyList(android::MtpObjectHandle, uint32_t, uint32_t, int, int, android::MtpDataPacket&): handle = 0x20f9, count = 1
D/MtpDatabase_JNI(31411): virtual android::MtpResponseCode MyMtpDatabase::getObjectPropertyList(android::MtpObjectHandle, uint32_t, uint32_t, int, int, android::MtpDataPacket&) result: 0x2001 
E/MtpServer(31411): MtpServer::run mFD: 37
I/ActivityManager(  828): Enqueueing broadcast android.intent.action.MEDIA_SCANNER_STARTED
D/MtpDatabase_JNI(31411): virtual android::MtpResponseCode MyMtpDatabase::getObjectPropertyList(android::MtpObjectHandle, uint32_t, uint32_t, int, int, android::MtpDataPacket&): handle = 0x20f9, count = 11
D/MtpDatabase_JNI(31411): virtual android::MtpResponseCode MyMtpDatabase::getObjectPropertyList(android::MtpObjectHandle, uint32_t, uint32_t, int, int, android::MtpDataPacket&) result: 0x2001 
E/MtpServer(31411): MtpServer::run mFD: 37
D/MtpDatabase_JNI(31411): virtual android::MtpResponseCode MyMtpDatabase::getObjectPropertyList(android::MtpObjectHandle, uint32_t, uint32_t, int, int, android::MtpDataPacket&): handle = 0x9, count = 1
D/MtpDatabase_JNI(31411): virtual android::MtpResponseCode MyMtpDatabase::getObjectPropertyList(android::MtpObjectHandle, uint32_t, uint32_t, int, int, android::MtpDataPacket&) result: 0x2001 
E/MtpServer(31411): MtpServer::run mFD: 37
D/MtpDatabase_JNI(31411): virtual android::MtpResponseCode MyMtpDatabase::getObjectPropertyList(android::MtpObjectHandle, uint32_t, uint32_t, int, int, android::MtpDataPacket&): handle = 0x9, count = 11
D/MtpDatabase_JNI(31411): virtual android::MtpResponseCode MyMtpDatabase::getObjectPropertyList(android::MtpObjectHandle, uint32_t, uint32_t, int, int, android::MtpDataPacket&) result: 0x2001 
E/MtpServer(31411): MtpServer::run mFD: 37
V/NetworkStats(  828): setKernelCounterSet uid=10153 set=1
D/ConnectivityService(  828): onUidRulesChanged(uid=10153, uidRules=0)
V/NetworkStats(  828): setKernelCounterSet uid=10014 set=0
D/ConnectivityService(  828): onUidRulesChanged(uid=10014, uidRules=0)
I/AppWidgetServiceImpl(  828): getInstalledProvidersForProfiles() 0
D/ActivityManager(  828): Freeze: not process start because not in condition
W/ActivityManager(  828): Skip forceProcessStateUpTo() to newState 8
W/ContextImpl( 2092): Calling a method in the system process without a qualified user: android.app.ContextImpl.startService:1875 android.content.ContextWrapper.startService:516 android.content.ContextWrapper.startService:516 com.android.keychain.KeyChainBroadcastReceiver.onReceive:12 android.app.ActivityThread.handleReceiver:2945 
D/ActivityManager(  828): Freeze: not process start because not in condition
W/ActivityManager(  828): Skip forceProcessStateUpTo() to newState 8
I/AppWidgetServiceImpl(  828): Received broadcast: android.intent.action.PACKAGE_ADDED
W/ActivityManager(  828): getRunningAppProcesses: caller 10102 does not hold REAL_GET_TASKS; limiting output
W/ActivityManager(  828): getRunningAppProcesses: caller 10102 does not hold REAL_GET_TASKS; limiting output
W/ActivityManager(  828): getRunningAppProcesses: caller 10102 does not hold REAL_GET_TASKS; limiting output
D/ActivityManager(  828): Freeze: not process binding because null app
D/WifiService(  828): getWifiServiceMessenger, pid:2118, uid:10102
D/WifiService(  828): New client listening to asynchronous messages
I/ActivityManager(  828): Enqueueing broadcast com.tencent.mobileqq.msf.startmsf
D/CSLegacyTypeTracker(  828): getNetworkForType type 1
D/CSLegacyTypeTracker(  828): getNetworkForType type 0
W/ActivityManager(  828): getRunningAppProcesses: caller 10102 does not hold REAL_GET_TASKS; limiting output
W/ActivityManager(  828): getRunningAppProcesses: caller 10102 does not hold REAL_GET_TASKS; limiting output
D/ActivityManager(  828): Freeze: not process start because not in condition
D/FrameworkListener(  322): dispatchCommand data = (getaddrinfo safe.meizu.com ^ 1024 0 1 0 0)
D/FrameworkListener(  322): dispatchCommand data = (getaddrinfo safe.meizu.com ^ 1024 0 1 0 0)
D/FrameworkListener(  322): dispatchCommand data = (getaddrinfo safe.meizu.com ^ 1024 0 1 0 0)
D/FrameworkListener(  322): dispatchCommand data = (getaddrinfo safe.meizu.com ^ 1024 0 1 0 0)
W/ActivityManager(  828): getTasks: caller 10102 does not hold REAL_GET_TASKS; limiting output
W/ActivityManager(  828): getTasks: caller 10102 does not hold REAL_GET_TASKS; limiting output
W/ActivityManager(  828): getTasks: caller 10102 does not hold REAL_GET_TASKS; limiting output
W/ActivityManager(  828): getTasks: caller 10102 does not hold REAL_GET_TASKS; limiting output
D/ActivityManager(  828): Freeze: not process start because not in condition
W/ActivityManager(  828): getRunningAppProcesses: caller 10102 does not hold REAL_GET_TASKS; limiting output
D/FrameworkListener(  322): dispatchCommand data = (getaddrinfo secdaemon.yunos.com ^ 1024 0 1 0 0)
W/ActivityManager(  828): getRunningAppProcesses: caller 10153 does not hold REAL_GET_TASKS; limiting output
V/WindowManager(  828): Rotation changed to 1 from 0, forceApp=0
I/WindowManager(  828):   FREEZE Surface(name=ScreenshotSurface): CREATE, w = 1080, h = 1920, r=0
I/ActivityManager(  828): haltActivityResuming
D/DisplayManagerService(  828): Delivering display event: displayId=0, event=2
V/ActivityManager(  828): Display changed displayId=0
I/ActivityManager(  828): Config changes=480 {1.0 460mcc65535mnc zh_CN ?layoutDir sw360dp w640dp h335dp 480dpi nrml long land finger -keyb/v/h -nav/h s.191}
W/ActivityManager(  828): getRunningAppProcesses: caller 10004 is using old GET_TASKS but privileged; allowing
I/AppWidgetServiceImpl(  828): Received broadcast: android.intent.action.CONFIGURATION_CHANGED
I/AppWidgetServiceImpl(  828): onConfigurationChanged()
W/ActivityManager(  828): getRunningAppProcesses: caller 10086 does not hold REAL_GET_TASKS; limiting output
I/ActivityManager(  828): Enqueueing broadcast com.tencent.mm.plugin.report.service.KVCommCrossProcessReceiver
W/Resources( 1315): Clear boost cache
W/Resources( 1315): Clear boost cache
I/WindowManager(  828): Screen frozen for +375ms due to Window{3edfb1c5 u0 StatusBar}
V/WindowManager(  828): Dismiss!
W/StatusBar( 1083): removeFakeNotificationViews()---removeNotification for unknown pkg: com.aliyun.SecurityCenter
I/WindowManager(  828):   FREEZE Surface(name=ScreenshotSurface): DESTROY
I/ActivityManager(  828): restoreActivityResuming
I/thermal_repeater(  349): oh, queryMdThermalInfo (0)Bad file number
I/thermal_repeater(  349): [recvMdThermalInfo] ret=5, strLen=127, ERROR
D/WifiService(  828): onReceive, action:android.intent.action.BATTERY_CHANGED
D/WifiController(  828): DeviceActiveState{ when=-1ms what=155652 arg1=2 target=com.android.internal.util.StateMachine$SmHandler }
D/WifiController(  828): StaEnabledState{ when=-1ms what=155652 arg1=2 target=com.android.internal.util.StateMachine$SmHandler }
D/WifiController(  828): DefaultState{ when=-1ms what=155652 arg1=2 target=com.android.internal.util.StateMachine$SmHandler }
D/FrameworkListener(  322): dispatchCommand data = (getaddrinfo bro.flyme.cn ^ 1024 0 1 0 0)
I/ActivityManager(  828): Enqueueing broadcast android.intent.action.MEDIA_SCANNER_FINISHED
I/PackageManager(  828): mcs_unbind
I/PackageManager(  828): calling disconnectService()
W/StatusBar( 1083): removeFakeNotificationViews()---removeNotification for unknown pkg: com.aliyun.SecurityCenter
I/ActivityManager(  828): Killing 949:com.android.providers.calendar/u0a5 (adj 15): empty #17
D/DisplayManagerService(  828): Display listener for pid 949 died.
I/thermal_repeater(  349): oh, queryMdThermalInfo (0)Bad file number
I/thermal_repeater(  349): [recvMdThermalInfo] ret=5, strLen=127, ERROR
D/ActivityManager(  828): Freeze: not process binding because null app
I/ActivityManager(  828): START u0 {cmp=yong.tank/.SelectTank.View.SelectActivity (has extras)} from uid 10153 on display 0 from pid 2050
V/WindowManager(  828): Rotation changed to 0 from 1, forceApp=-1
I/WindowManager(  828):   FREEZE Surface(name=ScreenshotSurface): CREATE, w = 1080, h = 1920, r=1
I/ActivityManager(  828): haltActivityResuming
I/ActivityManager(  828): Config changes=480 {1.0 460mcc65535mnc zh_CN ?layoutDir sw360dp w360dp h615dp 480dpi nrml long port finger -keyb/v/h -nav/h s.192}
D/DisplayManagerService(  828): Delivering display event: displayId=0, event=2
V/ActivityManager(  828): Display changed displayId=0
V/WindowAnimator(  828): No window is displayed, unset the SET_ORIENTATION_CHANGE_COMPLETE flag
W/ActivityManager(  828): getRunningAppProcesses: caller 10004 is using old GET_TASKS but privileged; allowing
W/Resources( 1315): Clear boost cache
W/Resources( 1315): Clear boost cache
I/AppWidgetServiceImpl(  828): Received broadcast: android.intent.action.CONFIGURATION_CHANGED
I/AppWidgetServiceImpl(  828): onConfigurationChanged()
V/WindowManager(  828): Rotation changed to 1 from 0, forceApp=0
D/DisplayManagerService(  828): Delivering display event: displayId=0, event=2
V/ActivityManager(  828): Display changed displayId=0
I/ActivityManager(  828): Config changes=480 {1.0 460mcc65535mnc zh_CN ?layoutDir sw360dp w640dp h335dp 480dpi nrml long land finger -keyb/v/h -nav/h s.193}
V/WindowAnimator(  828): No window is displayed, unset the SET_ORIENTATION_CHANGE_COMPLETE flag
W/ActivityManager(  828): getRunningAppProcesses: caller 10004 is using old GET_TASKS but privileged; allowing
W/Resources( 1315): Clear boost cache
W/Resources( 1315): Clear boost cache
I/AppWidgetServiceImpl(  828): Received broadcast: android.intent.action.CONFIGURATION_CHANGED
I/AppWidgetServiceImpl(  828): onConfigurationChanged()
V/WindowAnimator(  828): No window is displayed, unset the SET_ORIENTATION_CHANGE_COMPLETE flag
V/WindowAnimator(  828): No window is displayed, unset the SET_ORIENTATION_CHANGE_COMPLETE flag
V/WindowAnimator(  828): No window is displayed, unset the SET_ORIENTATION_CHANGE_COMPLETE flag
V/WindowAnimator(  828): No window is displayed, unset the SET_ORIENTATION_CHANGE_COMPLETE flag
V/WindowAnimator(  828): No window is displayed, unset the SET_ORIENTATION_CHANGE_COMPLETE flag
V/WindowAnimator(  828): No window is displayed, unset the SET_ORIENTATION_CHANGE_COMPLETE flag
I/WindowManager(  828): Screen frozen for +651ms due to Window{9bd9996 u0 Toast}
V/WindowManager(  828): Dismiss!
I/WindowManager(  828):   FREEZE Surface(name=ScreenshotSurface): DESTROY
I/ActivityManager(  828): restoreActivityResuming
I/ActivityManager(  828): START u0 {cmp=yong.tank/.Game.GameActivity (has extras)} from uid 10153 on display 0 from pid 2050
V/WindowManager(  828): Rotation changed to 0 from 1, forceApp=-1
I/WindowManager(  828):   FREEZE Surface(name=ScreenshotSurface): CREATE, w = 1080, h = 1920, r=1
I/ActivityManager(  828): haltActivityResuming
I/ActivityManager(  828): Config changes=480 {1.0 460mcc65535mnc zh_CN ?layoutDir sw360dp w360dp h615dp 480dpi nrml long port finger -keyb/v/h -nav/h s.194}
D/DisplayManagerService(  828): Delivering display event: displayId=0, event=2
V/ActivityManager(  828): Display changed displayId=0
D/AlarmManager(  828): sending alarm Alarm{63b04e9 type 3 when 22:02:00 start 22:02:00 end 22:02:00 android}and operation:android.intent.action.TIME_TICK
W/ActivityManager(  828): getRunningAppProcesses: caller 10004 is using old GET_TASKS but privileged; allowing
I/ActivityManager(  828): Enqueueing broadcast android.intent.action.TIME_TICK
V/AlarmManager(  828): isAlarmNeedAlign : charging
I/AppWidgetServiceImpl(  828): Received broadcast: android.intent.action.CONFIGURATION_CHANGED
I/AppWidgetServiceImpl(  828): onConfigurationChanged()
W/Resources( 1315): Clear boost cache
W/Resources( 1315): Clear boost cache
V/WindowManager(  828): Rotation changed to 1 from 0, forceApp=0
D/DisplayManagerService(  828): Delivering display event: displayId=0, event=2
V/ActivityManager(  828): Display changed displayId=0
I/ActivityManager(  828): Config changes=480 {1.0 460mcc65535mnc zh_CN ?layoutDir sw360dp w640dp h335dp 480dpi nrml long land finger -keyb/v/h -nav/h s.195}
W/Resources( 1315): Clear boost cache
W/Resources( 1315): Clear boost cache
I/AppWidgetServiceImpl(  828): Received broadcast: android.intent.action.CONFIGURATION_CHANGED
I/AppWidgetServiceImpl(  828): onConfigurationChanged()
W/ActivityManager(  828): getRunningAppProcesses: caller 10004 is using old GET_TASKS but privileged; allowing
I/WindowManager(  828): Screen frozen for +407ms due to Window{236e122b u0 yong.tank/yong.tank.Game.GameActivity}
V/WindowManager(  828): Dismiss!
I/WindowManager(  828):   FREEZE Surface(name=ScreenshotSurface): DESTROY
I/ActivityManager(  828): restoreActivityResuming
I/thermal_repeater(  349): oh, queryMdThermalInfo (0)Bad file number
I/thermal_repeater(  349): [recvMdThermalInfo] ret=5, strLen=127, ERROR
W/Watchdog(  828): SWT Watchdog after wait current time:89119531
W/Watchdog(  828): **Get SF Time **1
W/Watchdog(  828): SWT Watchdog before synchronized:89119531
W/Watchdog(  828): SWT Watchdog after synchronized:89119531
W/Watchdog(  828): SWT Watchdog before wait timeout:30000
W/Watchdog(  828): SWT Watchdog before wait current time:89119531
W/Watchdog(  828): SWT Watchdog before wait start:89119531
W/Watchdog(  828): SWT Watchdog before wait CHECK_INTERVAL:30000
D/WifiService(  828): onReceive, action:android.intent.action.BATTERY_CHANGED
D/WifiController(  828): DeviceActiveState{ when=-6ms what=155652 arg1=2 target=com.android.internal.util.StateMachine$SmHandler }
D/WifiController(  828): StaEnabledState{ when=-6ms what=155652 arg1=2 target=com.android.internal.util.StateMachine$SmHandler }
D/WifiController(  828): DefaultState{ when=-6ms what=155652 arg1=2 target=com.android.internal.util.StateMachine$SmHandler }
D/NetdConnector(  828): SND -> {2888 bandwidth gettetherstats}
D/FrameworkListener(  322): dispatchCommand data = (2888 bandwidth gettetherstats)
D/NetdConnector(  828): RCV <- {200 2888 Tethering stats list completed}
D/NetdConnector(  828): RMV <- {200 2888 Tethering stats list completed}
W/NetworkStatsRecorder(  828): unknown interfaces [ccmni0, lo, p2p0], ignoring those stats
W/NetworkStatsRecorder(  828): unknown interfaces [ccmni0, lo, p2p0], ignoring those stats
W/NetworkStatsRecorder(  828): unknown interfaces [ccmni0, lo, p2p0], ignoring those stats
W/NetworkStatsRecorder(  828): unknown interfaces [ccmni0, lo, p2p0], ignoring those stats
V/NetworkPolicy(  828): ensureActiveMobilePolicyLocked subscriberId(460002143669174)
V/NetworkPolicy(  828):  checking policy:NetworkPolicy[NetworkTemplate: matchRule=MOBILE_ALL, subscriberId=460002..., matchSubscriberIds=[460002...]]: cycleDay=1, cycleTimezone=Asia/Shanghai, warningBytes=-1, limitBytes=-1, lastWarningSnooze=-1, lastLimitSnooze=1473902862124, metered=true, inferred=false
V/NetworkPolicy(  828):  checking policy:NetworkPolicy[NetworkTemplate: matchRule=MOBILE_ALL, subscriberId=460011..., matchSubscriberIds=[460011...]]: cycleDay=1, cycleTimezone=Asia/Shanghai, warningBytes=2920502899, limitBytes=2336742515, lastWarningSnooze=-1, lastLimitSnooze=-1, metered=true, inferred=false
V/NetworkPolicy(  828):  checking policy:NetworkPolicy[NetworkTemplate: matchRule=MOBILE_ALL, subscriberId=460018..., matchSubscriberIds=[460018...]]: cycleDay=4, cycleTimezone=Asia/Shanghai, warningBytes=-1, limitBytes=-1, lastWarningSnooze=-1, lastLimitSnooze=-1, metered=true, inferred=true
V/NetworkPolicy(  828):  checking policy:NetworkPolicy[NetworkTemplate: matchRule=MOBILE_ALL, subscriberId=520051..., matchSubscriberIds=[520051...]]: cycleDay=28, cycleTimezone=Asia/Bangkok, warningBytes=-1, limitBytes=-1, lastWarningSnooze=-1, lastLimitSnooze=-1, metered=true, inferred=true
V/NetworkPolicy(  828):  checking policy:NetworkPolicy[NetworkTemplate: matchRule=MOBILE_ALL, subscriberId=520051..., matchSubscriberIds=[520051...]]: cycleDay=1, cycleTimezone=Asia/Bangkok, warningBytes=-1, limitBytes=-1, lastWarningSnooze=-1, lastLimitSnooze=-1, metered=true, inferred=false
I/ActivityManager(  828): Enqueueing broadcast android.com.meizu.safe.provider.SafeWidgetProvider
I/AppWidgetServiceImpl(  828): getAppWidgetIds() 0
I/AppWidgetServiceImpl(  828): updateAppWidgetProvider() 0
W/ActivityManager(  828): getRunningAppProcesses: caller 10102 does not hold REAL_GET_TASKS; limiting output
I/thermal_repeater(  349): oh, queryMdThermalInfo (0)Bad file number
I/thermal_repeater(  349): [recvMdThermalInfo] ret=5, strLen=127, ERROR
D/AlarmManager(  828): set alarm to RTC 2-137514223-22:03:37
D/AlarmManager(  828): set alarm to RTC 3-137425844-22:02:08
D/AlarmManager(  828): sending alarm Alarm{2e4f655d type 2 when 22:02:07 start 22:02:07 end 22:02:07 android}and operation:com.android.server.task.controllers.BatteryController.ACTION_CHARGING_STABLE
I/ActivityManager(  828): Enqueueing broadcast com.android.server.task.controllers.BatteryController.ACTION_CHARGING_STABLE
D/ActivityManager(  828): Freeze: not process binding because null app
D/ActivityManager(  828): Freeze: not process start because not in condition
D/ActivityManager(  828): Freeze: not process bringup because null app
W/JobServiceContext(  828): verifyCallingUid.708..:[ComponentInfo{com.tencent.androidqqmail/com.tencent.qqmail.utilities.schedule.QMJobService},jId=0,u0,R=(-30:29,5:29:30),N=0,C=false,I=false,F=0,P=true(READY)]
W/JobServiceContext(  828): verifyCallingUid. END
I/ActivityManager(  828): [Background Service Priority Adjustment] Process.setProcessGroup to Process.THREAD_GROUP_BG_NONINTERACTIVE, app.pid: 2517
W/ActivityManager(  828): getRunningAppProcesses: caller 10082 does not hold REAL_GET_TASKS; limiting output
W/ActivityManager(  828): getRunningAppProcesses: caller 10082 does not hold REAL_GET_TASKS; limiting output
W/ActivityManager(  828): getRunningAppProcesses: caller 10082 does not hold REAL_GET_TASKS; limiting output
W/ActivityManager(  828): getRunningAppProcesses: caller 10082 does not hold REAL_GET_TASKS; limiting output
W/ActivityManager(  828): getRunningAppProcesses: caller 10082 does not hold REAL_GET_TASKS; limiting output
W/ActivityManager(  828):   Force finishing activity 1 yong.tank/.Game.GameActivity
W/ActivityManager(  828): finishTopRunningActivityLocked , taskNdx is 68, activityNdx is 1
D/AlarmManager(  828): set alarm to RTC 3-137476853-22:03:00
D/AlarmManager(  828): sending alarm Alarm{994e61e type 3 when 22:02:08 start 22:02:08 end 22:02:08 android}and operation:android.content.syncmanager.SYNC_ALARM
I/ActivityManager(  828): Enqueueing broadcast android.content.syncmanager.SYNC_ALARM
V/AlarmManager(  828): isAlarmNeedAlign : charging
I/ActivityManager(  828): Process yong.tank (pid 2050) has died
V/NetworkStats(  828): setKernelCounterSet uid=10153 set=0
D/DisplayManagerService(  828): Display listener for pid 2050 died.
D/ConnectivityService(  828): onUidRulesChanged(uid=10153, uidRules=0)
D/WifiService(  828): getWifiServiceMessenger, pid:2517, uid:10082
D/WifiService(  828): New client listening to asynchronous messages
