I/MTK_FG  (  356): 1.[FGADC_D0] (HW OCV 3829, HW OCV% 39, SW OCV 3810, SW OCV% 32, RTC% 35, VBAT% 21, VBAT 3750, T_avg 20, I 2916, is_charging 0, gap1 100, gap2 10, gap3 10, gap4 3, D0 65, 1:39, plugout 0)
I/MTK_FG  (  356): 1.[FGADC_AQ](FG1% 0, OCV1 0, CAR1 0, FG2% 0, OCV2 0, CAR2 0, Qmax_T_new_0mA 0, Qmax_T_0mAH 3003, T 26, Tavg 26, aging factor1 100, age temp_1 0, age temp_2 0, flag 0)
I/MTK_FG  (  356): 2.[FGADC_AQ](CAR_S -7506, DOD0 39, aging_Q 3003, aging factor_2 100, age_temp1 0, age temp2 0 flag 0)
I/MTK_FG  (  356): 1.[FGADC_CAL] FG_R% 100, FG_V 0, UI% 61, ZCV% 0, CAL gap 20,FG_A% 0, CAR_ACT 0
I/MTK_FG  (  356): 1.[FGADC_Rbat](Rbat_ZCV 273, Rbat_SOC 244, R_b 0, R_w 0 I 0, Iavg 0, ZCV 0, Vbat 0)
I/MTK_FG  (  356): [fg_res] FG_DAEMON_CMD_GET_DURATION_TIME, duration time 10
I/MTK_FG  (  356): FG_DAEMON_CMD_IS_CHARGER_EXIST, fg_charger_exist 1
I/MTK_FG  (  356): FG_DAEMON_CMD_IS_BATTERY_FULL, is_battery_full 0
I/MTK_FG  (  356): FG_DAEMON_CMD_GET_BATTERY_VOLTAGE, fg_voltage 3915
I/MTK_FG  (  356): [fg_res] FG_DAEMON_CMD_GET_SHUTDOWN_GAUGE0, shutdown_gauge0 0
I/MTK_FG  (  356): [fg_res] FG_DAEMON_CMD_GET_SHUTDOWN_GAUGE1_XMINS, shutdown_gauge1_xmins 1
I/MTK_FG  (  356): [fg_res] FG_DAEMON_CMD_GET_SHUTDOWN_GAUGE1_MINS, shutdown_gauge1_mins 60
I/MTK_FG  (  356): [uisoc_shutdown_check] FG 1% + 0(3600) secs shutdown
I/MTK_FG  (  356): [battery_update]soc:61 uisoc:61 uisoc2:61  duraction:10 chr:1:1 batfull:0 shutdown_cond:0 
I/MTK_FG  (  356): UI_SOC==SOC do nothings
I/MTK_FG  (  356): [uisoc_update_uisoc2]pseudoUI=61 ,UI_SOC2=61 ,UI_SOC=61 ,pseudo1=0 pseudo100=100 
I/MTK_FG  (  356): FG_DAEMON_CMD_SET_UI_SOC, soc 61
I/MTK_FG  (  356): FG_DAEMON_CMD_SET_UI_SOC2, soc 61
I/MTK_FG  (  356): FG_DAEMON_CMD_SET_RTC, rtc 61
I/MTK_FG  (  356): shutdown_cond=0 shutdown_cnt=(0), shutdown_cnt_chr=(0),UI_SOC2=61 
I/MTK_FG  (  356): [fg_tracking]battery_tracking_time:460 left:460 type:3 
I/MTK_FG  (  356): waiting FG_DAEMON_CMD_NOTIFY_DAEMON from kernel...
D/ADB_SERVICES(  732):  closing because is_eof=1 r=1 s->fde.force_eof=0
D/ADB_SERVICES(  732): entered. LS(9989) fd=23
D/ADB_SERVICES(  732): create_local_service_socket() name=shell:cat /proc/3063/stat
D/ADB_SERVICES(  732): service_to_fd() name=shell:cat /proc/3063/stat
D/ADB_SERVICES(  732): read_meminfo() mem_free=36884
D/ADB_SERVICES(  732): create_subproc ret_fd=23 pid=3393
D/ADB_SERVICES(  732): LS(9990): bound to 'shell:cat /proc/3063/stat' via 23
D/ADB_SERVICES( 3393): adb: unable to update oom_score_adj
D/ADB_SERVICES(  732):  closing because is_eof=1 r=1 s->fde.force_eof=0
D/ADB_SERVICES(  732): entered. LS(9990) fd=23
D/ADB_SERVICES(  732): create_local_service_socket() name=shell:cat /proc/stat
D/ADB_SERVICES(  732): service_to_fd() name=shell:cat /proc/stat
D/ADB_SERVICES(  732): read_meminfo() mem_free=36832
D/ADB_SERVICES(  732): create_subproc ret_fd=23 pid=3394
D/ADB_SERVICES(  732): LS(9991): bound to 'shell:cat /proc/stat' via 23
D/ADB_SERVICES( 3394): adb: unable to update oom_score_adj
D/ADB_SERVICES(  732):  closing because is_eof=1 r=1 s->fde.force_eof=0
D/ADB_SERVICES(  732): entered. LS(9991) fd=23
D/MSF.C.NetConnTag(32573): netRecv ssoSeq:-1440776968 uin:*6353 cmd:-316037937 -1440776640
D/Q.msg.TroopMsgProxy(32515): insertToList MessageRecord=friendUin:7588senderuin:2055,istroop:1,msgType:-1000,time:1478095394,shmsgseq:1521378
D/SQLiteDatabase(32515): beginTransaction()
D/SQLiteDatabase(32515): endTransaction()
D/SQLiteDatabase(32515): beginTransaction()
D/SQLiteDatabase(32515): endTransaction()
D/ADB_SERVICES(  732): create_local_service_socket() name=shell:cat /proc/net/xt_qtaguid/stats | grep 10153
D/ADB_SERVICES(  732): service_to_fd() name=shell:cat /proc/net/xt_qtaguid/stats | grep 10153
D/ADB_SERVICES(  732): read_meminfo() mem_free=36884
D/ADB_SERVICES(  732): create_subproc ret_fd=23 pid=3395
D/ADB_SERVICES(  732): LS(9992): bound to 'shell:cat /proc/net/xt_qtaguid/stats | grep 10153' via 23
D/ADB_SERVICES( 3395): adb: unable to update oom_score_adj
D/ADB_SERVICES(  732):  closing because is_eof=1 r=-1 s->fde.force_eof=0
D/ADB_SERVICES(  732): entered. LS(9992) fd=23
D/ADB_SERVICES(  732): create_local_service_socket() name=shell:dumpsys iphonesubinfo
D/ADB_SERVICES(  732): service_to_fd() name=shell:dumpsys iphonesubinfo
D/ADB_SERVICES(  732): read_meminfo() mem_free=36744
D/ADB_SERVICES(  732): create_subproc ret_fd=23 pid=3398
D/ADB_SERVICES(  732): LS(9993): bound to 'shell:dumpsys iphonesubinfo' via 23
D/ADB_SERVICES( 3398): adb: unable to update oom_score_adj
D/ADB_SERVICES(  732):  closing because is_eof=1 r=-1 s->fde.force_eof=0
D/ADB_SERVICES(  732): entered. LS(9993) fd=23
D/NetworkController.WifiSignalController( 1083): setActivity: wifiActivity= 3
D/NetworkController.WifiSignalController( 1083): isDirty : false
D/NetworkController.WifiSignalController( 1083): Change in state from: connected=true,enabled=true,level=3,inetCondition=1,iconGroup=IconGroup(Wi-Fi Icons),activityIn=false,activityOut=false,rssi=-56,networkType=null,lastModified=11-02 10:03:11,ssid="5C"enabling=falsedisabling=falseconnecting=false
D/NetworkController.WifiSignalController( 1083): 	to: connected=true,enabled=true,level=3,inetCondition=1,iconGroup=IconGroup(Wi-Fi Icons),activityIn=true,activityOut=true,rssi=-56,networkType=null,lastModified=11-02 10:03:11,ssid="5C"enabling=falsedisabling=falseconnecting=false
D/NetworkController.WifiSignalController( 1083): Wifi notifyListeners: level= 3, wifiActivity= 3
D/SignalClusterView( 1083): setWifiIndicators, visible=true, strengthIcon=2130839039, contentDescription=WLAN
D/SignalClusterView( 1083): apply(5), mMobileVisible= true, mIsAirplaneMode= false
D/SignalClusterView( 1083): apply(), mNetworkType= Type_4G resId= 2130838971
D/NetworkController.WifiSignalController( 1083): Wifi notifyListeners: level= 3, wifiActivity= 3
D/SignalClusterView( 1083): setWifiIndicators, visible=true, strengthIcon=2130839039, contentDescription=WLAN
D/SignalClusterView( 1083): apply(5), mMobileVisible= true, mIsAirplaneMode= false
D/SignalClusterView( 1083): apply(), mNetworkType= Type_4G resId= 2130838971
D/NetworkController.WifiSignalController( 1083): Wifi notifyListeners: level= 3, wifiActivity= 3
D/SignalClusterView( 1083): setWifiIndicators, visible=true, strengthIcon=2130839039, contentDescription=WLAN
D/SignalClusterView( 1083): apply(5), mMobileVisible= true, mIsAirplaneMode= false
D/SignalClusterView( 1083): apply(), mNetworkType= Type_4G resId= 2130838971
D/NetworkController.WifiSignalController( 1083): Wifi notifyListeners: level= 3, wifiActivity= 3
D/SignalClusterView( 1083): setWifiIndicators, visible=true, strengthIcon=2130839039, contentDescription=WLAN
D/ConnectionRateView( 1083): DataConnection: new=true,old=true
D/ConnectionRateView( 1083): DataConnection: new=true,old=true
I/libPerfService(  828): perfDumpAll
I/libPerfService(  828): perfDumpAll - type:6, core:0, big:0, little:0, freq:0, freq_big:0, freq_little:0, gpu:-1
I/SurfaceFlinger(  302): [Built-in Screen (type:0)] fps:0.503823,dur:1984.82,max:1984.82,min:1984.82
D/ADB_SERVICES(  732): create_local_service_socket() name=shell:cat /proc/3063/stat
D/ADB_SERVICES(  732): service_to_fd() name=shell:cat /proc/3063/stat
D/ADB_SERVICES(  732): read_meminfo() mem_free=36744
D/ADB_SERVICES(  732): create_subproc ret_fd=23 pid=3399
D/ADB_SERVICES(  732): LS(9994): bound to 'shell:cat /proc/3063/stat' via 23
D/ADB_SERVICES( 3399): adb: unable to update oom_score_adj
D/ADB_SERVICES(  732):  closing because is_eof=1 r=1 s->fde.force_eof=0
D/ADB_SERVICES(  732): entered. LS(9994) fd=23
D/ADB_SERVICES(  732): create_local_service_socket() name=shell:cat /proc/stat
D/ADB_SERVICES(  732): service_to_fd() name=shell:cat /proc/stat
D/ADB_SERVICES(  732): read_meminfo() mem_free=36744
D/ADB_SERVICES(  732): create_subproc ret_fd=23 pid=3400
D/ADB_SERVICES(  732): LS(9995): bound to 'shell:cat /proc/stat' via 23
D/ADB_SERVICES( 3400): adb: unable to update oom_score_adj
D/ADB_SERVICES(  732):  closing because is_eof=1 r=1 s->fde.force_eof=0
D/ADB_SERVICES(  732): entered. LS(9995) fd=23
D/ADB_SERVICES(  732): create_local_service_socket() name=shell:cat /proc/net/xt_qtaguid/stats | grep 10153
D/ADB_SERVICES(  732): service_to_fd() name=shell:cat /proc/net/xt_qtaguid/stats | grep 10153
D/ADB_SERVICES(  732): read_meminfo() mem_free=36744
D/ADB_SERVICES(  732): create_subproc ret_fd=23 pid=3401
D/ADB_SERVICES(  732): LS(9996): bound to 'shell:cat /proc/net/xt_qtaguid/stats | grep 10153' via 23
D/ADB_SERVICES( 3401): adb: unable to update oom_score_adj
D/ADB_SERVICES(  732):  closing because is_eof=1 r=-1 s->fde.force_eof=0
D/ADB_SERVICES(  732): entered. LS(9996) fd=23
D/ADB_SERVICES(  732): create_local_service_socket() name=shell:cat /proc/3063/stat
D/ADB_SERVICES(  732): service_to_fd() name=shell:cat /proc/3063/stat
D/ADB_SERVICES(  732): read_meminfo() mem_free=36760
D/ADB_SERVICES(  732): create_subproc ret_fd=23 pid=3404
D/ADB_SERVICES(  732): LS(9997): bound to 'shell:cat /proc/3063/stat' via 23
D/ADB_SERVICES( 3404): adb: unable to update oom_score_adj
D/ADB_SERVICES(  732):  closing because is_eof=1 r=1 s->fde.force_eof=0
D/ADB_SERVICES(  732): entered. LS(9997) fd=23
D/ADB_SERVICES(  732): create_local_service_socket() name=shell:cat /proc/stat
D/ADB_SERVICES(  732): service_to_fd() name=shell:cat /proc/stat
D/ADB_SERVICES(  732): read_meminfo() mem_free=36708
D/ADB_SERVICES(  732): create_subproc ret_fd=23 pid=3405
D/ADB_SERVICES(  732): LS(9998): bound to 'shell:cat /proc/stat' via 23
D/ADB_SERVICES( 3405): adb: unable to update oom_score_adj
D/ADB_SERVICES(  732):  closing because is_eof=1 r=-1 s->fde.force_eof=0
D/ADB_SERVICES(  732): entered. LS(9998) fd=23
D/ADB_SERVICES(  732): create_local_service_socket() name=shell:cat /proc/net/xt_qtaguid/stats | grep 10153
D/ADB_SERVICES(  732): service_to_fd() name=shell:cat /proc/net/xt_qtaguid/stats | grep 10153
D/ADB_SERVICES(  732): read_meminfo() mem_free=36760
D/ADB_SERVICES(  732): create_subproc ret_fd=23 pid=3406
D/ADB_SERVICES(  732): LS(9999): bound to 'shell:cat /proc/net/xt_qtaguid/stats | grep 10153' via 23
D/ADB_SERVICES( 3406): adb: unable to update oom_score_adj
D/ADB_SERVICES(  732):  closing because is_eof=1 r=-1 s->fde.force_eof=0
D/ADB_SERVICES(  732): entered. LS(9999) fd=23
D/ADB_SERVICES(  732): create_local_service_socket() name=shell:dumpsys iphonesubinfo
D/ADB_SERVICES(  732): service_to_fd() name=shell:dumpsys iphonesubinfo
D/ADB_SERVICES(  732): read_meminfo() mem_free=36604
D/ADB_SERVICES(  732): create_subproc ret_fd=23 pid=3409
D/ADB_SERVICES(  732): LS(10000): bound to 'shell:dumpsys iphonesubinfo' via 23
D/ADB_SERVICES( 3409): adb: unable to update oom_score_adj
I/libPerfService(  828): perfDumpAll
I/libPerfService(  828): perfDumpAll - type:6, core:0, big:0, little:0, freq:0, freq_big:0, freq_little:0, gpu:-1
D/NetworkController.WifiSignalController( 1083): setActivity: wifiActivity= 0
D/NetworkController.WifiSignalController( 1083): isDirty : false
D/NetworkController.WifiSignalController( 1083): Change in state from: connected=true,enabled=true,level=3,inetCondition=1,iconGroup=IconGroup(Wi-Fi Icons),activityIn=true,activityOut=true,rssi=-56,networkType=null,lastModified=11-02 10:03:13,ssid="5C"enabling=falsedisabling=falseconnecting=false
D/NetworkController.WifiSignalController( 1083): 	to: connected=true,enabled=true,level=3,inetCondition=1,iconGroup=IconGroup(Wi-Fi Icons),activityIn=false,activityOut=false,rssi=-56,networkType=null,lastModified=11-02 10:03:13,ssid="5C"enabling=falsedisabling=falseconnecting=false
D/NetworkController.WifiSignalController( 1083): Wifi notifyListeners: level= 3, wifiActivity= 0
D/SignalClusterView( 1083): setWifiIndicators, visible=true, strengthIcon=2130839037, contentDescription=WLAN
D/SignalClusterView( 1083): apply(5), mMobileVisible= true, mIsAirplaneMode= false
D/SignalClusterView( 1083): apply(), mNetworkType= Type_4G resId= 2130838971
D/NetworkController.WifiSignalController( 1083): Wifi notifyListeners: level= 3, wifiActivity= 0
D/SignalClusterView( 1083): setWifiIndicators, visible=true, strengthIcon=2130839037, contentDescription=WLAN
D/SignalClusterView( 1083): apply(5), mMobileVisible= true, mIsAirplaneMode= false
D/SignalClusterView( 1083): apply(), mNetworkType= Type_4G resId= 2130838971
D/NetworkController.WifiSignalController( 1083): Wifi notifyListeners: level= 3, wifiActivity= 0
D/SignalClusterView( 1083): setWifiIndicators, visible=true, strengthIcon=2130839037, contentDescription=WLAN
D/SignalClusterView( 1083): apply(5), mMobileVisible= true, mIsAirplaneMode= false
D/SignalClusterView( 1083): apply(), mNetworkType= Type_4G resId= 2130838971
D/NetworkController.WifiSignalController( 1083): Wifi notifyListeners: level= 3, wifiActivity= 0
D/SignalClusterView( 1083): setWifiIndicators, visible=true, strengthIcon=2130839037, contentDescription=WLAN
D/ConnectionRateView( 1083): DataConnection: new=true,old=true
D/ConnectionRateView( 1083): DataConnection: new=true,old=true
I/SurfaceFlinger(  302): [Built-in Screen (type:0)] fps:1.994852,dur:1002.58,max:985.98,min:16.60
D/ADB_SERVICES(  732):  closing because is_eof=1 r=-1 s->fde.force_eof=0
D/ADB_SERVICES(  732): entered. LS(10000) fd=23
D/ADB_SERVICES(  732): create_local_service_socket() name=shell:cat /proc/3063/stat
D/ADB_SERVICES(  732): service_to_fd() name=shell:cat /proc/3063/stat
D/ADB_SERVICES(  732): read_meminfo() mem_free=36496
D/ADB_SERVICES(  732): create_subproc ret_fd=23 pid=3410
D/ADB_SERVICES(  732): LS(10001): bound to 'shell:cat /proc/3063/stat' via 23
D/ADB_SERVICES( 3410): adb: unable to update oom_score_adj
D/ADB_SERVICES(  732):  closing because is_eof=1 r=1 s->fde.force_eof=0
D/ADB_SERVICES(  732): entered. LS(10001) fd=23
D/ADB_SERVICES(  732): create_local_service_socket() name=shell:cat /proc/stat
D/ADB_SERVICES(  732): service_to_fd() name=shell:cat /proc/stat
D/ADB_SERVICES(  732): read_meminfo() mem_free=36496
D/ADB_SERVICES(  732): create_subproc ret_fd=23 pid=3411
D/ADB_SERVICES(  732): LS(10002): bound to 'shell:cat /proc/stat' via 23
D/ADB_SERVICES( 3411): adb: unable to update oom_score_adj
D/ADB_SERVICES(  732):  closing because is_eof=1 r=-1 s->fde.force_eof=0
D/ADB_SERVICES(  732): entered. LS(10002) fd=23
D/ADB_SERVICES(  732): create_local_service_socket() name=shell:cat /proc/net/xt_qtaguid/stats | grep 10153
D/ADB_SERVICES(  732): service_to_fd() name=shell:cat /proc/net/xt_qtaguid/stats | grep 10153
D/ADB_SERVICES(  732): read_meminfo() mem_free=36512
D/ADB_SERVICES(  732): create_subproc ret_fd=23 pid=3412
D/ADB_SERVICES(  732): LS(10003): bound to 'shell:cat /proc/net/xt_qtaguid/stats | grep 10153' via 23
D/ADB_SERVICES( 3412): adb: unable to update oom_score_adj
D/ADB_SERVICES(  732):  closing because is_eof=1 r=-1 s->fde.force_eof=0
D/ADB_SERVICES(  732): entered. LS(10003) fd=23
D/ADB_SERVICES(  732): create_local_service_socket() name=shell:cat /proc/3063/stat
D/ADB_SERVICES(  732): service_to_fd() name=shell:cat /proc/3063/stat
D/ADB_SERVICES(  732): read_meminfo() mem_free=36480
D/ADB_SERVICES(  732): create_subproc ret_fd=23 pid=3415
D/ADB_SERVICES(  732): LS(10004): bound to 'shell:cat /proc/3063/stat' via 23
D/ADB_SERVICES( 3415): adb: unable to update oom_score_adj
D/ADB_SERVICES(  732):  closing because is_eof=1 r=1 s->fde.force_eof=0
D/ADB_SERVICES(  732): entered. LS(10004) fd=23
D/ADB_SERVICES(  732): create_local_service_socket() name=shell:cat /proc/stat
D/ADB_SERVICES(  732): service_to_fd() name=shell:cat /proc/stat
D/ADB_SERVICES(  732): read_meminfo() mem_free=36480
D/ADB_SERVICES(  732): create_subproc ret_fd=23 pid=3416
D/ADB_SERVICES(  732): LS(10005): bound to 'shell:cat /proc/stat' via 23
D/ADB_SERVICES( 3416): adb: unable to update oom_score_adj
D/ADB_SERVICES(  732):  closing because is_eof=1 r=-1 s->fde.force_eof=0
D/ADB_SERVICES(  732): entered. LS(10005) fd=23
D/ADB_SERVICES(  732): create_local_service_socket() name=shell:cat /proc/net/xt_qtaguid/stats | grep 10153
D/ADB_SERVICES(  732): service_to_fd() name=shell:cat /proc/net/xt_qtaguid/stats | grep 10153
D/ADB_SERVICES(  732): read_meminfo() mem_free=36480
D/ADB_SERVICES(  732): create_subproc ret_fd=23 pid=3417
D/ADB_SERVICES(  732): LS(10006): bound to 'shell:cat /proc/net/xt_qtaguid/stats | grep 10153' via 23
D/ADB_SERVICES( 3417): adb: unable to update oom_score_adj
D/ADB_SERVICES(  732):  closing because is_eof=1 r=-1 s->fde.force_eof=0
D/ADB_SERVICES(  732): entered. LS(10006) fd=23
D/NetworkController.WifiSignalController( 1083): setActivity: wifiActivity= 2
D/NetworkController.WifiSignalController( 1083): isDirty : false
D/NetworkController.WifiSignalController( 1083): Change in state from: connected=true,enabled=true,level=3,inetCondition=1,iconGroup=IconGroup(Wi-Fi Icons),activityIn=false,activityOut=false,rssi=-56,networkType=null,lastModified=11-02 10:03:14,ssid="5C"enabling=falsedisabling=falseconnecting=false
D/NetworkController.WifiSignalController( 1083): 	to: connected=true,enabled=true,level=3,inetCondition=1,iconGroup=IconGroup(Wi-Fi Icons),activityIn=false,activityOut=true,rssi=-56,networkType=null,lastModified=11-02 10:03:14,ssid="5C"enabling=falsedisabling=falseconnecting=false
D/NetworkController.WifiSignalController( 1083): Wifi notifyListeners: level= 3, wifiActivity= 2
D/SignalClusterView( 1083): setWifiIndicators, visible=true, strengthIcon=2130839041, contentDescription=WLAN
D/SignalClusterView( 1083): apply(5), mMobileVisible= true, mIsAirplaneMode= false
D/SignalClusterView( 1083): apply(), mNetworkType= Type_4G resId= 2130838971
D/NetworkController.WifiSignalController( 1083): Wifi notifyListeners: level= 3, wifiActivity= 2
D/SignalClusterView( 1083): setWifiIndicators, visible=true, strengthIcon=2130839041, contentDescription=WLAN
D/SignalClusterView( 1083): apply(5), mMobileVisible= true, mIsAirplaneMode= false
D/SignalClusterView( 1083): apply(), mNetworkType= Type_4G resId= 2130838971
D/NetworkController.WifiSignalController( 1083): Wifi notifyListeners: level= 3, wifiActivity= 2
D/SignalClusterView( 1083): setWifiIndicators, visible=true, strengthIcon=2130839041, contentDescription=WLAN
D/SignalClusterView( 1083): apply(5), mMobileVisible= true, mIsAirplaneMode= false
D/SignalClusterView( 1083): apply(), mNetworkType= Type_4G resId= 2130838971
D/NetworkController.WifiSignalController( 1083): Wifi notifyListeners: level= 3, wifiActivity= 2
D/SignalClusterView( 1083): setWifiIndicators, visible=true, strengthIcon=2130839041, contentDescription=WLAN
D/ConnectionRateView( 1083): DataConnection: new=true,old=true
D/ConnectionRateView( 1083): DataConnection: new=true,old=true
I/libPerfService(  828): perfDumpAll
I/libPerfService(  828): perfDumpAll - type:6, core:0, big:0, little:0, freq:0, freq_big:0, freq_little:0, gpu:-1
I/SurfaceFlinger(  302): [Built-in Screen (type:0)] fps:0.992054,dur:1008.01,max:1008.01,min:1008.01
D/ADB_SERVICES(  732): create_local_service_socket() name=shell:dumpsys iphonesubinfo
D/ADB_SERVICES(  732): service_to_fd() name=shell:dumpsys iphonesubinfo
D/ADB_SERVICES(  732): read_meminfo() mem_free=36496
D/ADB_SERVICES(  732): create_subproc ret_fd=23 pid=3420
D/ADB_SERVICES(  732): LS(10007): bound to 'shell:dumpsys iphonesubinfo' via 23
D/ADB_SERVICES( 3420): adb: unable to update oom_score_adj
D/ADB_SERVICES(  732):  closing because is_eof=1 r=-1 s->fde.force_eof=0
D/ADB_SERVICES(  732): entered. LS(10007) fd=23
D/WifiStateMachine(  828): mLastSignalLevel:2, newSignalLevel:2
D/ADB_SERVICES(  732): create_local_service_socket() name=shell:cat /proc/3063/stat
D/ADB_SERVICES(  732): service_to_fd() name=shell:cat /proc/3063/stat
D/ADB_SERVICES(  732): read_meminfo() mem_free=36496
D/ADB_SERVICES(  732): create_subproc ret_fd=23 pid=3421
D/ADB_SERVICES(  732): LS(10008): bound to 'shell:cat /proc/3063/stat' via 23
D/ADB_SERVICES( 3421): adb: unable to update oom_score_adj
D/ADB_SERVICES(  732):  closing because is_eof=1 r=1 s->fde.force_eof=0
D/ADB_SERVICES(  732): entered. LS(10008) fd=23
D/ADB_SERVICES(  732): create_local_service_socket() name=shell:cat /proc/stat
D/ADB_SERVICES(  732): service_to_fd() name=shell:cat /proc/stat
D/ADB_SERVICES(  732): read_meminfo() mem_free=36496
D/ADB_SERVICES(  732): create_subproc ret_fd=23 pid=3422
D/ADB_SERVICES(  732): LS(10009): bound to 'shell:cat /proc/stat' via 23
D/ADB_SERVICES( 3422): adb: unable to update oom_score_adj
D/ADB_SERVICES(  732):  closing because is_eof=1 r=-1 s->fde.force_eof=0
D/ADB_SERVICES(  732): entered. LS(10009) fd=23
D/ADB_SERVICES(  732): create_local_service_socket() name=shell:cat /proc/net/xt_qtaguid/stats | grep 10153
D/ADB_SERVICES(  732): service_to_fd() name=shell:cat /proc/net/xt_qtaguid/stats | grep 10153
D/ADB_SERVICES(  732): read_meminfo() mem_free=36496
D/ADB_SERVICES(  732): create_subproc ret_fd=23 pid=3423
D/ADB_SERVICES(  732): LS(10010): bound to 'shell:cat /proc/net/xt_qtaguid/stats | grep 10153' via 23
D/ADB_SERVICES( 3423): adb: unable to update oom_score_adj
D/ADB_SERVICES(  732):  closing because is_eof=1 r=-1 s->fde.force_eof=0
D/ADB_SERVICES(  732): entered. LS(10010) fd=23
I/thermal_repeater(  349): oh, queryMdThermalInfo (0)Bad file number
I/thermal_repeater(  349): [recvMdThermalInfo] ret=5, strLen=127, ERROR
D/ADB_SERVICES(  732): create_local_service_socket() name=shell:cat /proc/3063/stat
D/ADB_SERVICES(  732): service_to_fd() name=shell:cat /proc/3063/stat
D/ADB_SERVICES(  732): read_meminfo() mem_free=36496
D/ADB_SERVICES(  732): create_subproc ret_fd=23 pid=3426
D/ADB_SERVICES(  732): LS(10011): bound to 'shell:cat /proc/3063/stat' via 23
D/ADB_SERVICES( 3426): adb: unable to update oom_score_adj
D/ADB_SERVICES(  732):  closing because is_eof=1 r=1 s->fde.force_eof=0
D/ADB_SERVICES(  732): entered. LS(10011) fd=23
D/ADB_SERVICES(  732): create_local_service_socket() name=shell:cat /proc/stat
D/ADB_SERVICES(  732): service_to_fd() name=shell:cat /proc/stat
D/ADB_SERVICES(  732): read_meminfo() mem_free=36496
D/ADB_SERVICES(  732): create_subproc ret_fd=23 pid=3427
D/ADB_SERVICES(  732): LS(10012): bound to 'shell:cat /proc/stat' via 23
D/ADB_SERVICES( 3427): adb: unable to update oom_score_adj
D/ADB_SERVICES(  732):  closing because is_eof=1 r=-1 s->fde.force_eof=0
D/ADB_SERVICES(  732): entered. LS(10012) fd=23
D/NetworkController.WifiSignalController( 1083): setActivity: wifiActivity= 0
D/NetworkController.WifiSignalController( 1083): isDirty : false
D/NetworkController.WifiSignalController( 1083): Change in state from: connected=true,enabled=true,level=3,inetCondition=1,iconGroup=IconGroup(Wi-Fi Icons),activityIn=false,activityOut=true,rssi=-56,networkType=null,lastModified=11-02 10:03:15,ssid="5C"enabling=falsedisabling=falseconnecting=false
D/NetworkController.WifiSignalController( 1083): 	to: connected=true,enabled=true,level=3,inetCondition=1,iconGroup=IconGroup(Wi-Fi Icons),activityIn=false,activityOut=false,rssi=-56,networkType=null,lastModified=11-02 10:03:15,ssid="5C"enabling=falsedisabling=falseconnecting=false
D/NetworkController.WifiSignalController( 1083): Wifi notifyListeners: level= 3, wifiActivity= 0
D/SignalClusterView( 1083): setWifiIndicators, visible=true, strengthIcon=2130839037, contentDescription=WLAN
D/SignalClusterView( 1083): apply(5), mMobileVisible= true, mIsAirplaneMode= false
D/SignalClusterView( 1083): apply(), mNetworkType= Type_4G resId= 2130838971
D/NetworkController.WifiSignalController( 1083): Wifi notifyListeners: level= 3, wifiActivity= 0
D/SignalClusterView( 1083): setWifiIndicators, visible=true, strengthIcon=2130839037, contentDescription=WLAN
D/SignalClusterView( 1083): apply(5), mMobileVisible= true, mIsAirplaneMode= false
D/SignalClusterView( 1083): apply(), mNetworkType= Type_4G resId= 2130838971
D/NetworkController.WifiSignalController( 1083): Wifi notifyListeners: level= 3, wifiActivity= 0
D/SignalClusterView( 1083): setWifiIndicators, visible=true, strengthIcon=2130839037, contentDescription=WLAN
D/SignalClusterView( 1083): apply(5), mMobileVisible= true, mIsAirplaneMode= false
D/SignalClusterView( 1083): apply(), mNetworkType= Type_4G resId= 2130838971
D/NetworkController.WifiSignalController( 1083): Wifi notifyListeners: level= 3, wifiActivity= 0
D/SignalClusterView( 1083): setWifiIndicators, visible=true, strengthIcon=2130839037, contentDescription=WLAN
D/ConnectionRateView( 1083): DataConnection: new=true,old=true
D/ConnectionRateView( 1083): DataConnection: new=true,old=true
I/libPerfService(  828): perfDumpAll
I/libPerfService(  828): perfDumpAll - type:6, core:0, big:0, little:0, freq:0, freq_big:0, freq_little:0, gpu:-1
I/SurfaceFlinger(  302): [Built-in Screen (type:0)] fps:0.990787,dur:1009.30,max:1009.30,min:1009.30
D/ADB_SERVICES(  732): create_local_service_socket() name=shell:cat /proc/net/xt_qtaguid/stats | grep 10153
D/ADB_SERVICES(  732): service_to_fd() name=shell:cat /proc/net/xt_qtaguid/stats | grep 10153
D/ADB_SERVICES(  732): read_meminfo() mem_free=36496
D/ADB_SERVICES(  732): create_subproc ret_fd=23 pid=3428
D/ADB_SERVICES(  732): LS(10013): bound to 'shell:cat /proc/net/xt_qtaguid/stats | grep 10153' via 23
D/ADB_SERVICES( 3428): adb: unable to update oom_score_adj
D/ADB_SERVICES(  732): create_local_service_socket() name=shell:dumpsys iphonesubinfo
D/ADB_SERVICES(  732): service_to_fd() name=shell:dumpsys iphonesubinfo
D/ADB_SERVICES(  732): read_meminfo() mem_free=36356
D/ADB_SERVICES(  732): create_subproc ret_fd=24 pid=3431
D/ADB_SERVICES(  732): LS(10014): bound to 'shell:dumpsys iphonesubinfo' via 24
D/ADB_SERVICES( 3431): adb: unable to update oom_score_adj
D/ADB_SERVICES(  732):  closing because is_eof=1 r=-1 s->fde.force_eof=0
D/ADB_SERVICES(  732): entered. LS(10013) fd=23
D/ADB_SERVICES(  732):  closing because is_eof=1 r=-1 s->fde.force_eof=0
D/ADB_SERVICES(  732): entered. LS(10014) fd=24
D/ADB_SERVICES(  732): create_local_service_socket() name=shell:cat /proc/3063/stat
D/ADB_SERVICES(  732): service_to_fd() name=shell:cat /proc/3063/stat
D/ADB_SERVICES(  732): read_meminfo() mem_free=36512
D/ADB_SERVICES(  732): create_subproc ret_fd=23 pid=3432
D/ADB_SERVICES(  732): LS(10015): bound to 'shell:cat /proc/3063/stat' via 23
D/ADB_SERVICES( 3432): adb: unable to update oom_score_adj
D/ADB_SERVICES(  732):  closing because is_eof=1 r=-1 s->fde.force_eof=0
D/ADB_SERVICES(  732): entered. LS(10015) fd=23
D/ADB_SERVICES(  732): create_local_service_socket() name=shell:cat /proc/stat
D/ADB_SERVICES(  732): service_to_fd() name=shell:cat /proc/stat
D/ADB_SERVICES(  732): read_meminfo() mem_free=36372
D/ADB_SERVICES(  732): create_subproc ret_fd=23 pid=3433
D/ADB_SERVICES(  732): LS(10016): bound to 'shell:cat /proc/stat' via 23
D/ADB_SERVICES( 3433): adb: unable to update oom_score_adj
D/ADB_SERVICES(  732):  closing because is_eof=1 r=-1 s->fde.force_eof=0
D/ADB_SERVICES(  732): entered. LS(10016) fd=23
D/ADB_SERVICES(  732): create_local_service_socket() name=shell:cat /proc/net/xt_qtaguid/stats | grep 10153
D/ADB_SERVICES(  732): service_to_fd() name=shell:cat /proc/net/xt_qtaguid/stats | grep 10153
D/ADB_SERVICES(  732): read_meminfo() mem_free=36372
D/ADB_SERVICES(  732): create_subproc ret_fd=23 pid=3434
D/ADB_SERVICES(  732): LS(10017): bound to 'shell:cat /proc/net/xt_qtaguid/stats | grep 10153' via 23
D/ADB_SERVICES( 3434): adb: unable to update oom_score_adj
D/ADB_SERVICES(  732):  closing because is_eof=1 r=-1 s->fde.force_eof=0
D/ADB_SERVICES(  732): entered. LS(10017) fd=23
D/NetworkController.MobileSignalController(5)( 1083): onSignalStrengthsChanged signalStrength=SignalStrength: 16 41 -120 -160 -7 0 -1 99 -100 -12 2147483647 2147483647 gsm|lte 1 1 1 level=4
D/NetworkController( 1083): updateTelephonySignalStrength: hasService=true ss=SignalStrength: 16 41 -120 -160 -7 0 -1 99 -100 -12 2147483647 2147483647 gsm|lte 1 1 1
I/NetworkController( 1083): [CMCC Performance test][SystemUI][Statusbar] show signal end [137494438]
D/NetworkController.MobileSignalController(5)( 1083): isDirty : false
D/NetworkController.WifiSignalController( 1083): setActivity: wifiActivity= 2
D/NetworkController.WifiSignalController( 1083): isDirty : false
D/NetworkController.WifiSignalController( 1083): Change in state from: connected=true,enabled=true,level=3,inetCondition=1,iconGroup=IconGroup(Wi-Fi Icons),activityIn=false,activityOut=false,rssi=-56,networkType=null,lastModified=11-02 10:03:16,ssid="5C"enabling=falsedisabling=falseconnecting=false
D/NetworkController.WifiSignalController( 1083): 	to: connected=true,enabled=true,level=3,inetCondition=1,iconGroup=IconGroup(Wi-Fi Icons),activityIn=false,activityOut=true,rssi=-56,networkType=null,lastModified=11-02 10:03:16,ssid="5C"enabling=falsedisabling=falseconnecting=false
D/NetworkController.WifiSignalController( 1083): Wifi notifyListeners: level= 3, wifiActivity= 2
D/SignalClusterView( 1083): setWifiIndicators, visible=true, strengthIcon=2130839041, contentDescription=WLAN
D/SignalClusterView( 1083): apply(5), mMobileVisible= true, mIsAirplaneMode= false
D/SignalClusterView( 1083): apply(), mNetworkType= Type_4G resId= 2130838971
D/NetworkController.WifiSignalController( 1083): Wifi notifyListeners: level= 3, wifiActivity= 2
D/SignalClusterView( 1083): setWifiIndicators, visible=true, strengthIcon=2130839041, contentDescription=WLAN
D/SignalClusterView( 1083): apply(5), mMobileVisible= true, mIsAirplaneMode= false
D/SignalClusterView( 1083): apply(), mNetworkType= Type_4G resId= 2130838971
D/NetworkController.WifiSignalController( 1083): Wifi notifyListeners: level= 3, wifiActivity= 2
D/SignalClusterView( 1083): setWifiIndicators, visible=true, strengthIcon=2130839041, contentDescription=WLAN
D/SignalClusterView( 1083): apply(5), mMobileVisible= true, mIsAirplaneMode= false
D/SignalClusterView( 1083): apply(), mNetworkType= Type_4G resId= 2130838971
D/NetworkController.WifiSignalController( 1083): Wifi notifyListeners: level= 3, wifiActivity= 2
D/SignalClusterView( 1083): setWifiIndicators, visible=true, strengthIcon=2130839041, contentDescription=WLAN
D/ConnectionRateView( 1083): DataConnection: new=true,old=true
D/ConnectionRateView( 1083): DataConnection: new=true,old=true
I/libPerfService(  828): perfDumpAll
I/libPerfService(  828): perfDumpAll - type:6, core:0, big:0, little:0, freq:0, freq_big:0, freq_little:0, gpu:-1
D/ADB_SERVICES(  732): create_local_service_socket() name=shell:cat /proc/3063/stat
D/ADB_SERVICES(  732): service_to_fd() name=shell:cat /proc/3063/stat
D/ADB_SERVICES(  732): read_meminfo() mem_free=36496
D/ADB_SERVICES(  732): create_subproc ret_fd=23 pid=3437
D/ADB_SERVICES(  732): LS(10018): bound to 'shell:cat /proc/3063/stat' via 23
D/ADB_SERVICES( 3437): adb: unable to update oom_score_adj
D/ADB_SERVICES(  732):  closing because is_eof=1 r=1 s->fde.force_eof=0
D/ADB_SERVICES(  732): entered. LS(10018) fd=23
I/SurfaceFlinger(  302): [Built-in Screen (type:0)] fps:0.953219,dur:1049.08,max:1049.08,min:1049.08
D/ADB_SERVICES(  732): create_local_service_socket() name=shell:cat /proc/stat
D/ADB_SERVICES(  732): service_to_fd() name=shell:cat /proc/stat
D/ADB_SERVICES(  732): read_meminfo() mem_free=36372
D/ADB_SERVICES(  732): create_subproc ret_fd=23 pid=3438
D/ADB_SERVICES(  732): LS(10019): bound to 'shell:cat /proc/stat' via 23
D/ADB_SERVICES( 3438): adb: unable to update oom_score_adj
D/ADB_SERVICES(  732):  closing because is_eof=1 r=-1 s->fde.force_eof=0
D/ADB_SERVICES(  732): entered. LS(10019) fd=23
D/ADB_SERVICES(  732): create_local_service_socket() name=shell:dumpsys iphonesubinfo
D/ADB_SERVICES(  732): service_to_fd() name=shell:dumpsys iphonesubinfo
D/ADB_SERVICES(  732): read_meminfo() mem_free=36372
D/ADB_SERVICES(  732): create_subproc ret_fd=23 pid=3439
D/ADB_SERVICES(  732): LS(10020): bound to 'shell:dumpsys iphonesubinfo' via 23
D/ADB_SERVICES( 3439): adb: unable to update oom_score_adj
D/ADB_SERVICES(  732):  closing because is_eof=1 r=-1 s->fde.force_eof=0
D/ADB_SERVICES(  732): entered. LS(10020) fd=23
D/ADB_SERVICES(  732): create_local_service_socket() name=shell:cat /proc/net/xt_qtaguid/stats | grep 10153
D/ADB_SERVICES(  732): service_to_fd() name=shell:cat /proc/net/xt_qtaguid/stats | grep 10153
D/ADB_SERVICES(  732): read_meminfo() mem_free=36372
D/ADB_SERVICES(  732): create_subproc ret_fd=23 pid=3440
D/ADB_SERVICES(  732): LS(10021): bound to 'shell:cat /proc/net/xt_qtaguid/stats | grep 10153' via 23
D/ADB_SERVICES( 3440): adb: unable to update oom_score_adj
D/ADB_SERVICES(  732):  closing because is_eof=1 r=-1 s->fde.force_eof=0
D/ADB_SERVICES(  732): entered. LS(10021) fd=23
D/ADB_SERVICES(  732): create_local_service_socket() name=shell:cat /proc/3063/stat
D/ADB_SERVICES(  732): service_to_fd() name=shell:cat /proc/3063/stat
D/ADB_SERVICES(  732): read_meminfo() mem_free=36388
D/ADB_SERVICES(  732): create_subproc ret_fd=23 pid=3443
D/ADB_SERVICES(  732): LS(10022): bound to 'shell:cat /proc/3063/stat' via 23
D/ADB_SERVICES( 3443): adb: unable to update oom_score_adj
D/ADB_SERVICES(  732):  closing because is_eof=1 r=1 s->fde.force_eof=0
D/ADB_SERVICES(  732): entered. LS(10022) fd=23
D/ADB_SERVICES(  732): create_local_service_socket() name=shell:cat /proc/stat
D/ADB_SERVICES(  732): service_to_fd() name=shell:cat /proc/stat
D/ADB_SERVICES(  732): read_meminfo() mem_free=36388
D/ADB_SERVICES(  732): create_subproc ret_fd=23 pid=3444
D/ADB_SERVICES(  732): LS(10023): bound to 'shell:cat /proc/stat' via 23
D/ADB_SERVICES( 3444): adb: unable to update oom_score_adj
D/ADB_SERVICES(  732):  closing because is_eof=1 r=1 s->fde.force_eof=0
D/ADB_SERVICES(  732): entered. LS(10023) fd=23
D/ADB_SERVICES(  732): create_local_service_socket() name=shell:cat /proc/net/xt_qtaguid/stats | grep 10153
D/ADB_SERVICES(  732): service_to_fd() name=shell:cat /proc/net/xt_qtaguid/stats | grep 10153
D/ADB_SERVICES(  732): read_meminfo() mem_free=36388
D/ADB_SERVICES(  732): create_subproc ret_fd=23 pid=3445
D/ADB_SERVICES(  732): LS(10024): bound to 'shell:cat /proc/net/xt_qtaguid/stats | grep 10153' via 23
D/ADB_SERVICES( 3445): adb: unable to update oom_score_adj
D/ADB_SERVICES(  732):  closing because is_eof=1 r=-1 s->fde.force_eof=0
D/ADB_SERVICES(  732): entered. LS(10024) fd=23
D/NetworkController.WifiSignalController( 1083): setActivity: wifiActivity= 0
D/NetworkController.WifiSignalController( 1083): isDirty : false
D/NetworkController.WifiSignalController( 1083): Change in state from: connected=true,enabled=true,level=3,inetCondition=1,iconGroup=IconGroup(Wi-Fi Icons),activityIn=false,activityOut=true,rssi=-56,networkType=null,lastModified=11-02 10:03:17,ssid="5C"enabling=falsedisabling=falseconnecting=false
D/NetworkController.WifiSignalController( 1083): 	to: connected=true,enabled=true,level=3,inetCondition=1,iconGroup=IconGroup(Wi-Fi Icons),activityIn=false,activityOut=false,rssi=-56,networkType=null,lastModified=11-02 10:03:17,ssid="5C"enabling=falsedisabling=falseconnecting=false
D/NetworkController.WifiSignalController( 1083): Wifi notifyListeners: level= 3, wifiActivity= 0
D/SignalClusterView( 1083): setWifiIndicators, visible=true, strengthIcon=2130839037, contentDescription=WLAN
D/SignalClusterView( 1083): apply(5), mMobileVisible= true, mIsAirplaneMode= false
D/SignalClusterView( 1083): apply(), mNetworkType= Type_4G resId= 2130838971
D/NetworkController.WifiSignalController( 1083): Wifi notifyListeners: level= 3, wifiActivity= 0
D/SignalClusterView( 1083): setWifiIndicators, visible=true, strengthIcon=2130839037, contentDescription=WLAN
D/SignalClusterView( 1083): apply(5), mMobileVisible= true, mIsAirplaneMode= false
D/SignalClusterView( 1083): apply(), mNetworkType= Type_4G resId= 2130838971
D/NetworkController.WifiSignalController( 1083): Wifi notifyListeners: level= 3, wifiActivity= 0
D/SignalClusterView( 1083): setWifiIndicators, visible=true, strengthIcon=2130839037, contentDescription=WLAN
D/SignalClusterView( 1083): apply(5), mMobileVisible= true, mIsAirplaneMode= false
D/SignalClusterView( 1083): apply(), mNetworkType= Type_4G resId= 2130838971
D/NetworkController.WifiSignalController( 1083): Wifi notifyListeners: level= 3, wifiActivity= 0
D/SignalClusterView( 1083): setWifiIndicators, visible=true, strengthIcon=2130839037, contentDescription=WLAN
D/ConnectionRateView( 1083): DataConnection: new=true,old=true
D/ConnectionRateView( 1083): DataConnection: new=true,old=true
I/libPerfService(  828): perfDumpAll
I/libPerfService(  828): perfDumpAll - type:6, core:0, big:0, little:0, freq:0, freq_big:0, freq_little:0, gpu:-1
D/ADB_SERVICES(  732): create_local_service_socket() name=shell:dumpsys iphonesubinfo
D/ADB_SERVICES(  732): service_to_fd() name=shell:dumpsys iphonesubinfo
D/ADB_SERVICES(  732): read_meminfo() mem_free=36372
D/ADB_SERVICES(  732): create_subproc ret_fd=23 pid=3448
D/ADB_SERVICES(  732): LS(10025): bound to 'shell:dumpsys iphonesubinfo' via 23
D/ADB_SERVICES( 3448): adb: unable to update oom_score_adj
D/ADB_SERVICES(  732): create_local_service_socket() name=shell:cat /proc/3063/stat
D/ADB_SERVICES(  732): service_to_fd() name=shell:cat /proc/3063/stat
D/ADB_SERVICES(  732): read_meminfo() mem_free=36240
D/ADB_SERVICES(  732): create_subproc ret_fd=24 pid=3449
D/ADB_SERVICES(  732): LS(10026): bound to 'shell:cat /proc/3063/stat' via 24
D/ADB_SERVICES( 3449): adb: unable to update oom_score_adj
D/ADB_SERVICES(  732):  closing because is_eof=1 r=-1 s->fde.force_eof=0
D/ADB_SERVICES(  732): entered. LS(10025) fd=23
D/ADB_SERVICES(  732):  closing because is_eof=1 r=-1 s->fde.force_eof=0
D/ADB_SERVICES(  732): entered. LS(10026) fd=24
D/ADB_SERVICES(  732): create_local_service_socket() name=shell:cat /proc/stat
D/ADB_SERVICES(  732): service_to_fd() name=shell:cat /proc/stat
D/ADB_SERVICES(  732): read_meminfo() mem_free=36328
D/ADB_SERVICES(  732): create_subproc ret_fd=23 pid=3450
D/ADB_SERVICES(  732): LS(10027): bound to 'shell:cat /proc/stat' via 23
D/ADB_SERVICES( 3450): adb: unable to update oom_score_adj
D/ADB_SERVICES(  732):  closing because is_eof=1 r=-1 s->fde.force_eof=0
D/ADB_SERVICES(  732): entered. LS(10027) fd=23
D/ADB_SERVICES(  732): create_local_service_socket() name=shell:cat /proc/net/xt_qtaguid/stats | grep 10153
D/ADB_SERVICES(  732): service_to_fd() name=shell:cat /proc/net/xt_qtaguid/stats | grep 10153
D/ADB_SERVICES(  732): read_meminfo() mem_free=36348
D/ADB_SERVICES(  732): create_subproc ret_fd=23 pid=3451
D/ADB_SERVICES(  732): LS(10028): bound to 'shell:cat /proc/net/xt_qtaguid/stats | grep 10153' via 23
D/ADB_SERVICES( 3451): adb: unable to update oom_score_adj
D/WifiStateMachine(  828): mLastSignalLevel:2, newSignalLevel:2
D/ADB_SERVICES(  732):  closing because is_eof=1 r=-1 s->fde.force_eof=0
D/ADB_SERVICES(  732): entered. LS(10028) fd=23
D/ADB_SERVICES(  732): create_local_service_socket() name=shell:cat /proc/meminfo
D/ADB_SERVICES(  732): service_to_fd() name=shell:cat /proc/meminfo
D/ADB_SERVICES(  732): read_meminfo() mem_free=36256
D/ADB_SERVICES(  732): create_subproc ret_fd=23 pid=3454
D/ADB_SERVICES(  732): LS(10029): bound to 'shell:cat /proc/meminfo' via 23
D/ADB_SERVICES( 3454): adb: unable to update oom_score_adj
D/ADB_SERVICES(  732):  closing because is_eof=1 r=1 s->fde.force_eof=0
D/ADB_SERVICES(  732): entered. LS(10029) fd=23
D/ADB_SERVICES(  732): create_local_service_socket() name=shell:ps
D/ADB_SERVICES(  732): service_to_fd() name=shell:ps
D/ADB_SERVICES(  732): read_meminfo() mem_free=36344
D/ADB_SERVICES(  732): create_subproc ret_fd=23 pid=3455
D/ADB_SERVICES(  732): LS(10030): bound to 'shell:ps' via 23
D/ADB_SERVICES( 3455): adb: unable to update oom_score_adj
D/ADB_SERVICES(  732):  closing because is_eof=1 r=1 s->fde.force_eof=0
D/ADB_SERVICES(  732): entered. LS(10030) fd=23
D/ADB_SERVICES(  732): create_local_service_socket() name=shell:cat /proc/3063/stat
D/ADB_SERVICES(  732): service_to_fd() name=shell:cat /proc/3063/stat
D/ADB_SERVICES(  732): read_meminfo() mem_free=36240
D/ADB_SERVICES(  732): create_subproc ret_fd=23 pid=3456
D/ADB_SERVICES(  732): LS(10031): bound to 'shell:cat /proc/3063/stat' via 23
D/ADB_SERVICES( 3456): adb: unable to update oom_score_adj
D/ADB_SERVICES(  732):  closing because is_eof=1 r=1 s->fde.force_eof=0
D/ADB_SERVICES(  732): entered. LS(10031) fd=23
D/ADB_SERVICES(  732): create_local_service_socket() name=shell:cat /proc/stat
D/ADB_SERVICES(  732): service_to_fd() name=shell:cat /proc/stat
D/ADB_SERVICES(  732): read_meminfo() mem_free=36240
D/ADB_SERVICES(  732): create_subproc ret_fd=23 pid=3457
D/ADB_SERVICES(  732): LS(10032): bound to 'shell:cat /proc/stat' via 23
D/ADB_SERVICES( 3457): adb: unable to update oom_score_adj
D/ADB_SERVICES(  732):  closing because is_eof=1 r=-1 s->fde.force_eof=0
D/ADB_SERVICES(  732): entered. LS(10032) fd=23
D/ADB_SERVICES(  732): create_local_service_socket() name=shell:cat /proc/net/xt_qtaguid/stats | grep 10153
D/ADB_SERVICES(  732): service_to_fd() name=shell:cat /proc/net/xt_qtaguid/stats | grep 10153
D/ADB_SERVICES(  732): read_meminfo() mem_free=36240
D/ADB_SERVICES(  732): create_subproc ret_fd=23 pid=3458
D/ADB_SERVICES(  732): LS(10033): bound to 'shell:cat /proc/net/xt_qtaguid/stats | grep 10153' via 23
D/ADB_SERVICES( 3458): adb: unable to update oom_score_adj
D/ADB_SERVICES(  732):  closing because is_eof=1 r=-1 s->fde.force_eof=0
D/ADB_SERVICES(  732): entered. LS(10033) fd=23
D/ADB_SERVICES(  732): create_local_service_socket() name=shell:dumpsys iphonesubinfo
D/ADB_SERVICES(  732): service_to_fd() name=shell:dumpsys iphonesubinfo
D/ADB_SERVICES(  732): read_meminfo() mem_free=36240
D/ADB_SERVICES(  732): create_subproc ret_fd=23 pid=3461
D/ADB_SERVICES(  732): LS(10034): bound to 'shell:dumpsys iphonesubinfo' via 23
D/ADB_SERVICES( 3461): adb: unable to update oom_score_adj
D/ADB_SERVICES(  732):  closing because is_eof=1 r=-1 s->fde.force_eof=0
D/ADB_SERVICES(  732): entered. LS(10034) fd=23
D/ADB_SERVICES(  732): create_local_service_socket() name=shell:cat /proc/3063/stat
D/ADB_SERVICES(  732): service_to_fd() name=shell:cat /proc/3063/stat
D/ADB_SERVICES(  732): read_meminfo() mem_free=36256
D/ADB_SERVICES(  732): create_subproc ret_fd=23 pid=3462
D/ADB_SERVICES(  732): LS(10035): bound to 'shell:cat /proc/3063/stat' via 23
D/ADB_SERVICES( 3462): adb: unable to update oom_score_adj
D/ADB_SERVICES(  732):  closing because is_eof=1 r=-1 s->fde.force_eof=0
D/ADB_SERVICES(  732): entered. LS(10035) fd=23
D/ADB_SERVICES(  732): create_local_service_socket() name=shell:cat /proc/stat
D/ADB_SERVICES(  732): service_to_fd() name=shell:cat /proc/stat
D/ADB_SERVICES(  732): read_meminfo() mem_free=36256
D/ADB_SERVICES(  732): create_subproc ret_fd=23 pid=3463
D/ADB_SERVICES(  732): LS(10036): bound to 'shell:cat /proc/stat' via 23
D/ADB_SERVICES( 3463): adb: unable to update oom_score_adj
D/ADB_SERVICES(  732):  closing because is_eof=1 r=1 s->fde.force_eof=0
D/ADB_SERVICES(  732): entered. LS(10036) fd=23
D/ADB_SERVICES(  732): create_local_service_socket() name=shell:cat /proc/net/xt_qtaguid/stats | grep 10153
D/ADB_SERVICES(  732): service_to_fd() name=shell:cat /proc/net/xt_qtaguid/stats | grep 10153
D/ADB_SERVICES(  732): read_meminfo() mem_free=36240
D/ADB_SERVICES(  732): create_subproc ret_fd=23 pid=3464
D/ADB_SERVICES(  732): LS(10037): bound to 'shell:cat /proc/net/xt_qtaguid/stats | grep 10153' via 23
D/ADB_SERVICES( 3464): adb: unable to update oom_score_adj
D/ADB_SERVICES(  732):  closing because is_eof=1 r=-1 s->fde.force_eof=0
D/ADB_SERVICES(  732): entered. LS(10037) fd=23
D/ADB_SERVICES(  732): create_local_service_socket() name=shell:cat /proc/3063/stat
D/ADB_SERVICES(  732): service_to_fd() name=shell:cat /proc/3063/stat
D/ADB_SERVICES(  732): read_meminfo() mem_free=36240
D/ADB_SERVICES(  732): create_subproc ret_fd=23 pid=3467
D/ADB_SERVICES(  732): LS(10038): bound to 'shell:cat /proc/3063/stat' via 23
D/ADB_SERVICES( 3467): adb: unable to update oom_score_adj
D/ADB_SERVICES(  732):  closing because is_eof=1 r=1 s->fde.force_eof=0
D/ADB_SERVICES(  732): entered. LS(10038) fd=23
D/ADB_SERVICES(  732): create_local_service_socket() name=shell:cat /proc/stat
D/ADB_SERVICES(  732): service_to_fd() name=shell:cat /proc/stat
D/ADB_SERVICES(  732): read_meminfo() mem_free=36240
D/ADB_SERVICES(  732): create_subproc ret_fd=23 pid=3468
D/ADB_SERVICES(  732): LS(10039): bound to 'shell:cat /proc/stat' via 23
D/ADB_SERVICES( 3468): adb: unable to update oom_score_adj
D/ADB_SERVICES(  732):  closing because is_eof=1 r=-1 s->fde.force_eof=0
D/ADB_SERVICES(  732): entered. LS(10039) fd=23
D/ADB_SERVICES(  732): create_local_service_socket() name=shell:cat /proc/net/xt_qtaguid/stats | grep 10153
D/ADB_SERVICES(  732): service_to_fd() name=shell:cat /proc/net/xt_qtaguid/stats | grep 10153
D/ADB_SERVICES(  732): read_meminfo() mem_free=36240
D/ADB_SERVICES(  732): create_subproc ret_fd=23 pid=3469
D/ADB_SERVICES(  732): LS(10040): bound to 'shell:cat /proc/net/xt_qtaguid/stats | grep 10153' via 23
D/ADB_SERVICES( 3469): adb: unable to update oom_score_adj
D/ADB_SERVICES(  732):  closing because is_eof=1 r=-1 s->fde.force_eof=0
D/ADB_SERVICES(  732): entered. LS(10040) fd=23
D/NetworkController.WifiSignalController( 1083): setActivity: wifiActivity= 2
D/NetworkController.WifiSignalController( 1083): isDirty : false
D/NetworkController.WifiSignalController( 1083): Change in state from: connected=true,enabled=true,level=3,inetCondition=1,iconGroup=IconGroup(Wi-Fi Icons),activityIn=false,activityOut=false,rssi=-56,networkType=null,lastModified=11-02 10:03:18,ssid="5C"enabling=falsedisabling=falseconnecting=false
D/NetworkController.WifiSignalController( 1083): 	to: connected=true,enabled=true,level=3,inetCondition=1,iconGroup=IconGroup(Wi-Fi Icons),activityIn=false,activityOut=true,rssi=-56,networkType=null,lastModified=11-02 10:03:18,ssid="5C"enabling=falsedisabling=falseconnecting=false
D/NetworkController.WifiSignalController( 1083): Wifi notifyListeners: level= 3, wifiActivity= 2
D/SignalClusterView( 1083): setWifiIndicators, visible=true, strengthIcon=2130839041, contentDescription=WLAN
D/SignalClusterView( 1083): apply(5), mMobileVisible= true, mIsAirplaneMode= false
D/SignalClusterView( 1083): apply(), mNetworkType= Type_4G resId= 2130838971
D/NetworkController.WifiSignalController( 1083): Wifi notifyListeners: level= 3, wifiActivity= 2
D/SignalClusterView( 1083): setWifiIndicators, visible=true, strengthIcon=2130839041, contentDescription=WLAN
D/SignalClusterView( 1083): apply(5), mMobileVisible= true, mIsAirplaneMode= false
D/SignalClusterView( 1083): apply(), mNetworkType= Type_4G resId= 2130838971
D/NetworkController.WifiSignalController( 1083): Wifi notifyListeners: level= 3, wifiActivity= 2
D/SignalClusterView( 1083): setWifiIndicators, visible=true, strengthIcon=2130839041, contentDescription=WLAN
D/SignalClusterView( 1083): apply(5), mMobileVisible= true, mIsAirplaneMode= false
D/SignalClusterView( 1083): apply(), mNetworkType= Type_4G resId= 2130838971
D/NetworkController.WifiSignalController( 1083): Wifi notifyListeners: level= 3, wifiActivity= 2
D/SignalClusterView( 1083): setWifiIndicators, visible=true, strengthIcon=2130839041, contentDescription=WLAN
D/ConnectionRateView( 1083): DataConnection: new=true,old=true
D/ConnectionRateView( 1083): DataConnection: new=true,old=true
I/libPerfService(  828): perfDumpAll
I/libPerfService(  828): perfDumpAll - type:6, core:0, big:0, little:0, freq:0, freq_big:0, freq_little:0, gpu:-1
I/SurfaceFlinger(  302): [Built-in Screen (type:0)] fps:0.660664,dur:3027.26,max:2041.74,min:985.52
D/ADB_SERVICES(  732): create_local_service_socket() name=shell:dumpsys iphonesubinfo
D/ADB_SERVICES(  732): service_to_fd() name=shell:dumpsys iphonesubinfo
D/ADB_SERVICES(  732): read_meminfo() mem_free=36256
D/ADB_SERVICES(  732): create_subproc ret_fd=23 pid=3472
D/ADB_SERVICES(  732): LS(10041): bound to 'shell:dumpsys iphonesubinfo' via 23
D/ADB_SERVICES( 3472): adb: unable to update oom_score_adj
D/ADB_SERVICES(  732):  closing because is_eof=1 r=-1 s->fde.force_eof=0
D/ADB_SERVICES(  732): entered. LS(10041) fd=23
D/ADB_SERVICES(  732): create_local_service_socket() name=shell:cat /proc/3063/stat
D/ADB_SERVICES(  732): service_to_fd() name=shell:cat /proc/3063/stat
D/ADB_SERVICES(  732): read_meminfo() mem_free=36272
D/ADB_SERVICES(  732): create_subproc ret_fd=23 pid=3473
D/ADB_SERVICES(  732): LS(10042): bound to 'shell:cat /proc/3063/stat' via 23
D/ADB_SERVICES( 3473): adb: unable to update oom_score_adj
D/ADB_SERVICES(  732):  closing because is_eof=1 r=1 s->fde.force_eof=0
D/ADB_SERVICES(  732): entered. LS(10042) fd=23
D/ADB_SERVICES(  732): create_local_service_socket() name=shell:cat /proc/stat
D/ADB_SERVICES(  732): service_to_fd() name=shell:cat /proc/stat
D/ADB_SERVICES(  732): read_meminfo() mem_free=36272
D/ADB_SERVICES(  732): create_subproc ret_fd=23 pid=3474
D/ADB_SERVICES(  732): LS(10043): bound to 'shell:cat /proc/stat' via 23
D/ADB_SERVICES( 3474): adb: unable to update oom_score_adj
D/ADB_SERVICES(  732):  closing because is_eof=1 r=-1 s->fde.force_eof=0
D/ADB_SERVICES(  732): entered. LS(10043) fd=23
D/ADB_SERVICES(  732): create_local_service_socket() name=shell:cat /proc/net/xt_qtaguid/stats | grep 10153
D/ADB_SERVICES(  732): service_to_fd() name=shell:cat /proc/net/xt_qtaguid/stats | grep 10153
D/ADB_SERVICES(  732): read_meminfo() mem_free=36272
D/ADB_SERVICES(  732): create_subproc ret_fd=23 pid=3475
