--------- beginning of system
W/UsbDeviceManager(  828): sys.usb.mtpConnect = mtpConnection
D/StorageNotification( 1083): onUsbMassStorageConnectionChangedAsync - mLastState: mounted, st: mounted, mLastConnected: false, connected: false, path: /storage/sdcard1
D/StorageNotification( 1083): isAbleToShare - length:3
D/StorageNotification( 1083): isAbleToShare - allowMassStorage:falseisEmulated:true
D/StorageNotification( 1083): isAbleToShare - allowMassStorage:falseisEmulated:true
D/StorageNotification( 1083): isAbleToShare - allowMassStorage:trueisEmulated:false
D/StorageNotification( 1083): isAbleToShare - /storage/sdcard1 @ mounted
D/StorageNotification( 1083): isAbleToShare - allowedShareNum:1
D/StorageNotification( 1083): updateUsbMassStorageNotification - isStorageCanShared=true,available=false
D/VoldConnector(  828): SND -> {370 volume shared /storage/sdcard1 ums}
D/FrameworkListener(  301): dispatchCommand data = (370 volume shared /storage/sdcard1 ums)
D/VoldCmdListener(  301): volume shared /storage/sdcard1 ums
D/VoldConnector(  828): RCV <- {212 370 Share disabled}
D/VoldConnector(  828): RMV <- {212 370 Share disabled}
D/StorageNotification( 1083): updateUsbMassStorageNotification - [false]
D/StorageNotification( 1083): setUsbStorageNotification - visible: {false}
D/StorageNotification( 1083): setUsbStorageNotification - mIsLastVisible: false
D/StorageNotification( 1083): onUsbMassStorageConnectionChangedAsync - Disconnect
D/StorageNotification( 1083): onUsbMassStorageConnectionChangedAsync - mLastConnected: false
I/ActivityManager(  828): Enqueueing broadcast android.hardware.usb.action.USB_STATE
W/UsbDeviceManager(  828): sys.usb.mtpConnect = mtpConnection
D/StorageNotification( 1083): onUsbMassStorageConnectionChangedAsync - mLastState: mounted, st: mounted, mLastConnected: false, connected: false, path: /storage/sdcard1
D/StorageNotification( 1083): isAbleToShare - length:3
D/StorageNotification( 1083): isAbleToShare - allowMassStorage:falseisEmulated:true
D/StorageNotification( 1083): isAbleToShare - allowMassStorage:falseisEmulated:true
D/StorageNotification( 1083): isAbleToShare - allowMassStorage:trueisEmulated:false
D/StorageNotification( 1083): isAbleToShare - /storage/sdcard1 @ mounted
D/StorageNotification( 1083): isAbleToShare - allowedShareNum:1
D/StorageNotification( 1083): updateUsbMassStorageNotification - isStorageCanShared=true,available=false
D/VoldConnector(  828): SND -> {371 volume shared /storage/sdcard1 ums}
D/FrameworkListener(  301): dispatchCommand data = (371 volume shared /storage/sdcard1 ums)
D/VoldCmdListener(  301): volume shared /storage/sdcard1 ums
D/VoldConnector(  828): RCV <- {212 371 Share disabled}
D/VoldConnector(  828): RMV <- {212 371 Share disabled}
D/StorageNotification( 1083): updateUsbMassStorageNotification - [false]
D/StorageNotification( 1083): setUsbStorageNotification - visible: {false}
D/StorageNotification( 1083): setUsbStorageNotification - mIsLastVisible: false
D/StorageNotification( 1083): onUsbMassStorageConnectionChangedAsync - Disconnect
D/StorageNotification( 1083): onUsbMassStorageConnectionChangedAsync - mLastConnected: false
W/ActivityManager(  828): Skip forceProcessStateUpTo() to newState 8
D/ActivityManager(  828): Freeze: not process start because not in condition
I/ActivityManager(  828): Enqueueing broadcast android.intent.action.MEDIA_SCANNER_SCAN_FILE
I/ActivityManager(  828): Enqueueing broadcast android.intent.action.MEDIA_SCANNER_SCAN_FILE
D/DeviceStateService(  828): doCheckState handle=3
D/DeviceStateService(  828): doCheckState handle=4
D/DeviceStateService(  828): doCheckState handle=3
D/DeviceStateService(  828): doCheckState handle=4
I/MtpStorage(31411): MtpStorage id: 0x00010001 path: /storage/emulated/0
D/MtpServer(31411): void android::MtpServer::addStorage(android::MtpStorage*), storage->getStorageID() = 0x10001 
E/MtpServer(31411): void android::MtpServer::sendEvent(android::MtpEventCode, uint32_t): Without OpenSession to send event code = 0x4004, 
D/MtpServer(31411): void android::MtpServer::addStorage(android::MtpStorage*), mStorages.size = 1 
I/MtpStorage(31411): MtpStorage id: 0x00020001 path: /storage/sdcard1
D/MtpServer(31411): void android::MtpServer::addStorage(android::MtpStorage*), storage->getStorageID() = 0x20001 
E/MtpServer(31411): void android::MtpServer::sendEvent(android::MtpEventCode, uint32_t): Without OpenSession to send event code = 0x4004, 
D/MtpServer(31411): void android::MtpServer::addStorage(android::MtpStorage*), mStorages.size = 2 
E/MtpServer(31411): MtpServer::run mFD: 50
E/MtpServer(31411): MtpServer::run mFD: 50
E/MtpServer(31411): MtpServer::run mFD: 50
D/MtpServer(31411): void android::MtpServer::sendEvent(android::MtpEventCode, uint32_t): MtpEventCode code = 0x4006, 
E/MtpServer(31411): MtpServer::run mFD: 50
E/MtpServer(31411): MtpServer::run mFD: 50
E/MtpServer(31411): MtpServer::run mFD: 50
W/DropBoxManagerService(  828): Dropping: SYSTEM_TOMBSTONE (10 > 0 bytes)
I/thermal_repeater(  349): oh, queryMdThermalInfo (0)Bad file number
I/thermal_repeater(  349): [recvMdThermalInfo] ret=5, strLen=127, ERROR
I/ActivityManager(  828): Enqueueing broadcast android.intent.action.MEDIA_SCANNER_FINISHED
I/ActivityManager(  828): Enqueueing broadcast android.intent.action.MEDIA_SCANNER_STARTED
W/ActivityManager(  828): getRunningAppProcesses: caller 10082 does not hold REAL_GET_TASKS; limiting output
D/WifiService(  828): onReceive, action:android.intent.action.BATTERY_CHANGED
D/WifiController(  828): DeviceActiveState{ when=0 what=155652 arg1=2 target=com.android.internal.util.StateMachine$SmHandler }
D/WifiController(  828): StaEnabledState{ when=0 what=155652 arg1=2 target=com.android.internal.util.StateMachine$SmHandler }
D/WifiController(  828): DefaultState{ when=0 what=155652 arg1=2 target=com.android.internal.util.StateMachine$SmHandler }
D/WifiService(  828): onReceive, action:android.intent.action.BATTERY_CHANGED
D/WifiController(  828): DeviceActiveState{ when=0 what=155652 arg1=2 target=com.android.internal.util.StateMachine$SmHandler }
D/WifiController(  828): StaEnabledState{ when=0 what=155652 arg1=2 target=com.android.internal.util.StateMachine$SmHandler }
D/WifiController(  828): DefaultState{ when=0 what=155652 arg1=2 target=com.android.internal.util.StateMachine$SmHandler }
D/WifiService(  828): onReceive, action:android.intent.action.BATTERY_CHANGED
D/WifiController(  828): DeviceActiveState{ when=0 what=155652 arg1=2 target=com.android.internal.util.StateMachine$SmHandler }
D/WifiController(  828): StaEnabledState{ when=0 what=155652 arg1=2 target=com.android.internal.util.StateMachine$SmHandler }
D/WifiController(  828): DefaultState{ when=0 what=155652 arg1=2 target=com.android.internal.util.StateMachine$SmHandler }
D/WifiService(  828): onReceive, action:android.intent.action.BATTERY_CHANGED
D/WifiController(  828): DeviceActiveState{ when=0 what=155652 arg1=2 target=com.android.internal.util.StateMachine$SmHandler }
D/WifiController(  828): StaEnabledState{ when=0 what=155652 arg1=2 target=com.android.internal.util.StateMachine$SmHandler }
D/WifiController(  828): DefaultState{ when=0 what=155652 arg1=2 target=com.android.internal.util.StateMachine$SmHandler }
D/DisplayManagerService(  828): Display listener for pid 31853 died.
I/ActivityManager(  828): Process com.mediatek.mtklogger (pid 31853) has died
D/DisplayManagerService(  828): Display listener for pid 19764 died.
I/ActivityManager(  828): Process com.dmzj.manhua (pid 19764) has died
I/WindowState(  828): WIN DEATH: Window{cbc89cf u0 com.dmzj.manhua/com.dmzj.manhua.ui.HomeTabActivity}
D/WifiService(  828): Client connection lost with reason: 4
W/ContextImpl(  828): Calling a method in the system process without a qualified user: android.app.ContextImpl.sendBroadcast:1486 com.android.server.statusbar.StatusBarManagerService.onPanelRevealed:531 com.android.internal.statusbar.IStatusBarService$Stub.onTransact:185 android.os.Binder.execTransact:454 <bottom of call stack> 
I/thermal_repeater(  349): oh, queryMdThermalInfo (0)Bad file number
I/thermal_repeater(  349): [recvMdThermalInfo] ret=5, strLen=127, ERROR
W/ContextImpl(  828): Calling a method in the system process without a qualified user: android.app.ContextImpl.sendBroadcast:1486 com.android.server.statusbar.StatusBarManagerService.onPanelHidden:555 com.android.internal.statusbar.IStatusBarService$Stub.onTransact:192 android.os.Binder.execTransact:454 <bottom of call stack> 
W/InputMethodManagerService(  828): Window already focused, ignoring focus gain of: com.android.internal.view.IInputMethodClient$Stub$Proxy@1fc63411 attribute=null, token = android.os.BinderProxy@20ee6c2
I/ActivityManager(  828): Enqueueing broadcast android.intent.action.MEDIA_SCANNER_FINISHED
I/ActivityManager(  828): Enqueueing broadcast android.intent.action.MEDIA_SCANNER_STARTED
D/WifiService(  828): onReceive, action:android.intent.action.BATTERY_CHANGED
D/WifiController(  828): DeviceActiveState{ when=0 what=155652 arg1=2 target=com.android.internal.util.StateMachine$SmHandler }
D/WifiController(  828): StaEnabledState{ when=0 what=155652 arg1=2 target=com.android.internal.util.StateMachine$SmHandler }
D/WifiController(  828): DefaultState{ when=0 what=155652 arg1=2 target=com.android.internal.util.StateMachine$SmHandler }
I/ActivityManager(  828): Enqueueing broadcast android.hardware.usb.action.USB_STATE
W/UsbDeviceManager(  828): sys.usb.mtpConnect = mtpConnection
D/StorageNotification( 1083): onUsbMassStorageConnectionChangedAsync - mLastState: mounted, st: mounted, mLastConnected: false, connected: false, path: /storage/sdcard1
D/StorageNotification( 1083): isAbleToShare - length:3
D/StorageNotification( 1083): isAbleToShare - allowMassStorage:falseisEmulated:true
D/StorageNotification( 1083): isAbleToShare - allowMassStorage:falseisEmulated:true
D/StorageNotification( 1083): isAbleToShare - allowMassStorage:trueisEmulated:false
D/StorageNotification( 1083): isAbleToShare - /storage/sdcard1 @ mounted
D/StorageNotification( 1083): isAbleToShare - allowedShareNum:1
D/StorageNotification( 1083): updateUsbMassStorageNotification - isStorageCanShared=true,available=false
D/VoldConnector(  828): SND -> {372 volume shared /storage/sdcard1 ums}
D/FrameworkListener(  301): dispatchCommand data = (372 volume shared /storage/sdcard1 ums)
D/VoldCmdListener(  301): volume shared /storage/sdcard1 ums
D/VoldConnector(  828): RCV <- {212 372 Share disabled}
D/VoldConnector(  828): RMV <- {212 372 Share disabled}
D/StorageNotification( 1083): updateUsbMassStorageNotification - [false]
D/StorageNotification( 1083): setUsbStorageNotification - visible: {false}
D/StorageNotification( 1083): setUsbStorageNotification - mIsLastVisible: false
D/StorageNotification( 1083): onUsbMassStorageConnectionChangedAsync - Disconnect
D/StorageNotification( 1083): onUsbMassStorageConnectionChangedAsync - mLastConnected: false
D/WifiService(  828): onReceive, action:android.intent.action.BATTERY_CHANGED
D/WifiController(  828): DeviceActiveState{ when=-1ms what=155652 arg1=2 target=com.android.internal.util.StateMachine$SmHandler }
D/WifiController(  828): StaEnabledState{ when=-1ms what=155652 arg1=2 target=com.android.internal.util.StateMachine$SmHandler }
D/WifiController(  828): DefaultState{ when=-1ms what=155652 arg1=2 target=com.android.internal.util.StateMachine$SmHandler }
W/ActivityManager(  828): Skip forceProcessStateUpTo() to newState 8
I/ActivityManager(  828): Enqueueing broadcast android.hardware.usb.action.USB_STATE
W/UsbDeviceManager(  828): sys.usb.mtpConnect = mtpConnection
D/StorageNotification( 1083): onUsbMassStorageConnectionChangedAsync - mLastState: mounted, st: mounted, mLastConnected: false, connected: false, path: /storage/sdcard1
D/StorageNotification( 1083): isAbleToShare - length:3
D/StorageNotification( 1083): isAbleToShare - allowMassStorage:falseisEmulated:true
D/StorageNotification( 1083): isAbleToShare - allowMassStorage:falseisEmulated:true
D/StorageNotification( 1083): isAbleToShare - allowMassStorage:trueisEmulated:false
D/StorageNotification( 1083): isAbleToShare - /storage/sdcard1 @ mounted
D/StorageNotification( 1083): isAbleToShare - allowedShareNum:1
D/StorageNotification( 1083): updateUsbMassStorageNotification - isStorageCanShared=true,available=false
D/VoldConnector(  828): SND -> {373 volume shared /storage/sdcard1 ums}
D/FrameworkListener(  301): dispatchCommand data = (373 volume shared /storage/sdcard1 ums)
D/VoldCmdListener(  301): volume shared /storage/sdcard1 ums
D/VoldConnector(  828): RCV <- {212 373 Share disabled}
D/VoldConnector(  828): RMV <- {212 373 Share disabled}
D/StorageNotification( 1083): updateUsbMassStorageNotification - [false]
D/StorageNotification( 1083): setUsbStorageNotification - visible: {false}
D/StorageNotification( 1083): setUsbStorageNotification - mIsLastVisible: false
D/StorageNotification( 1083): onUsbMassStorageConnectionChangedAsync - Disconnect
D/StorageNotification( 1083): onUsbMassStorageConnectionChangedAsync - mLastConnected: false
W/ActivityManager(  828): getRunningAppProcesses: caller 10010 does not hold REAL_GET_TASKS; limiting output
I/ActivityManager(  828): Enqueueing broadcast android.hardware.usb.action.USB_STATE
W/UsbDeviceManager(  828): sys.usb.mtpConnect = mtpConnection
D/StorageNotification( 1083): onUsbMassStorageConnectionChangedAsync - mLastState: mounted, st: mounted, mLastConnected: false, connected: false, path: /storage/sdcard1
D/StorageNotification( 1083): isAbleToShare - length:3
D/StorageNotification( 1083): isAbleToShare - allowMassStorage:falseisEmulated:true
D/StorageNotification( 1083): isAbleToShare - allowMassStorage:falseisEmulated:true
D/StorageNotification( 1083): isAbleToShare - allowMassStorage:trueisEmulated:false
D/StorageNotification( 1083): isAbleToShare - /storage/sdcard1 @ mounted
D/StorageNotification( 1083): isAbleToShare - allowedShareNum:1
D/StorageNotification( 1083): updateUsbMassStorageNotification - isStorageCanShared=true,available=false
D/VoldConnector(  828): SND -> {374 volume shared /storage/sdcard1 ums}
D/FrameworkListener(  301): dispatchCommand data = (374 volume shared /storage/sdcard1 ums)
D/VoldCmdListener(  301): volume shared /storage/sdcard1 ums
D/VoldConnector(  828): RCV <- {212 374 Share disabled}
D/WifiService(  828): onReceive, action:android.intent.action.BATTERY_CHANGED
D/WifiController(  828): DeviceActiveState{ when=-1ms what=155652 arg1=2 target=com.android.internal.util.StateMachine$SmHandler }
D/WifiController(  828): StaEnabledState{ when=-1ms what=155652 arg1=2 target=com.android.internal.util.StateMachine$SmHandler }
D/WifiController(  828): DefaultState{ when=-1ms what=155652 arg1=2 target=com.android.internal.util.StateMachine$SmHandler }
D/VoldConnector(  828): RMV <- {212 374 Share disabled}
D/StorageNotification( 1083): updateUsbMassStorageNotification - [false]
D/StorageNotification( 1083): setUsbStorageNotification - visible: {false}
D/StorageNotification( 1083): setUsbStorageNotification - mIsLastVisible: false
D/StorageNotification( 1083): onUsbMassStorageConnectionChangedAsync - Disconnect
D/StorageNotification( 1083): onUsbMassStorageConnectionChangedAsync - mLastConnected: false
D/ActivityManager(  828): Freeze: not process start because not in condition
I/ActivityManager(  828): Enqueueing broadcast android.intent.action.MEDIA_SCANNER_SCAN_FILE
I/ActivityManager(  828): Enqueueing broadcast android.intent.action.MEDIA_SCANNER_SCAN_FILE
D/DeviceStateService(  828): doCheckState handle=3
D/DeviceStateService(  828): doCheckState handle=4
I/ActivityManager(  828): START u0 {act=com.android.systemui.recents.SHOW_RECENTS flg=0x10804000 cmp=com.android.systemui/.recents.RecentsActivity} from uid 10029 on display 0 from pid 1083
D/ActivityManager(  828): Freeze: not process binding because null app
D/DeviceStateService(  828): doCheckState handle=3
D/DeviceStateService(  828): doCheckState handle=4
I/MtpStorage(31411): MtpStorage id: 0x00010001 path: /storage/emulated/0
D/MtpServer(31411): void android::MtpServer::addStorage(android::MtpStorage*), storage->getStorageID() = 0x10001 
E/MtpServer(31411): void android::MtpServer::sendEvent(android::MtpEventCode, uint32_t): Without OpenSession to send event code = 0x4004, 
D/MtpServer(31411): void android::MtpServer::addStorage(android::MtpStorage*), mStorages.size = 1 
I/MtpStorage(31411): MtpStorage id: 0x00020001 path: /storage/sdcard1
D/MtpServer(31411): void android::MtpServer::addStorage(android::MtpStorage*), storage->getStorageID() = 0x20001 
E/MtpServer(31411): void android::MtpServer::sendEvent(android::MtpEventCode, uint32_t): Without OpenSession to send event code = 0x4004, 
D/MtpServer(31411): void android::MtpServer::addStorage(android::MtpStorage*), mStorages.size = 2 
E/MtpServer(31411): MtpServer::run mFD: 37
E/MtpServer(31411): MtpServer::run mFD: 37
E/MtpServer(31411): MtpServer::run mFD: 37
D/MtpServer(31411): void android::MtpServer::sendEvent(android::MtpEventCode, uint32_t): MtpEventCode code = 0x4006, 
E/MtpServer(31411): MtpServer::run mFD: 37
E/MtpServer(31411): MtpServer::run mFD: 37
E/MtpServer(31411): MtpServer::run mFD: 37
V/NetworkStats(  828): setKernelCounterSet uid=10014 set=0
D/ConnectivityService(  828): onUidRulesChanged(uid=10014, uidRules=0)
D/TaskPersister(  828): removeObsoleteFile: deleting file=20437_task.xml
D/TaskPersister(  828): removeObsoleteFile: deleting file=20437_task_thumbnail.png
I/ActivityManager(  828): Killing 26237:tv.danmaku.bili/u0a97 (adj 9): remove task
D/TaskPersister(  828): removeObsoleteFile: deleting file=20436_task.xml
D/TaskPersister(  828): removeObsoleteFile: deleting file=20436_task_thumbnail.png
I/ActivityManager(  828): Stopping service com.tencent.mobileqq/.msf.service.MsfService: remove task
D/TaskPersister(  828): removeObsoleteFile: deleting file=20366_task.xml
D/TaskPersister(  828): removeObsoleteFile: deleting file=20435_task.xml
I/ActivityManager(  828): Killing 26459:tv.danmaku.bili:pushservice/u0a97 (adj 8): remove task
D/TaskPersister(  828): removeObsoleteFile: deleting file=20366_task_thumbnail.png
D/TaskPersister(  828): removeObsoleteFile: deleting file=20435_task_thumbnail.png
I/ActivityManager(  828): Killing 26066:com.UCMobile:push/u0a113 (adj 5): remove task
D/TaskPersister(  828): removeObsoleteFile: deleting file=20434_task.xml
D/TaskPersister(  828): removeObsoleteFile: deleting file=20434_task_thumbnail.png
D/TaskPersister(  828): removeObsoleteFile: deleting file=20432_task.xml
D/TaskPersister(  828): removeObsoleteFile: deleting file=20432_task_thumbnail.png
D/TaskPersister(  828): removeObsoleteFile: deleting file=20430_task.xml
D/DisplayManagerService(  828): Display listener for pid 26459 died.
W/ActivityManager(  828): Scheduling restart of crashed service tv.danmaku.bili/com.xiaomi.push.service.XMPushService in 1000ms
D/TaskPersister(  828): removeObsoleteFile: deleting file=20430_task_thumbnail.png
I/ActivityManager(  828): Killing 29825:com.meizu.safe:Remote/1000 (adj 5): remove task
D/TaskPersister(  828): removeObsoleteFile: deleting file=20367_task.xml
D/TaskPersister(  828): removeObsoleteFile: deleting file=20425_task.xml
D/TaskPersister(  828): removeObsoleteFile: deleting file=20426_task.xml
D/TaskPersister(  828): removeObsoleteFile: deleting file=20367_task_thumbnail.png
D/TaskPersister(  828): removeObsoleteFile: deleting file=20425_task_thumbnail.png
D/TaskPersister(  828): removeObsoleteFile: deleting file=20426_task_thumbnail.png
D/TaskPersister(  828): removeObsoleteFile: deleting file=20411_task.xml
D/TaskPersister(  828): removeObsoleteFile: deleting file=20393_task.xml
D/TaskPersister(  828): removeObsoleteFile: deleting file=20396_task.xml
D/TaskPersister(  828): removeObsoleteFile: deleting file=20406_task.xml
D/TaskPersister(  828): removeObsoleteFile: deleting file=20418_task.xml
D/TaskPersister(  828): removeObsoleteFile: deleting file=20416_task.xml
D/TaskPersister(  828): removeObsoleteFile: deleting file=20411_task_thumbnail.png
D/TaskPersister(  828): removeObsoleteFile: deleting file=20393_task_thumbnail.png
D/TaskPersister(  828): removeObsoleteFile: deleting file=20396_task_thumbnail.png
D/TaskPersister(  828): removeObsoleteFile: deleting file=20406_task_thumbnail.png
D/TaskPersister(  828): removeObsoleteFile: deleting file=20418_task_thumbnail.png
I/ActivityManager(  828): Force stopping com.dmzj.manhua appid=10078 user=0: from pid 1083
I/ActivityManager(  828): Killing 11832:com.meizu.safe/1000 (adj 5): remove task
D/TaskPersister(  828): removeObsoleteFile: deleting file=20416_task_thumbnail.png
I/ActivityManager(  828):   Force finishing activity 3 ActivityRecord{2eaad1f5 u0 com.dmzj.manhua/.ui.HomeTabActivity t20434 f}
W/ActivityManager(  828): Duplicate finish request for ActivityRecord{2eaad1f5 u0 com.dmzj.manhua/.ui.HomeTabActivity t20434 f}
D/TaskPersister(  828): removeObsoleteFile: deleting file=20378_task.xml
D/TaskPersister(  828): removeObsoleteFile: deleting file=20372_task.xml
D/TaskPersister(  828): removeObsoleteFile: deleting file=20374_task.xml
D/TaskPersister(  828): removeObsoleteFile: deleting file=20392_task.xml
D/TaskPersister(  828): removeObsoleteFile: deleting file=20387_task.xml
D/TaskPersister(  828): removeObsoleteFile: deleting file=20388_task.xml
D/TaskPersister(  828): removeObsoleteFile: deleting file=20372_task_thumbnail.png
D/TaskPersister(  828): removeObsoleteFile: deleting file=20378_task_thumbnail.png
D/TaskPersister(  828): removeObsoleteFile: deleting file=20374_task_thumbnail.png
D/TaskPersister(  828): removeObsoleteFile: deleting file=20392_task_thumbnail.png
I/ActivityManager(  828): Force stopping com.fanli.android.apps appid=10146 user=0: from pid 1083
D/TaskPersister(  828): removeObsoleteFile: deleting file=20387_task_thumbnail.png
D/TaskPersister(  828): removeObsoleteFile: deleting file=20388_task_thumbnail.png
I/ActivityManager(  828): Force stopping com.meizu.filemanager appid=10045 user=0: from pid 1083
I/ActivityManager(  828): Force stopping com.aliyun.ams.tyid appid=10033 user=0: from pid 1083
I/ActivityManager(  828): Killing 9735:com.aliyun.ams.tyid/u0a33 (adj 1): stop com.aliyun.ams.tyid
W/ActivityManager(  828): Scheduling restart of crashed service com.aliyun.ams.tyid/com.aliyun.ams.flyme.yunosaccount.service.YunOSAuthToken in 10960ms
I/ActivityManager(  828):   Force stopping service ServiceRecord{2717019d u0 com.aliyun.ams.tyid/com.aliyun.ams.flyme.yunosaccount.service.YunOSAuthToken}
D/DisplayManagerService(  828): Display listener for pid 26066 died.
D/WifiService(  828): Client connection lost with reason: 4
D/DisplayManagerService(  828): Display listener for pid 11832 died.
D/WifiService(  828): Client connection lost with reason: 4
D/DisplayManagerService(  828): Display listener for pid 29825 died.
D/WifiService(  828): Client connection lost with reason: 4
D/DisplayManagerService(  828): Display listener for pid 26237 died.
I/WindowState(  828): WIN DEATH: Window{1b2dfc0a u0 tv.danmaku.bili/tv.danmaku.bili.ui.video.VideoDetailsActivity}
I/WindowState(  828): WIN DEATH: Window{13572b6d u0 tv.danmaku.bili/tv.danmaku.bili.MainActivity}
D/DisplayManagerService(  828): Display listener for pid 9735 died.
D/WifiService(  828): Client connection lost with reason: 4
W/BroadcastQueue(  828): Failure sending broadcast Intent { act=android.intent.action.PACKAGE_RESTARTED dat=package:com.aliyun.ams.tyid flg=0x10 (has extras) }
W/BroadcastQueue(  828): android.os.TransactionTooLargeException
W/BroadcastQueue(  828): 	at android.os.BinderProxy.transactNative(Native Method)
W/BroadcastQueue(  828): 	at android.os.BinderProxy.transact(Binder.java:507)
W/BroadcastQueue(  828): 	at android.app.ApplicationThreadProxy.scheduleRegisteredReceiver(ApplicationThreadNative.java:1202)
W/BroadcastQueue(  828): 	at com.android.server.am.BroadcastQueue.performReceiveLocked(BroadcastQueue.java:528)
W/BroadcastQueue(  828): 	at com.android.server.am.BroadcastQueue.deliverToRegisteredReceiverLocked(BroadcastQueue.java:654)
W/BroadcastQueue(  828): 	at com.android.server.am.BroadcastQueue.processNextBroadcast(BroadcastQueue.java:720)
W/BroadcastQueue(  828): 	at com.android.server.am.BroadcastQueue$BroadcastHandler.handleMessage(BroadcastQueue.java:208)
W/BroadcastQueue(  828): 	at android.os.Handler.dispatchMessage(Handler.java:111)
W/BroadcastQueue(  828): 	at android.os.Looper.loop(Looper.java:199)
W/BroadcastQueue(  828): 	at android.os.HandlerThread.run(HandlerThread.java:61)
W/BroadcastQueue(  828): 	at com.android.server.ServiceThread.run(ServiceThread.java:46)
W/ActivityManager(  828): Scheduling restart of crashed service com.UCMobile/com.ucweb.message.PushService in 10844ms
W/ActivityManager(  828): Canceling start item Intent { cmp=com.meizu.safe/com.meizu.networkmanager.v2.TrafficCoreService } in service ComponentInfo{com.meizu.safe/com.meizu.networkmanager.v2.TrafficCoreService}
W/ActivityManager(  828): Scheduling restart of crashed service com.meizu.safe/com.meizu.networkmanager.v2.TrafficCoreService in 6525123910487244800ms
W/ActivityManager(  828): Scheduling restart of crashed service com.meizu.safe/.SafeSecureService in 20842ms
W/ActivityManager(  828): Scheduling restart of crashed service com.meizu.safe/com.meizu.networkmanager.service.AutoUpdateWidgetProviderService in 30841ms
W/ActivityManager(  828): Scheduling restart of crashed service com.meizu.safe/com.meizu.power.PowerService in 40837ms
I/ActivityManager(  828): Force stopping com.meizu.flyme.scanner appid=10117 user=0: from pid 1083
I/ActivityManager(  828): Force stopping com.tmall.wireless appid=10091 user=0: from pid 1083
I/ActivityManager(  828): Force stopping com.kankan.player appid=10120 user=0: from pid 1083
I/ActivityManager(  828): Force stopping com.chaozh.iReaderFree appid=10085 user=0: from pid 1083
I/ActivityManager(  828): Force stopping com.meizu.net.search appid=10070 user=0: from pid 1083
I/ActivityManager(  828): Force stopping com.meizu.net.map appid=10053 user=0: from pid 1083
I/ActivityManager(  828): Force stopping tv.danmaku.bili appid=10097 user=0: from pid 1083
I/ActivityManager(  828):   Force stopping service ServiceRecord{2922fb4c u0 tv.danmaku.bili/com.xiaomi.push.service.XMPushService}
V/AlarmManager(  828): remove(package) changed bounds; rebatching
D/AlarmManager(  828): rebatchAllAlarmsLocked begin oldBatches count = 46
V/AlarmManager(  828): isAlarmNeedAlign : charging
V/AlarmManager(  828): isAlarmNeedAlign : charging
V/AlarmManager(  828): isAlarmNeedAlign : charging
V/AlarmManager(  828): isAlarmNeedAlign : charging
V/AlarmManager(  828): isAlarmNeedAlign : charging
V/AlarmManager(  828): isAlarmNeedAlign : charging
V/AlarmManager(  828): isAlarmNeedAlign : charging
I/ActivityManager(  828): Force stopping com.sina.weibo appid=10110 user=0: from pid 1083
I/ActivityManager(  828): Force stopping com.UCMobile appid=10113 user=0: from pid 1083
I/ActivityManager(  828): Killing 26178:com.UCMobile:DownloadService/u0a113 (adj 1): stop com.UCMobile
W/ActivityManager(  828): Scheduling restart of crashed service com.UCMobile/com.uc.browser.core.download.service.RemoteDownloadService in 50807ms
I/ActivityManager(  828): Killing 25979:com.UCMobile/u0a113 (adj 0): stop com.UCMobile
W/ActivityManager(  828): Scheduling restart of crashed service com.UCMobile/.main.NotificationService in 60806ms
V/AlarmManager(  828): isAlarmNeedAlign : charging
V/AlarmManager(  828): isAlarmNeedAlign : charging
I/ActivityManager(  828):   Force stopping service ServiceRecord{1f3a0415 u0 com.UCMobile/com.uc.browser.core.download.service.RemoteDownloadService}
I/ActivityManager(  828):   Force stopping service ServiceRecord{3956e622 u0 com.UCMobile/.main.NotificationService}
V/AlarmManager(  828): isAlarmNeedAlign : charging
I/ActivityManager(  828):   Force stopping service ServiceRecord{2b745b2b u0 com.UCMobile/com.ucweb.message.PushService}
V/AlarmManager(  828): isAlarmNeedAlign : charging
V/AlarmManager(  828): isAlarmNeedAlign : charging
V/AlarmManager(  828): isAlarmNeedAlign : charging
V/AlarmManager(  828): isAlarmNeedAlign : charging
V/AlarmManager(  828): isAlarmNeedAlign : charging
V/AlarmManager(  828): isAlarmNeedAlign : charging
V/AlarmManager(  828): isAlarmNeedAlign : charging
V/AlarmManager(  828): isAlarmNeedAlign : charging
V/AlarmManager(  828): isAlarmNeedAlign : charging
V/AlarmManager(  828): isAlarmNeedAlign : charging
V/AlarmManager(  828): isAlarmNeedAlign : charging
V/AlarmManager(  828): isAlarmNeedAlign : charging
V/AlarmManager(  828): isAlarmNeedAlign : charging
V/AlarmManager(  828): isAlarmNeedAlign : charging
V/AlarmManager(  828): isAlarmNeedAlign : charging
V/AlarmManager(  828): isAlarmNeedAlign : charging
V/AlarmManager(  828): isAlarmNeedAlign : charging
V/AlarmManager(  828): isAlarmNeedAlign : charging
D/AlarmManager(  828): rebatchAllAlarmsLocked end
V/AlarmManager(  828): remove(package) changed bounds; rebatching
D/AlarmManager(  828): rebatchAllAlarmsLocked begin oldBatches count = 43
V/AlarmManager(  828): isAlarmNeedAlign : charging
V/AlarmManager(  828): isAlarmNeedAlign : charging
V/AlarmManager(  828): isAlarmNeedAlign : charging
V/AlarmManager(  828): isAlarmNeedAlign : charging
V/AlarmManager(  828): isAlarmNeedAlign : charging
V/AlarmManager(  828): isAlarmNeedAlign : charging
V/AlarmManager(  828): isAlarmNeedAlign : charging
V/AlarmManager(  828): isAlarmNeedAlign : charging
V/AlarmManager(  828): isAlarmNeedAlign : charging
V/AlarmManager(  828): isAlarmNeedAlign : charging
V/AlarmManager(  828): isAlarmNeedAlign : charging
V/AlarmManager(  828): isAlarmNeedAlign : charging
V/AlarmManager(  828): isAlarmNeedAlign : charging
V/AlarmManager(  828): isAlarmNeedAlign : charging
V/AlarmManager(  828): isAlarmNeedAlign : charging
I/ActivityManager(  828): Force stopping com.jsmcc appid=10126 user=0: from pid 1083
V/AlarmManager(  828): isAlarmNeedAlign : charging
V/AlarmManager(  828): isAlarmNeedAlign : charging
V/AlarmManager(  828): isAlarmNeedAlign : charging
V/AlarmManager(  828): isAlarmNeedAlign : charging
V/AlarmManager(  828): isAlarmNeedAlign : charging
V/AlarmManager(  828): isAlarmNeedAlign : charging
V/AlarmManager(  828): isAlarmNeedAlign : charging
V/AlarmManager(  828): isAlarmNeedAlign : charging
V/AlarmManager(  828): isAlarmNeedAlign : charging
D/AlarmManager(  828): rebatchAllAlarmsLocked end
I/ActivityManager(  828): Force stopping com.taobao.taobao appid=10119 user=0: from pid 1083
I/ActivityManager(  828): Force stopping com.meizu.media.camera appid=10040 user=0: from pid 1083
I/ActivityManager(  828): Force stopping yong.tank appid=10153 user=0: from pid 1083
I/ActivityManager(  828): Force stopping com.android.browser appid=10004 user=0: from pid 1083
D/DisplayManagerService(  828): Display listener for pid 25979 died.
D/WifiService(  828): Client connection lost with reason: 4
D/DisplayManagerService(  828): Display listener for pid 26178 died.
I/libprocessgroup(  828): Killing pid 26569 in uid 10113 as part of process group 25979
I/libprocessgroup(  828): Killing pid 26569 in uid 10113 as part of process group 25979
I/libprocessgroup(  828): Killing pid 26569 in uid 10113 as part of process group 25979
I/thermal_repeater(  349): oh, queryMdThermalInfo (0)Bad file number
I/thermal_repeater(  349): [recvMdThermalInfo] ret=5, strLen=127, ERROR
D/ConnectivityService(  828): onUidRulesChanged(uid=10014, uidRules=0)
V/NetworkStats(  828): setKernelCounterSet uid=10014 set=1
D/AlarmManager(  828): set alarm to RTC 2-137382178-22:01:25
D/AlarmManager(  828): set alarm to RTC 3-137356853-22:00:59
D/AlarmManager(  828): sending alarm Alarm{175305c8 type 2 when 22:00:48 start 22:00:48 end 22:00:48 com.tencent.mm}and operation:ALARM_ACTION(10108)
I/ActivityManager(  828): Enqueueing broadcast ALARM_ACTION(10108)
V/AlarmManager(  828): isAlarmNeedAlign : charging
D/AlarmManager(  828): set alarm to RTC 2-137365624-22:01:08
V/AlarmManager(  828): isAlarmNeedAlign : charging
V/AlarmManager(  828): remove(operation) changed bounds; rebatching ALARM_ACTION(10108)
D/AlarmManager(  828): rebatchAllAlarmsLocked begin oldBatches count = 43
V/AlarmManager(  828): isAlarmNeedAlign : charging
V/AlarmManager(  828): isAlarmNeedAlign : charging
V/AlarmManager(  828): isAlarmNeedAlign : charging
V/AlarmManager(  828): isAlarmNeedAlign : charging
V/AlarmManager(  828): isAlarmNeedAlign : charging
V/AlarmManager(  828): isAlarmNeedAlign : charging
V/AlarmManager(  828): isAlarmNeedAlign : charging
V/AlarmManager(  828): isAlarmNeedAlign : charging
V/AlarmManager(  828): isAlarmNeedAlign : charging
V/AlarmManager(  828): isAlarmNeedAlign : charging
V/AlarmManager(  828): isAlarmNeedAlign : charging
V/AlarmManager(  828): isAlarmNeedAlign : charging
V/AlarmManager(  828): isAlarmNeedAlign : charging
V/AlarmManager(  828): isAlarmNeedAlign : charging
V/AlarmManager(  828): isAlarmNeedAlign : charging
V/AlarmManager(  828): isAlarmNeedAlign : charging
V/AlarmManager(  828): isAlarmNeedAlign : charging
V/AlarmManager(  828): isAlarmNeedAlign : charging
V/AlarmManager(  828): isAlarmNeedAlign : charging
V/AlarmManager(  828): isAlarmNeedAlign : charging
V/AlarmManager(  828): isAlarmNeedAlign : charging
V/AlarmManager(  828): isAlarmNeedAlign : charging
V/AlarmManager(  828): isAlarmNeedAlign : charging
V/AlarmManager(  828): isAlarmNeedAlign : charging
V/AlarmManager(  828): isAlarmNeedAlign : charging
D/AlarmManager(  828): rebatchAllAlarmsLocked end
V/AlarmManager(  828): isAlarmNeedAlign : charging
V/AlarmManager(  828): remove(operation) changed bounds; rebatching ALARM_ACTION(10108)
D/AlarmManager(  828): rebatchAllAlarmsLocked begin oldBatches count = 42
V/AlarmManager(  828): isAlarmNeedAlign : charging
V/AlarmManager(  828): isAlarmNeedAlign : charging
V/AlarmManager(  828): isAlarmNeedAlign : charging
V/AlarmManager(  828): isAlarmNeedAlign : charging
V/AlarmManager(  828): isAlarmNeedAlign : charging
V/AlarmManager(  828): isAlarmNeedAlign : charging
V/AlarmManager(  828): isAlarmNeedAlign : charging
V/AlarmManager(  828): isAlarmNeedAlign : charging
V/AlarmManager(  828): isAlarmNeedAlign : charging
V/AlarmManager(  828): isAlarmNeedAlign : charging
V/AlarmManager(  828): isAlarmNeedAlign : charging
V/AlarmManager(  828): isAlarmNeedAlign : charging
V/AlarmManager(  828): isAlarmNeedAlign : charging
V/AlarmManager(  828): isAlarmNeedAlign : charging
V/AlarmManager(  828): isAlarmNeedAlign : charging
V/AlarmManager(  828): isAlarmNeedAlign : charging
V/AlarmManager(  828): isAlarmNeedAlign : charging
V/AlarmManager(  828): isAlarmNeedAlign : charging
V/AlarmManager(  828): isAlarmNeedAlign : charging
V/AlarmManager(  828): isAlarmNeedAlign : charging
V/AlarmManager(  828): isAlarmNeedAlign : charging
V/AlarmManager(  828): isAlarmNeedAlign : charging
V/AlarmManager(  828): isAlarmNeedAlign : charging
V/AlarmManager(  828): isAlarmNeedAlign : charging
V/AlarmManager(  828): isAlarmNeedAlign : charging
D/AlarmManager(  828): rebatchAllAlarmsLocked end
D/AlarmManager(  828): set alarm to RTC 2-137382179-22:01:25
W/ActivityManager(  828): getRunningAppProcesses: caller 10102 does not hold REAL_GET_TASKS; limiting output
I/thermal_repeater(  349): oh, queryMdThermalInfo (0)Bad file number
I/thermal_repeater(  349): [recvMdThermalInfo] ret=5, strLen=127, ERROR
D/FrameworkListener(  322): dispatchCommand data = (getaddrinfo uxip.meizu.com ^ 1024 0 1 0 0)
D/DisplayManagerService(  828): Display listener for pid 31920 died.
I/ActivityManager(  828): Process com.mediatek.mtklogger (pid 31920) has died
I/PackageManager(  828): init_copy idx=0: InstallParams{2011209f file=/data/local/tmp/yong.tank cid=null}
D/ActivityManager(  828): Freeze: not process binding because null app
D/ActivityManager(  828): Freeze: not process bringup because null app
I/PackageManager(  828): mcs_bound
I/PackageManager(  828): startCopy UserHandle{-1}: InstallParams{2011209f file=/data/local/tmp/yong.tank cid=null}
D/DefContainer(32021): Copying /data/local/tmp/yong.tank to base.apk
I/PackageManager(  828): Apk copy done
D/PackageManager(  828): installPackageLI: path=/data/app/vmdl910413873.tmp
I/PackageManager(  828): Start parsing apk: null
I/PackageManager(  828): Parsing done for apk: null
D/PackageManager(  828): manifestDigest was not present, but parser got: ManifestDigest {mDigest=71,71,88,25,b4,49,0b,e3,56,9f,1f,58,cd,09,8c,71,86,85,8e,c0,9f,0b,fc,ad,8d,a2,3f,fb,38,5a,19,65,}
D/PackageManager(  828): Replace existing pacakge: yong.tank
D/PackageManager(  828): Existing package: PackageSetting{3d35aa8 yong.tank/10153}
I/PackageManager(  828): Start installation for package: null
D/PackageManager(  828): replacePackageLI: new=Package{340ba6f0 yong.tank}, old=Package{342934c4 yong.tank}
D/PackageManager(  828): replaceNonSystemPackageLI: new=Package{340ba6f0 yong.tank}, old=Package{342934c4 yong.tank}
I/ActivityManager(  828): Force stopping yong.tank appid=10153 user=-1: uninstall pkg
I/PackageManager(  828): args=com.android.server.pm.PackageManagerService$FileInstallArgs@3736469
I/PackageManager(  828): Package yong.tank codePath changed from /data/app/yong.tank-1 to /data/app/yong.tank-2; Retaining data and using new
I/PackageManager(  828): Linking native library dir for /data/app/yong.tank-2
I/PackageManager(  828): Perform pre-dex opt for package: yong.tank
I/PackageManager(  828): Running dexopt on: /data/app/yong.tank-2/base.apk pkg=yong.tank isa=arm64 vmSafeMode=false
I/thermal_repeater(  349): oh, queryMdThermalInfo (0)Bad file number
I/thermal_repeater(  349): [recvMdThermalInfo] ret=5, strLen=127, ERROR
I/ActivityManager(  828): Enqueueing broadcast android.intent.action.MEDIA_SCANNER_FINISHED
I/ActivityManager(  828): Enqueueing broadcast android.intent.action.MEDIA_SCANNER_STARTED
I/PackageManager(  828): Dexopt done on: yong.tank
W/PackageManager(  828): Code path for pkg : yong.tank changing from /data/app/yong.tank-1 to /data/app/yong.tank-2
W/PackageManager(  828): Resource path for pkg : yong.tank changing from /data/app/yong.tank-1 to /data/app/yong.tank-2
I/ActivityManager(  828): Force stopping yong.tank appid=10153 user=-1: update pkg
D/PackageManager(  828): New package installed in /data/app/yong.tank-2
I/PackageManager(  828): Installation done for package: null
I/PackageManager(  828): mcs_check
I/PackageManager(  828): mcs_check(true, 1)
I/ActivityManager(  828): Force stopping yong.tank appid=10153 user=0: pkg removed
I/ActivityManager(  828): Enqueueing broadcast android.intent.action.PACKAGE_REMOVED
W/ActivityManager(  828): Skipping broadcast of Intent { act=android.intent.action.PACKAGE_REMOVED dat=package:yong.tank flg=0x4000010 (has extras) }: user 10 is stopped
I/ActivityManager(  828): Enqueueing broadcast android.intent.action.PACKAGE_ADDED
W/ActivityManager(  828): Skipping broadcast of Intent { act=android.intent.action.PACKAGE_ADDED dat=package:yong.tank flg=0x4000010 (has extras) }: user 10 is stopped
I/ActivityManager(  828): Enqueueing broadcast android.intent.action.PACKAGE_REPLACED
W/ActivityManager(  828): Skipping broadcast of Intent { act=android.intent.action.PACKAGE_REPLACED dat=package:yong.tank flg=0x4000010 (has extras) }: user 10 is stopped
D/ConnectivityService(  828): onUidRulesChanged(uid=10153, uidRules=0)
W/ActivityManager(  828): Skipping broadcast of Intent { act=android.intent.action.MY_PACKAGE_REPLACED flg=0x4000010 pkg=yong.tank (has extras) }: user 10 is stopped
W/ContextImpl( 1687): Calling a method in the system process without a qualified user: android.app.ContextImpl.startService:1875 android.content.ContextWrapper.startService:516 com.aliyun.ams.secure.service.p.a:-1 com.aliyun.ams.secure.service.a.b:-1 com.aliyun.Security.Manager.b.c.b:-1 
D/ActivityManager(  828): Freeze: not process start because not in condition
D/ActivityManager(  828): Freeze: not process bringup because null app
W/ContextImpl( 1687): Calling a method in the system process without a qualified user: android.app.ContextImpl.startService:1875 android.content.ContextWrapper.startService:516 com.aliyun.ams.secure.service.p.a:-1 com.aliyun.ams.secure.service.a.a:-1 com.aliyun.Security.Manager.b.c.a:-1 
D/ActivityManager(  828): Freeze: not process start because not in condition
D/ActivityManager(  828): Freeze: not process bringup because null app
W/ContextImpl( 1687): Calling a method in the system process without a qualified user: android.app.ContextImpl.startService:1875 android.content.ContextWrapper.startService:516 com.aliyun.ams.secure.service.p.a:-1 com.aliyun.ams.secure.service.q.a:-1 com.aliyun.Security.Manager.b.c.a:-1 
D/ActivityManager(  828): Freeze: not process start because not in condition
D/ActivityManager(  828): Freeze: not process bringup because null app
I/AppWidgetServiceImpl(  828): Received broadcast: android.intent.action.PACKAGE_REMOVED
D/JobSchedulerService(  828): Receieved: android.intent.action.PACKAGE_REMOVED
D/NetdConnector(  828): SND -> {2880 network permission user clear 1010153 10153}
D/FrameworkListener(  322): dispatchCommand data = (2880 network permission user clear 1010153 10153)
D/NetdConnector(  828): RCV <- {200 2880 success}
D/NetdConnector(  828): RMV <- {200 2880 success}
I/AppWidgetServiceImpl(  828): Received broadcast: android.intent.action.PACKAGE_ADDED
I/AppWidgetServiceImpl(  828): getInstalledProvidersForProfiles() 0
W/ActivityManager(  828): Unable to start service Intent { act=com.taobao.accs.intent.action.RECEIVE pkg=com.eg.android.AlipayGphone cmp=com.eg.android.AlipayGphone/com.taobao.accs.data.MsgDistributeService (has extras) } U=0: not found
W/VoiceInteractionManagerService(  828): no available voice recognition services found for user 0
W/ActivityManager(  828): Skip forceProcessStateUpTo() to newState 8
W/ActivityThread(32060): ClassLoader.loadClass: The class loader returned by Thread.getContextClassLoader() may fail for processes that host multiple applications. You should explicitly specify a context class loader. For example: Thread.setContextClassLoader(getClass().getClassLoader());
D/FrameworkListener(  322): dispatchCommand data = (getaddrinfo update.avlyun.com ^ 1024 0 1 0 0)
I/PackageManager(  828): init_copy idx=0: InstallParams{3f23397a file=/data/local/tmp/yong.tank.test cid=null}
I/PackageManager(  828): mcs_bound
I/PackageManager(  828): startCopy UserHandle{-1}: InstallParams{3f23397a file=/data/local/tmp/yong.tank.test cid=null}
D/DefContainer(32021): Copying /data/local/tmp/yong.tank.test to base.apk
I/PackageManager(  828): Apk copy done
D/PackageManager(  828): installPackageLI: path=/data/app/vmdl350630874.tmp
I/PackageManager(  828): Start parsing apk: null
W/ActivityManager(  828): Skip forceProcessStateUpTo() to newState 8
I/PackageManager(  828): Parsing done for apk: null
D/ActivityManager(  828): Freeze: not process start because not in condition
D/PackageManager(  828): manifestDigest was not present, but parser got: ManifestDigest {mDigest=56,5a,0b,9d,1a,61,ea,50,a1,01,54,08,41,ef,c2,29,15,40,22,6d,76,f5,23,16,e5,03,7f,a2,f1,76,a9,d9,}
D/PackageManager(  828): Replace existing pacakge: yong.tank.test
D/PackageManager(  828): Existing package: PackageSetting{3e7a59aa yong.tank.test/10154}
I/PackageManager(  828): Start installation for package: null
D/PackageManager(  828): replacePackageLI: new=Package{3145559 yong.tank.test}, old=Package{13080221 yong.tank.test}
D/PackageManager(  828): replaceNonSystemPackageLI: new=Package{3145559 yong.tank.test}, old=Package{13080221 yong.tank.test}
I/ActivityManager(  828): Force stopping yong.tank.test appid=10154 user=-1: uninstall pkg
D/AlarmManager(  828): sending alarm Alarm{1d7fa51e type 3 when 22:01:00 start 22:01:00 end 22:01:00 android}and operation:android.intent.action.TIME_TICK
I/PackageManager(  828): args=com.android.server.pm.PackageManagerService$FileInstallArgs@6dca1ff
W/ActivityManager(  828): Skip forceProcessStateUpTo() to newState 8
I/ActivityManager(  828): Enqueueing broadcast android.intent.action.TIME_TICK
V/AlarmManager(  828): isAlarmNeedAlign : charging
I/PackageManager(  828): Package yong.tank.test codePath changed from /data/app/yong.tank.test-1 to /data/app/yong.tank.test-2; Retaining data and using new
I/PackageManager(  828): Linking native library dir for /data/app/yong.tank.test-2
I/PackageManager(  828): Perform pre-dex opt for package: yong.tank.test
I/PackageManager(  828): Running dexopt on: /data/app/yong.tank.test-2/base.apk pkg=yong.tank.test isa=arm64 vmSafeMode=false
W/ActivityManager(  828): Skip forceProcessStateUpTo() to newState 8
I/ActivityManager(  828): Enqueueing broadcast android.intent.action.MEDIA_SCANNER_SCAN_FILE
I/ActivityManager(  828): Enqueueing broadcast android.intent.action.MEDIA_SCANNER_SCAN_FILE
I/ActivityManager(  828): Enqueueing broadcast android.intent.action.MEDIA_SCANNER_SCAN_FILE
W/ActivityManager(  828): Skip forceProcessStateUpTo() to newState 8
W/ContextImpl(32238): Calling a method in the system process without a qualified user: android.app.ContextImpl.startService:1875 android.content.ContextWrapper.startService:516 android.content.ContextWrapper.startService:516 com.android.keychain.KeyChainBroadcastReceiver.onReceive:12 android.app.ActivityThread.handleReceiver:2945 
D/ActivityManager(  828): Freeze: not process start because not in condition
I/thermal_repeater(  349): oh, queryMdThermalInfo (0)Bad file number
I/thermal_repeater(  349): [recvMdThermalInfo] ret=5, strLen=127, ERROR
W/ActivityManager(  828): Skip forceProcessStateUpTo() to newState 8
D/NetdConnector(  828): SND -> {2881 bandwidth gettetherstats}
D/FrameworkListener(  322): dispatchCommand data = (2881 bandwidth gettetherstats)
D/NetdConnector(  828): RCV <- {200 2881 Tethering stats list completed}
D/NetdConnector(  828): RMV <- {200 2881 Tethering stats list completed}
W/NetworkStatsRecorder(  828): unknown interfaces [ccmni0, lo, p2p0], ignoring those stats
W/NetworkStatsRecorder(  828): unknown interfaces [ccmni0, lo, p2p0], ignoring those stats
W/NetworkStatsRecorder(  828): unknown interfaces [ccmni0, lo, p2p0], ignoring those stats
W/NetworkStatsRecorder(  828): unknown interfaces [ccmni0, lo, p2p0], ignoring those stats
W/Watchdog(  828): SWT Watchdog after wait current time:89059530
W/Watchdog(  828): **Get SF Time **1
W/Watchdog(  828): SWT Watchdog before synchronized:89059530
W/Watchdog(  828): SWT Watchdog after synchronized:89059530
W/Watchdog(  828): SWT Watchdog before wait timeout:30000
W/Watchdog(  828): SWT Watchdog before wait current time:89059530
W/Watchdog(  828): SWT Watchdog before wait start:89059530
W/Watchdog(  828): SWT Watchdog before wait CHECK_INTERVAL:30000
V/NetworkPolicy(  828): ensureActiveMobilePolicyLocked subscriberId(460002143669174)
V/NetworkPolicy(  828):  checking policy:NetworkPolicy[NetworkTemplate: matchRule=MOBILE_ALL, subscriberId=460002..., matchSubscriberIds=[460002...]]: cycleDay=1, cycleTimezone=Asia/Shanghai, warningBytes=-1, limitBytes=-1, lastWarningSnooze=-1, lastLimitSnooze=1473902862124, metered=true, inferred=false
V/NetworkPolicy(  828):  checking policy:NetworkPolicy[NetworkTemplate: matchRule=MOBILE_ALL, subscriberId=460011..., matchSubscriberIds=[460011...]]: cycleDay=1, cycleTimezone=Asia/Shanghai, warningBytes=2920502899, limitBytes=2336742515, lastWarningSnooze=-1, lastLimitSnooze=-1, metered=true, inferred=false
V/NetworkPolicy(  828):  checking policy:NetworkPolicy[NetworkTemplate: matchRule=MOBILE_ALL, subscriberId=460018..., matchSubscriberIds=[460018...]]: cycleDay=4, cycleTimezone=Asia/Shanghai, warningBytes=-1, limitBytes=-1, lastWarningSnooze=-1, lastLimitSnooze=-1, metered=true, inferred=true
V/NetworkPolicy(  828):  checking policy:NetworkPolicy[NetworkTemplate: matchRule=MOBILE_ALL, subscriberId=520051..., matchSubscriberIds=[520051...]]: cycleDay=28, cycleTimezone=Asia/Bangkok, warningBytes=-1, limitBytes=-1, lastWarningSnooze=-1, lastLimitSnooze=-1, metered=true, inferred=true
V/NetworkPolicy(  828):  checking policy:NetworkPolicy[NetworkTemplate: matchRule=MOBILE_ALL, subscriberId=520051..., matchSubscriberIds=[520051...]]: cycleDay=1, cycleTimezone=Asia/Bangkok, warningBytes=-1, limitBytes=-1, lastWarningSnooze=-1, lastLimitSnooze=-1, metered=true, inferred=false
D/FrameworkListener(  322): dispatchCommand data = (getaddrinfo secdaemon.yunos.com ^ 1024 0 1 0 0)
D/NetdConnector(  828): SND -> {2882 bandwidth gettetherstats}
D/FrameworkListener(  322): dispatchCommand data = (2882 bandwidth gettetherstats)
D/NetdConnector(  828): RCV <- {200 2882 Tethering stats list completed}
D/NetdConnector(  828): RMV <- {200 2882 Tethering stats list completed}
W/NetworkStatsRecorder(  828): unknown interfaces [ccmni0, lo, p2p0], ignoring those stats
W/NetworkStatsRecorder(  828): unknown interfaces [ccmni0, lo, p2p0], ignoring those stats
W/NetworkStatsRecorder(  828): unknown interfaces [ccmni0, lo, p2p0], ignoring those stats
W/NetworkStatsRecorder(  828): unknown interfaces [ccmni0, lo, p2p0], ignoring those stats
V/NetworkPolicy(  828): ensureActiveMobilePolicyLocked subscriberId(460002143669174)
