D/ADB_SERVICES( 3298): adb: unable to update oom_score_adj
D/ADB_SERVICES(  732):  closing because is_eof=1 r=-1 s->fde.force_eof=0
D/ADB_SERVICES(  732): entered. LS(9930) fd=23
D/ADB_SERVICES(  732): create_local_service_socket() name=shell:dumpsys iphonesubinfo
D/ADB_SERVICES(  732): service_to_fd() name=shell:dumpsys iphonesubinfo
D/ADB_SERVICES(  732): read_meminfo() mem_free=46592
D/ADB_SERVICES(  732): create_subproc ret_fd=23 pid=3299
D/ADB_SERVICES(  732): LS(9931): bound to 'shell:dumpsys iphonesubinfo' via 23
D/ADB_SERVICES( 3299): adb: unable to update oom_score_adj
D/ADB_SERVICES(  732):  closing because is_eof=1 r=-1 s->fde.force_eof=0
D/ADB_SERVICES(  732): entered. LS(9931) fd=23
D/ADB_SERVICES(  732): create_local_service_socket() name=shell:cat /proc/net/xt_qtaguid/stats | grep 10153
D/ADB_SERVICES(  732): service_to_fd() name=shell:cat /proc/net/xt_qtaguid/stats | grep 10153
D/ADB_SERVICES(  732): read_meminfo() mem_free=46592
D/ADB_SERVICES(  732): create_subproc ret_fd=23 pid=3300
D/ADB_SERVICES(  732): LS(9932): bound to 'shell:cat /proc/net/xt_qtaguid/stats | grep 10153' via 23
D/ADB_SERVICES( 3300): adb: unable to update oom_score_adj
D/ADB_SERVICES(  732):  closing because is_eof=1 r=-1 s->fde.force_eof=0
D/ADB_SERVICES(  732): entered. LS(9932) fd=23
D/ADB_SERVICES(  732): create_local_service_socket() name=shell:cat /proc/3063/stat
D/ADB_SERVICES(  732): service_to_fd() name=shell:cat /proc/3063/stat
D/ADB_SERVICES(  732): read_meminfo() mem_free=46564
D/ADB_SERVICES(  732): create_subproc ret_fd=23 pid=3303
D/ADB_SERVICES(  732): LS(9933): bound to 'shell:cat /proc/3063/stat' via 23
D/ADB_SERVICES( 3303): adb: unable to update oom_score_adj
D/ADB_SERVICES(  732):  closing because is_eof=1 r=1 s->fde.force_eof=0
D/ADB_SERVICES(  732): entered. LS(9933) fd=23
D/ADB_SERVICES(  732): create_local_service_socket() name=shell:cat /proc/stat
D/ADB_SERVICES(  732): service_to_fd() name=shell:cat /proc/stat
D/ADB_SERVICES(  732): read_meminfo() mem_free=46576
D/ADB_SERVICES(  732): create_subproc ret_fd=23 pid=3304
D/ADB_SERVICES(  732): LS(9934): bound to 'shell:cat /proc/stat' via 23
D/ADB_SERVICES( 3304): adb: unable to update oom_score_adj
D/ADB_SERVICES(  732):  closing because is_eof=1 r=-1 s->fde.force_eof=0
D/ADB_SERVICES(  732): entered. LS(9934) fd=23
D/ADB_SERVICES(  732): create_local_service_socket() name=shell:cat /proc/net/xt_qtaguid/stats | grep 10153
D/ADB_SERVICES(  732): service_to_fd() name=shell:cat /proc/net/xt_qtaguid/stats | grep 10153
D/ADB_SERVICES(  732): read_meminfo() mem_free=46252
D/ADB_SERVICES(  732): create_subproc ret_fd=23 pid=3305
D/ADB_SERVICES(  732): LS(9935): bound to 'shell:cat /proc/net/xt_qtaguid/stats | grep 10153' via 23
D/ADB_SERVICES( 3305): adb: unable to update oom_score_adj
D/ADB_SERVICES(  732):  closing because is_eof=1 r=-1 s->fde.force_eof=0
D/ADB_SERVICES(  732): entered. LS(9935) fd=23
D/ADB_SERVICES(  732): create_local_service_socket() name=shell:cat /proc/3063/stat
D/ADB_SERVICES(  732): service_to_fd() name=shell:cat /proc/3063/stat
D/ADB_SERVICES(  732): read_meminfo() mem_free=46428
D/ADB_SERVICES(  732): create_subproc ret_fd=23 pid=3308
D/ADB_SERVICES(  732): LS(9936): bound to 'shell:cat /proc/3063/stat' via 23
D/ADB_SERVICES( 3308): adb: unable to update oom_score_adj
D/ADB_SERVICES(  732):  closing because is_eof=1 r=1 s->fde.force_eof=0
D/ADB_SERVICES(  732): entered. LS(9936) fd=23
D/ADB_SERVICES(  732): create_local_service_socket() name=shell:cat /proc/stat
D/ADB_SERVICES(  732): service_to_fd() name=shell:cat /proc/stat
D/ADB_SERVICES(  732): read_meminfo() mem_free=46428
D/ADB_SERVICES(  732): create_subproc ret_fd=23 pid=3309
D/ADB_SERVICES(  732): LS(9937): bound to 'shell:cat /proc/stat' via 23
D/ADB_SERVICES( 3309): adb: unable to update oom_score_adj
D/ADB_SERVICES(  732):  closing because is_eof=1 r=1 s->fde.force_eof=0
D/ADB_SERVICES(  732): entered. LS(9937) fd=23
D/ADB_SERVICES(  732): create_local_service_socket() name=shell:dumpsys iphonesubinfo
D/ADB_SERVICES(  732): service_to_fd() name=shell:dumpsys iphonesubinfo
D/ADB_SERVICES(  732): read_meminfo() mem_free=46484
D/ADB_SERVICES(  732): create_subproc ret_fd=23 pid=3310
D/ADB_SERVICES(  732): LS(9938): bound to 'shell:dumpsys iphonesubinfo' via 23
D/ADB_SERVICES( 3310): adb: unable to update oom_score_adj
D/ADB_SERVICES(  732):  closing because is_eof=1 r=-1 s->fde.force_eof=0
D/ADB_SERVICES(  732): entered. LS(9938) fd=23
D/ADB_SERVICES(  732): adb local_socket_ready list (13) (14) (23) (22) (16) (21) (24) (25) 
D/ADB_SERVICES(  732): adb socket read list (13) (23) (14) (22) (16) (21) (24) (25) 
D/ADB_SERVICES(  732): read_data=4805630
D/ADB_SERVICES(  732): max_read_time=0.002453 max_send_time=0.000406 
D/NetworkController.WifiSignalController( 1083): setActivity: wifiActivity= 0
D/NetworkController.WifiSignalController( 1083): isDirty : false
D/NetworkController.WifiSignalController( 1083): Change in state from: connected=true,enabled=true,level=3,inetCondition=1,iconGroup=IconGroup(Wi-Fi Icons),activityIn=false,activityOut=true,rssi=-56,networkType=null,lastModified=11-02 10:03:04,ssid="5C"enabling=falsedisabling=falseconnecting=false
D/NetworkController.WifiSignalController( 1083): 	to: connected=true,enabled=true,level=3,inetCondition=1,iconGroup=IconGroup(Wi-Fi Icons),activityIn=false,activityOut=false,rssi=-56,networkType=null,lastModified=11-02 10:03:04,ssid="5C"enabling=falsedisabling=falseconnecting=false
D/NetworkController.WifiSignalController( 1083): Wifi notifyListeners: level= 3, wifiActivity= 0
D/SignalClusterView( 1083): setWifiIndicators, visible=true, strengthIcon=2130839037, contentDescription=WLAN
D/SignalClusterView( 1083): apply(5), mMobileVisible= true, mIsAirplaneMode= false
D/SignalClusterView( 1083): apply(), mNetworkType= Type_4G resId= 2130838971
D/NetworkController.WifiSignalController( 1083): Wifi notifyListeners: level= 3, wifiActivity= 0
D/SignalClusterView( 1083): setWifiIndicators, visible=true, strengthIcon=2130839037, contentDescription=WLAN
D/SignalClusterView( 1083): apply(5), mMobileVisible= true, mIsAirplaneMode= false
D/SignalClusterView( 1083): apply(), mNetworkType= Type_4G resId= 2130838971
D/NetworkController.WifiSignalController( 1083): Wifi notifyListeners: level= 3, wifiActivity= 0
D/SignalClusterView( 1083): setWifiIndicators, visible=true, strengthIcon=2130839037, contentDescription=WLAN
D/SignalClusterView( 1083): apply(5), mMobileVisible= true, mIsAirplaneMode= false
D/SignalClusterView( 1083): apply(), mNetworkType= Type_4G resId= 2130838971
D/NetworkController.WifiSignalController( 1083): Wifi notifyListeners: level= 3, wifiActivity= 0
D/SignalClusterView( 1083): setWifiIndicators, visible=true, strengthIcon=2130839037, contentDescription=WLAN
D/ConnectionRateView( 1083): DataConnection: new=true,old=true
D/ConnectionRateView( 1083): DataConnection: new=true,old=true
I/libPerfService(  828): perfDumpAll
I/libPerfService(  828): perfDumpAll - type:6, core:0, big:0, little:0, freq:0, freq_big:0, freq_little:0, gpu:-1
I/SurfaceFlinger(  302): [Built-in Screen (type:0)] fps:1.576213,dur:2537.73,max:1644.64,min:16.41
D/ADB_SERVICES(  732): create_local_service_socket() name=shell:cat /proc/net/xt_qtaguid/stats | grep 10153
D/ADB_SERVICES(  732): service_to_fd() name=shell:cat /proc/net/xt_qtaguid/stats | grep 10153
D/ADB_SERVICES(  732): read_meminfo() mem_free=45912
D/ADB_SERVICES(  732): create_subproc ret_fd=23 pid=3311
D/ADB_SERVICES(  732): LS(9939): bound to 'shell:cat /proc/net/xt_qtaguid/stats | grep 10153' via 23
D/ADB_SERVICES( 3311): adb: unable to update oom_score_adj
D/ADB_SERVICES(  732):  closing because is_eof=1 r=-1 s->fde.force_eof=0
D/ADB_SERVICES(  732): entered. LS(9939) fd=23
D/ADB_SERVICES(  732): create_local_service_socket() name=shell:cat /proc/3063/stat
D/ADB_SERVICES(  732): service_to_fd() name=shell:cat /proc/3063/stat
D/ADB_SERVICES(  732): read_meminfo() mem_free=45556
D/ADB_SERVICES(  732): create_subproc ret_fd=23 pid=3314
D/ADB_SERVICES(  732): LS(9940): bound to 'shell:cat /proc/3063/stat' via 23
D/ADB_SERVICES( 3314): adb: unable to update oom_score_adj
D/ADB_SERVICES(  732):  closing because is_eof=1 r=1 s->fde.force_eof=0
D/ADB_SERVICES(  732): entered. LS(9940) fd=23
D/ADB_SERVICES(  732): create_local_service_socket() name=shell:cat /proc/stat
D/ADB_SERVICES(  732): service_to_fd() name=shell:cat /proc/stat
D/ADB_SERVICES(  732): read_meminfo() mem_free=45556
D/ADB_SERVICES(  732): create_subproc ret_fd=23 pid=3315
D/ADB_SERVICES(  732): LS(9941): bound to 'shell:cat /proc/stat' via 23
D/ADB_SERVICES( 3315): adb: unable to update oom_score_adj
D/ADB_SERVICES(  732):  closing because is_eof=1 r=-1 s->fde.force_eof=0
D/ADB_SERVICES(  732): entered. LS(9941) fd=23
D/ADB_SERVICES(  732): create_local_service_socket() name=shell:cat /proc/net/xt_qtaguid/stats | grep 10153
D/ADB_SERVICES(  732): service_to_fd() name=shell:cat /proc/net/xt_qtaguid/stats | grep 10153
D/ADB_SERVICES(  732): read_meminfo() mem_free=45572
D/ADB_SERVICES(  732): create_subproc ret_fd=23 pid=3316
D/ADB_SERVICES(  732): LS(9942): bound to 'shell:cat /proc/net/xt_qtaguid/stats | grep 10153' via 23
W/ActivityManager(  828): getRunningAppProcesses: caller 10102 does not hold REAL_GET_TASKS; limiting output
D/ADB_SERVICES( 3316): adb: unable to update oom_score_adj
D/ADB_SERVICES(  732):  closing because is_eof=1 r=-1 s->fde.force_eof=0
D/ADB_SERVICES(  732): entered. LS(9942) fd=23
D/ADB_SERVICES(  732): create_local_service_socket() name=shell:dumpsys iphonesubinfo
D/ADB_SERVICES(  732): service_to_fd() name=shell:dumpsys iphonesubinfo
D/ADB_SERVICES(  732): read_meminfo() mem_free=45416
D/ADB_SERVICES(  732): create_subproc ret_fd=23 pid=3319
D/ADB_SERVICES(  732): LS(9943): bound to 'shell:dumpsys iphonesubinfo' via 23
D/ADB_SERVICES( 3319): adb: unable to update oom_score_adj
D/ADB_SERVICES(  732):  closing because is_eof=1 r=-1 s->fde.force_eof=0
D/ADB_SERVICES(  732): entered. LS(9943) fd=23
D/ADB_SERVICES(  732): create_local_service_socket() name=shell:cat /proc/3063/stat
D/ADB_SERVICES(  732): service_to_fd() name=shell:cat /proc/3063/stat
D/ADB_SERVICES(  732): read_meminfo() mem_free=45416
D/ADB_SERVICES(  732): create_subproc ret_fd=23 pid=3320
D/ADB_SERVICES(  732): LS(9944): bound to 'shell:cat /proc/3063/stat' via 23
D/ADB_SERVICES( 3320): adb: unable to update oom_score_adj
D/ADB_SERVICES(  732):  closing because is_eof=1 r=1 s->fde.force_eof=0
D/ADB_SERVICES(  732): entered. LS(9944) fd=23
D/ADB_SERVICES(  732): create_local_service_socket() name=shell:cat /proc/stat
D/ADB_SERVICES(  732): service_to_fd() name=shell:cat /proc/stat
D/ADB_SERVICES(  732): read_meminfo() mem_free=45416
D/ADB_SERVICES(  732): create_subproc ret_fd=23 pid=3321
D/ADB_SERVICES(  732): LS(9945): bound to 'shell:cat /proc/stat' via 23
D/ADB_SERVICES( 3321): adb: unable to update oom_score_adj
D/ADB_SERVICES(  732):  closing because is_eof=1 r=-1 s->fde.force_eof=0
D/ADB_SERVICES(  732): entered. LS(9945) fd=23
I/thermal_repeater(  349): oh, queryMdThermalInfo (0)Bad file number
I/thermal_repeater(  349): [recvMdThermalInfo] ret=5, strLen=127, ERROR
D/ADB_SERVICES(  732): create_local_service_socket() name=shell:cat /proc/net/xt_qtaguid/stats | grep 10153
D/ADB_SERVICES(  732): service_to_fd() name=shell:cat /proc/net/xt_qtaguid/stats | grep 10153
D/ADB_SERVICES(  732): read_meminfo() mem_free=45416
D/ADB_SERVICES(  732): create_subproc ret_fd=23 pid=3322
D/ADB_SERVICES(  732): LS(9946): bound to 'shell:cat /proc/net/xt_qtaguid/stats | grep 10153' via 23
D/ADB_SERVICES( 3322): adb: unable to update oom_score_adj
D/ADB_SERVICES(  732):  closing because is_eof=1 r=-1 s->fde.force_eof=0
D/ADB_SERVICES(  732): entered. LS(9946) fd=23
D/ADB_SERVICES(  732): create_local_service_socket() name=shell:cat /proc/meminfo
D/ADB_SERVICES(  732): service_to_fd() name=shell:cat /proc/meminfo
D/ADB_SERVICES(  732): read_meminfo() mem_free=45380
D/ADB_SERVICES(  732): create_subproc ret_fd=23 pid=3325
D/ADB_SERVICES(  732): LS(9947): bound to 'shell:cat /proc/meminfo' via 23
D/ADB_SERVICES( 3325): adb: unable to update oom_score_adj
D/ADB_SERVICES(  732):  closing because is_eof=1 r=-1 s->fde.force_eof=0
D/ADB_SERVICES(  732): entered. LS(9947) fd=23
D/ADB_SERVICES(  732): create_local_service_socket() name=shell:ps
D/ADB_SERVICES(  732): service_to_fd() name=shell:ps
D/ADB_SERVICES(  732): read_meminfo() mem_free=45380
D/ADB_SERVICES(  732): create_subproc ret_fd=23 pid=3326
D/ADB_SERVICES(  732): LS(9948): bound to 'shell:ps' via 23
D/ADB_SERVICES( 3326): adb: unable to update oom_score_adj
D/ADB_SERVICES(  732): create_local_service_socket() name=shell:cat /proc/3063/stat
D/ADB_SERVICES(  732): service_to_fd() name=shell:cat /proc/3063/stat
D/ADB_SERVICES(  732): read_meminfo() mem_free=45308
D/ADB_SERVICES(  732): create_subproc ret_fd=24 pid=3327
D/ADB_SERVICES(  732): LS(9949): bound to 'shell:cat /proc/3063/stat' via 24
D/ADB_SERVICES( 3327): adb: unable to update oom_score_adj
D/ADB_SERVICES(  732):  closing because is_eof=1 r=-1 s->fde.force_eof=0
D/ADB_SERVICES(  732): entered. LS(9949) fd=24
D/ADB_SERVICES(  732): create_local_service_socket() name=shell:cat /proc/stat
D/ADB_SERVICES(  732): service_to_fd() name=shell:cat /proc/stat
D/ADB_SERVICES(  732): read_meminfo() mem_free=45044
D/ADB_SERVICES(  732): create_subproc ret_fd=24 pid=3328
D/ADB_SERVICES(  732): LS(9950): bound to 'shell:cat /proc/stat' via 24
D/ADB_SERVICES( 3328): adb: unable to update oom_score_adj
D/ADB_SERVICES(  732):  closing because is_eof=1 r=-1 s->fde.force_eof=0
D/ADB_SERVICES(  732): entered. LS(9950) fd=24
D/WifiStateMachine(  828): mLastSignalLevel:2, newSignalLevel:2
D/ADB_SERVICES(  732):  closing because is_eof=1 r=1 s->fde.force_eof=0
D/ADB_SERVICES(  732): entered. LS(9948) fd=23
D/NetworkController.MobileSignalController(5)( 1083): onSignalStrengthsChanged signalStrength=SignalStrength: 17 40 -120 -160 -7 0 -1 99 -100 -11 2147483647 2147483647 gsm|lte 1 1 1 level=4
D/NetworkController( 1083): updateTelephonySignalStrength: hasService=true ss=SignalStrength: 17 40 -120 -160 -7 0 -1 99 -100 -11 2147483647 2147483647 gsm|lte 1 1 1
I/NetworkController( 1083): [CMCC Performance test][SystemUI][Statusbar] show signal end [137484196]
D/NetworkController.MobileSignalController(5)( 1083): isDirty : false
D/ADB_SERVICES(  732): create_local_service_socket() name=shell:dumpsys iphonesubinfo
D/ADB_SERVICES(  732): service_to_fd() name=shell:dumpsys iphonesubinfo
D/ADB_SERVICES(  732): read_meminfo() mem_free=45376
D/ADB_SERVICES(  732): create_subproc ret_fd=23 pid=3329
D/ADB_SERVICES(  732): LS(9951): bound to 'shell:dumpsys iphonesubinfo' via 23
D/ADB_SERVICES( 3329): adb: unable to update oom_score_adj
D/ADB_SERVICES(  732):  closing because is_eof=1 r=-1 s->fde.force_eof=0
D/ADB_SERVICES(  732): entered. LS(9951) fd=23
D/ADB_SERVICES(  732): create_local_service_socket() name=shell:cat /proc/net/xt_qtaguid/stats | grep 10153
D/ADB_SERVICES(  732): service_to_fd() name=shell:cat /proc/net/xt_qtaguid/stats | grep 10153
D/ADB_SERVICES(  732): read_meminfo() mem_free=44848
D/ADB_SERVICES(  732): create_subproc ret_fd=23 pid=3331
D/ADB_SERVICES(  732): LS(9952): bound to 'shell:cat /proc/net/xt_qtaguid/stats | grep 10153' via 23
D/ADB_SERVICES( 3331): adb: unable to update oom_score_adj
D/ADB_SERVICES(  732):  closing because is_eof=1 r=-1 s->fde.force_eof=0
D/ADB_SERVICES(  732): entered. LS(9952) fd=23
D/ADB_SERVICES(  732): create_local_service_socket() name=shell:cat /proc/3063/stat
D/ADB_SERVICES(  732): service_to_fd() name=shell:cat /proc/3063/stat
D/ADB_SERVICES(  732): read_meminfo() mem_free=44708
D/ADB_SERVICES(  732): create_subproc ret_fd=23 pid=3334
D/ADB_SERVICES(  732): LS(9953): bound to 'shell:cat /proc/3063/stat' via 23
D/ADB_SERVICES( 3334): adb: unable to update oom_score_adj
D/ADB_SERVICES(  732):  closing because is_eof=1 r=1 s->fde.force_eof=0
D/ADB_SERVICES(  732): entered. LS(9953) fd=23
D/ADB_SERVICES(  732): create_local_service_socket() name=shell:cat /proc/stat
D/ADB_SERVICES(  732): service_to_fd() name=shell:cat /proc/stat
D/ADB_SERVICES(  732): read_meminfo() mem_free=44708
D/ADB_SERVICES(  732): create_subproc ret_fd=23 pid=3335
D/ADB_SERVICES(  732): LS(9954): bound to 'shell:cat /proc/stat' via 23
D/ADB_SERVICES( 3335): adb: unable to update oom_score_adj
D/ADB_SERVICES(  732):  closing because is_eof=1 r=-1 s->fde.force_eof=0
D/ADB_SERVICES(  732): entered. LS(9954) fd=23
W/ActivityManager(  828): getRunningAppProcesses: caller 10082 does not hold REAL_GET_TASKS; limiting output
D/NetworkController.WifiSignalController( 1083): setActivity: wifiActivity= 3
D/NetworkController.WifiSignalController( 1083): isDirty : false
D/NetworkController.WifiSignalController( 1083): Change in state from: connected=true,enabled=true,level=3,inetCondition=1,iconGroup=IconGroup(Wi-Fi Icons),activityIn=false,activityOut=false,rssi=-56,networkType=null,lastModified=11-02 10:03:05,ssid="5C"enabling=falsedisabling=falseconnecting=false
D/NetworkController.WifiSignalController( 1083): 	to: connected=true,enabled=true,level=3,inetCondition=1,iconGroup=IconGroup(Wi-Fi Icons),activityIn=true,activityOut=true,rssi=-56,networkType=null,lastModified=11-02 10:03:05,ssid="5C"enabling=falsedisabling=falseconnecting=false
D/NetworkController.WifiSignalController( 1083): Wifi notifyListeners: level= 3, wifiActivity= 3
D/SignalClusterView( 1083): setWifiIndicators, visible=true, strengthIcon=2130839039, contentDescription=WLAN
D/SignalClusterView( 1083): apply(5), mMobileVisible= true, mIsAirplaneMode= false
D/SignalClusterView( 1083): apply(), mNetworkType= Type_4G resId= 2130838971
D/NetworkController.WifiSignalController( 1083): Wifi notifyListeners: level= 3, wifiActivity= 3
D/SignalClusterView( 1083): setWifiIndicators, visible=true, strengthIcon=2130839039, contentDescription=WLAN
D/SignalClusterView( 1083): apply(5), mMobileVisible= true, mIsAirplaneMode= false
D/SignalClusterView( 1083): apply(), mNetworkType= Type_4G resId= 2130838971
D/NetworkController.WifiSignalController( 1083): Wifi notifyListeners: level= 3, wifiActivity= 3
D/SignalClusterView( 1083): setWifiIndicators, visible=true, strengthIcon=2130839039, contentDescription=WLAN
D/SignalClusterView( 1083): apply(5), mMobileVisible= true, mIsAirplaneMode= false
D/SignalClusterView( 1083): apply(), mNetworkType= Type_4G resId= 2130838971
D/NetworkController.WifiSignalController( 1083): Wifi notifyListeners: level= 3, wifiActivity= 3
D/SignalClusterView( 1083): setWifiIndicators, visible=true, strengthIcon=2130839039, contentDescription=WLAN
D/ConnectionRateView( 1083): DataConnection: new=true,old=true
D/ConnectionRateView( 1083): DataConnection: new=true,old=true
I/libPerfService(  828): perfDumpAll
I/libPerfService(  828): perfDumpAll - type:6, core:0, big:0, little:0, freq:0, freq_big:0, freq_little:0, gpu:-1
I/SurfaceFlinger(  302): [Built-in Screen (type:0)] fps:0.495544,dur:2017.98,max:2017.98,min:2017.98
D/ADB_SERVICES(  732): create_local_service_socket() name=shell:cat /proc/net/xt_qtaguid/stats | grep 10153
D/ADB_SERVICES(  732): service_to_fd() name=shell:cat /proc/net/xt_qtaguid/stats | grep 10153
D/ADB_SERVICES(  732): read_meminfo() mem_free=44708
D/ADB_SERVICES(  732): create_subproc ret_fd=23 pid=3336
D/ADB_SERVICES(  732): LS(9955): bound to 'shell:cat /proc/net/xt_qtaguid/stats | grep 10153' via 23
D/ADB_SERVICES( 3336): adb: unable to update oom_score_adj
D/ADB_SERVICES(  732):  closing because is_eof=1 r=-1 s->fde.force_eof=0
D/ADB_SERVICES(  732): entered. LS(9955) fd=23
D/ADB_SERVICES(  732): create_local_service_socket() name=shell:cat /proc/3063/stat
D/ADB_SERVICES(  732): service_to_fd() name=shell:cat /proc/3063/stat
D/ADB_SERVICES(  732): read_meminfo() mem_free=44724
D/ADB_SERVICES(  732): create_subproc ret_fd=23 pid=3339
D/ADB_SERVICES(  732): LS(9956): bound to 'shell:cat /proc/3063/stat' via 23
D/ADB_SERVICES( 3339): adb: unable to update oom_score_adj
D/ADB_SERVICES(  732):  closing because is_eof=1 r=1 s->fde.force_eof=0
D/ADB_SERVICES(  732): entered. LS(9956) fd=23
D/ADB_SERVICES(  732): create_local_service_socket() name=shell:cat /proc/stat
D/ADB_SERVICES(  732): service_to_fd() name=shell:cat /proc/stat
D/ADB_SERVICES(  732): read_meminfo() mem_free=44724
D/ADB_SERVICES(  732): create_subproc ret_fd=23 pid=3340
D/ADB_SERVICES(  732): LS(9957): bound to 'shell:cat /proc/stat' via 23
D/ADB_SERVICES( 3340): adb: unable to update oom_score_adj
D/ADB_SERVICES(  732):  closing because is_eof=1 r=-1 s->fde.force_eof=0
D/ADB_SERVICES(  732): entered. LS(9957) fd=23
D/DataBuryManager(32346): currentLevel : 60 currentStatus : 2 currentPlugType : 2
D/ADB_SERVICES(  732): create_local_service_socket() name=shell:dumpsys iphonesubinfo
D/ADB_SERVICES(  732): service_to_fd() name=shell:dumpsys iphonesubinfo
D/ADB_SERVICES(  732): read_meminfo() mem_free=44724
D/ADB_SERVICES(  732): create_subproc ret_fd=23 pid=3341
D/ADB_SERVICES(  732): LS(9958): bound to 'shell:dumpsys iphonesubinfo' via 23
D/ADB_SERVICES( 3341): adb: unable to update oom_score_adj
D/ADB_SERVICES(  732):  closing because is_eof=1 r=-1 s->fde.force_eof=0
D/ADB_SERVICES(  732): entered. LS(9958) fd=23
D/ADB_SERVICES(  732): create_local_service_socket() name=shell:cat /proc/net/xt_qtaguid/stats | grep 10153
D/ADB_SERVICES(  732): service_to_fd() name=shell:cat /proc/net/xt_qtaguid/stats | grep 10153
D/ADB_SERVICES(  732): read_meminfo() mem_free=44724
D/ADB_SERVICES(  732): create_subproc ret_fd=23 pid=3342
D/ADB_SERVICES(  732): LS(9959): bound to 'shell:cat /proc/net/xt_qtaguid/stats | grep 10153' via 23
D/ADB_SERVICES( 3342): adb: unable to update oom_score_adj
D/ADB_SERVICES(  732):  closing because is_eof=1 r=-1 s->fde.force_eof=0
D/ADB_SERVICES(  732): entered. LS(9959) fd=23
D/ADB_SERVICES(  732): create_local_service_socket() name=shell:cat /proc/3063/stat
D/ADB_SERVICES(  732): service_to_fd() name=shell:cat /proc/3063/stat
D/ADB_SERVICES(  732): read_meminfo() mem_free=44724
D/ADB_SERVICES(  732): create_subproc ret_fd=23 pid=3345
D/ADB_SERVICES(  732): LS(9960): bound to 'shell:cat /proc/3063/stat' via 23
D/ADB_SERVICES( 3345): adb: unable to update oom_score_adj
D/ADB_SERVICES(  732):  closing because is_eof=1 r=1 s->fde.force_eof=0
D/ADB_SERVICES(  732): entered. LS(9960) fd=23
D/NetworkController.WifiSignalController( 1083): setActivity: wifiActivity= 0
D/NetworkController.WifiSignalController( 1083): isDirty : false
D/NetworkController.WifiSignalController( 1083): Change in state from: connected=true,enabled=true,level=3,inetCondition=1,iconGroup=IconGroup(Wi-Fi Icons),activityIn=true,activityOut=true,rssi=-56,networkType=null,lastModified=11-02 10:03:07,ssid="5C"enabling=falsedisabling=falseconnecting=false
D/NetworkController.WifiSignalController( 1083): 	to: connected=true,enabled=true,level=3,inetCondition=1,iconGroup=IconGroup(Wi-Fi Icons),activityIn=false,activityOut=false,rssi=-56,networkType=null,lastModified=11-02 10:03:07,ssid="5C"enabling=falsedisabling=falseconnecting=false
D/NetworkController.WifiSignalController( 1083): Wifi notifyListeners: level= 3, wifiActivity= 0
D/SignalClusterView( 1083): setWifiIndicators, visible=true, strengthIcon=2130839037, contentDescription=WLAN
D/ADB_SERVICES(  732): create_local_service_socket() name=shell:cat /proc/stat
D/ADB_SERVICES(  732): service_to_fd() name=shell:cat /proc/stat
D/ADB_SERVICES(  732): read_meminfo() mem_free=44724
D/ADB_SERVICES(  732): create_subproc ret_fd=23 pid=3346
D/ADB_SERVICES(  732): LS(9961): bound to 'shell:cat /proc/stat' via 23
D/SignalClusterView( 1083): apply(5), mMobileVisible= true, mIsAirplaneMode= false
D/SignalClusterView( 1083): apply(), mNetworkType= Type_4G resId= 2130838971
D/NetworkController.WifiSignalController( 1083): Wifi notifyListeners: level= 3, wifiActivity= 0
D/SignalClusterView( 1083): setWifiIndicators, visible=true, strengthIcon=2130839037, contentDescription=WLAN
D/SignalClusterView( 1083): apply(5), mMobileVisible= true, mIsAirplaneMode= false
D/SignalClusterView( 1083): apply(), mNetworkType= Type_4G resId= 2130838971
D/NetworkController.WifiSignalController( 1083): Wifi notifyListeners: level= 3, wifiActivity= 0
D/SignalClusterView( 1083): setWifiIndicators, visible=true, strengthIcon=2130839037, contentDescription=WLAN
D/SignalClusterView( 1083): apply(5), mMobileVisible= true, mIsAirplaneMode= false
D/SignalClusterView( 1083): apply(), mNetworkType= Type_4G resId= 2130838971
D/NetworkController.WifiSignalController( 1083): Wifi notifyListeners: level= 3, wifiActivity= 0
D/SignalClusterView( 1083): setWifiIndicators, visible=true, strengthIcon=2130839037, contentDescription=WLAN
D/ConnectionRateView( 1083): DataConnection: new=true,old=true
D/ConnectionRateView( 1083): DataConnection: new=true,old=true
I/libPerfService(  828): perfDumpAll
I/libPerfService(  828): perfDumpAll - type:6, core:0, big:0, little:0, freq:0, freq_big:0, freq_little:0, gpu:-1
D/ADB_SERVICES( 3346): adb: unable to update oom_score_adj
D/ADB_SERVICES(  732):  closing because is_eof=1 r=1 s->fde.force_eof=0
D/ADB_SERVICES(  732): entered. LS(9961) fd=23
I/SurfaceFlinger(  302): [Built-in Screen (type:0)] fps:0.944618,dur:1058.63,max:1058.63,min:1058.63
D/ADB_SERVICES(  732): create_local_service_socket() name=shell:cat /proc/net/xt_qtaguid/stats | grep 10153
D/ADB_SERVICES(  732): service_to_fd() name=shell:cat /proc/net/xt_qtaguid/stats | grep 10153
D/ADB_SERVICES(  732): read_meminfo() mem_free=44724
D/ADB_SERVICES(  732): create_subproc ret_fd=23 pid=3347
D/ADB_SERVICES(  732): LS(9962): bound to 'shell:cat /proc/net/xt_qtaguid/stats | grep 10153' via 23
D/ADB_SERVICES( 3347): adb: unable to update oom_score_adj
D/ADB_SERVICES(  732):  closing because is_eof=1 r=-1 s->fde.force_eof=0
D/ADB_SERVICES(  732): entered. LS(9962) fd=23
D/ADB_SERVICES(  732): create_local_service_socket() name=shell:cat /proc/3063/stat
D/ADB_SERVICES(  732): service_to_fd() name=shell:cat /proc/3063/stat
D/ADB_SERVICES(  732): read_meminfo() mem_free=40384
D/ADB_SERVICES(  732): create_subproc ret_fd=23 pid=3351
D/ADB_SERVICES(  732): LS(9963): bound to 'shell:cat /proc/3063/stat' via 23
D/ADB_SERVICES( 3351): adb: unable to update oom_score_adj
D/ADB_SERVICES(  732):  closing because is_eof=1 r=1 s->fde.force_eof=0
D/ADB_SERVICES(  732): entered. LS(9963) fd=23
D/ADB_SERVICES(  732): create_local_service_socket() name=shell:cat /proc/stat
D/ADB_SERVICES(  732): service_to_fd() name=shell:cat /proc/stat
D/ADB_SERVICES(  732): read_meminfo() mem_free=39376
D/ADB_SERVICES(  732): create_subproc ret_fd=23 pid=3353
D/ADB_SERVICES(  732): LS(9964): bound to 'shell:cat /proc/stat' via 23
D/ADB_SERVICES( 3353): adb: unable to update oom_score_adj
D/ADB_SERVICES(  732):  closing because is_eof=1 r=1 s->fde.force_eof=0
D/ADB_SERVICES(  732): entered. LS(9964) fd=23
D/ADB_SERVICES(  732): create_local_service_socket() name=shell:dumpsys iphonesubinfo
D/ADB_SERVICES(  732): service_to_fd() name=shell:dumpsys iphonesubinfo
D/ADB_SERVICES(  732): read_meminfo() mem_free=38740
D/ADB_SERVICES(  732): create_subproc ret_fd=23 pid=3354
D/ADB_SERVICES(  732): LS(9965): bound to 'shell:dumpsys iphonesubinfo' via 23
D/ADB_SERVICES( 3354): adb: unable to update oom_score_adj
D/ADB_SERVICES(  732):  closing because is_eof=1 r=-1 s->fde.force_eof=0
D/ADB_SERVICES(  732): entered. LS(9965) fd=23
D/ADB_SERVICES(  732): create_local_service_socket() name=shell:cat /proc/net/xt_qtaguid/stats | grep 10153
D/ADB_SERVICES(  732): service_to_fd() name=shell:cat /proc/net/xt_qtaguid/stats | grep 10153
D/ADB_SERVICES(  732): read_meminfo() mem_free=38592
D/ADB_SERVICES(  732): create_subproc ret_fd=23 pid=3355
D/ADB_SERVICES(  732): LS(9966): bound to 'shell:cat /proc/net/xt_qtaguid/stats | grep 10153' via 23
D/ADB_SERVICES( 3355): adb: unable to update oom_score_adj
D/ADB_SERVICES(  732):  closing because is_eof=1 r=-1 s->fde.force_eof=0
D/ADB_SERVICES(  732): entered. LS(9966) fd=23
D/MSF.C.NetConnTag(32573): netRecv ssoSeq:-1440797329 uin:*6353 cmd:-316037937 -1440797001
D/Q.msg.TroopMsgProxy(32515): insertToList MessageRecord=friendUin:7588senderuin:2055,istroop:1,msgType:-1000,time:1478095390,shmsgseq:1521377
D/SQLiteDatabase(32515): beginTransaction()
D/SQLiteDatabase(32515): endTransaction()
D/SQLiteDatabase(32515): beginTransaction()
D/SQLiteDatabase(32515): endTransaction()
D/SQLiteDatabase(32515): beginTransaction()
D/SQLiteDatabase(32515): endTransaction()
D/ServiceAccountFolderManager(32515): updateServiceAccountBelongInfo(1)->getPublicAccountFolderType->puin:807602055, folder type:1, no info to judge, default service folder!
D/ADB_SERVICES(  732): create_local_service_socket() name=shell:cat /proc/3063/stat
D/ADB_SERVICES(  732): service_to_fd() name=shell:cat /proc/3063/stat
D/ADB_SERVICES(  732): read_meminfo() mem_free=36732
D/ADB_SERVICES(  732): create_subproc ret_fd=23 pid=3358
D/ADB_SERVICES(  732): LS(9967): bound to 'shell:cat /proc/3063/stat' via 23
D/ADB_SERVICES( 3358): adb: unable to update oom_score_adj
D/ADB_SERVICES(  732):  closing because is_eof=1 r=-1 s->fde.force_eof=0
D/ADB_SERVICES(  732): entered. LS(9967) fd=23
D/ADB_SERVICES(  732): create_local_service_socket() name=shell:cat /proc/stat
D/ADB_SERVICES(  732): service_to_fd() name=shell:cat /proc/stat
D/ADB_SERVICES(  732): read_meminfo() mem_free=36360
D/ADB_SERVICES(  732): create_subproc ret_fd=23 pid=3359
D/ADB_SERVICES(  732): LS(9968): bound to 'shell:cat /proc/stat' via 23
D/ADB_SERVICES( 3359): adb: unable to update oom_score_adj
D/ADB_SERVICES(  732):  closing because is_eof=1 r=1 s->fde.force_eof=0
D/ADB_SERVICES(  732): entered. LS(9968) fd=23
D/WifiStateMachine(  828): mLastSignalLevel:2, newSignalLevel:2
D/ADB_SERVICES(  732): create_local_service_socket() name=shell:cat /proc/net/xt_qtaguid/stats | grep 10153
D/ADB_SERVICES(  732): service_to_fd() name=shell:cat /proc/net/xt_qtaguid/stats | grep 10153
D/ADB_SERVICES(  732): read_meminfo() mem_free=36096
D/ADB_SERVICES(  732): create_subproc ret_fd=23 pid=3360
D/ADB_SERVICES(  732): LS(9969): bound to 'shell:cat /proc/net/xt_qtaguid/stats | grep 10153' via 23
D/ADB_SERVICES( 3360): adb: unable to update oom_score_adj
D/ADB_SERVICES(  732):  closing because is_eof=1 r=-1 s->fde.force_eof=0
D/ADB_SERVICES(  732): entered. LS(9969) fd=23
D/ADB_SERVICES(  732): create_local_service_socket() name=shell:cat /proc/3063/stat
D/ADB_SERVICES(  732): service_to_fd() name=shell:cat /proc/3063/stat
D/ADB_SERVICES(  732): read_meminfo() mem_free=36096
D/ADB_SERVICES(  732): create_subproc ret_fd=23 pid=3363
D/ADB_SERVICES(  732): LS(9970): bound to 'shell:cat /proc/3063/stat' via 23
D/ADB_SERVICES( 3363): adb: unable to update oom_score_adj
D/ADB_SERVICES(  732):  closing because is_eof=1 r=-1 s->fde.force_eof=0
D/ADB_SERVICES(  732): entered. LS(9970) fd=23
D/ADB_SERVICES(  732): create_local_service_socket() name=shell:cat /proc/stat
D/ADB_SERVICES(  732): service_to_fd() name=shell:cat /proc/stat
D/ADB_SERVICES(  732): read_meminfo() mem_free=36056
D/ADB_SERVICES(  732): create_subproc ret_fd=23 pid=3364
D/ADB_SERVICES(  732): LS(9971): bound to 'shell:cat /proc/stat' via 23
D/ADB_SERVICES( 3364): adb: unable to update oom_score_adj
D/ADB_SERVICES(  732):  closing because is_eof=1 r=-1 s->fde.force_eof=0
D/ADB_SERVICES(  732): entered. LS(9971) fd=23
D/ADB_SERVICES(  732): create_local_service_socket() name=shell:dumpsys iphonesubinfo
D/ADB_SERVICES(  732): service_to_fd() name=shell:dumpsys iphonesubinfo
D/ADB_SERVICES(  732): read_meminfo() mem_free=36312
D/ADB_SERVICES(  732): create_subproc ret_fd=23 pid=3365
D/ADB_SERVICES(  732): LS(9972): bound to 'shell:dumpsys iphonesubinfo' via 23
D/ADB_SERVICES( 3365): adb: unable to update oom_score_adj
D/ADB_SERVICES(  732):  closing because is_eof=1 r=-1 s->fde.force_eof=0
D/ADB_SERVICES(  732): entered. LS(9972) fd=23
D/NetworkController.WifiSignalController( 1083): setActivity: wifiActivity= 3
D/NetworkController.WifiSignalController( 1083): isDirty : false
D/NetworkController.WifiSignalController( 1083): Change in state from: connected=true,enabled=true,level=3,inetCondition=1,iconGroup=IconGroup(Wi-Fi Icons),activityIn=false,activityOut=false,rssi=-56,networkType=null,lastModified=11-02 10:03:08,ssid="5C"enabling=falsedisabling=falseconnecting=false
D/NetworkController.WifiSignalController( 1083): 	to: connected=true,enabled=true,level=3,inetCondition=1,iconGroup=IconGroup(Wi-Fi Icons),activityIn=true,activityOut=true,rssi=-56,networkType=null,lastModified=11-02 10:03:08,ssid="5C"enabling=falsedisabling=falseconnecting=false
D/NetworkController.WifiSignalController( 1083): Wifi notifyListeners: level= 3, wifiActivity= 3
D/SignalClusterView( 1083): setWifiIndicators, visible=true, strengthIcon=2130839039, contentDescription=WLAN
D/SignalClusterView( 1083): apply(5), mMobileVisible= true, mIsAirplaneMode= false
D/SignalClusterView( 1083): apply(), mNetworkType= Type_4G resId= 2130838971
D/NetworkController.WifiSignalController( 1083): Wifi notifyListeners: level= 3, wifiActivity= 3
D/SignalClusterView( 1083): setWifiIndicators, visible=true, strengthIcon=2130839039, contentDescription=WLAN
D/SignalClusterView( 1083): apply(5), mMobileVisible= true, mIsAirplaneMode= false
D/SignalClusterView( 1083): apply(), mNetworkType= Type_4G resId= 2130838971
D/NetworkController.WifiSignalController( 1083): Wifi notifyListeners: level= 3, wifiActivity= 3
D/SignalClusterView( 1083): setWifiIndicators, visible=true, strengthIcon=2130839039, contentDescription=WLAN
D/SignalClusterView( 1083): apply(5), mMobileVisible= true, mIsAirplaneMode= false
D/SignalClusterView( 1083): apply(), mNetworkType= Type_4G resId= 2130838971
D/NetworkController.WifiSignalController( 1083): Wifi notifyListeners: level= 3, wifiActivity= 3
D/SignalClusterView( 1083): setWifiIndicators, visible=true, strengthIcon=2130839039, contentDescription=WLAN
D/ConnectionRateView( 1083): DataConnection: new=true,old=true
D/ConnectionRateView( 1083): DataConnection: new=true,old=true
I/libPerfService(  828): perfDumpAll
I/libPerfService(  828): perfDumpAll - type:6, core:0, big:0, little:0, freq:0, freq_big:0, freq_little:0, gpu:-1
D/ADB_SERVICES(  732): create_local_service_socket() name=shell:cat /proc/net/xt_qtaguid/stats | grep 10153
D/ADB_SERVICES(  732): service_to_fd() name=shell:cat /proc/net/xt_qtaguid/stats | grep 10153
D/ADB_SERVICES(  732): read_meminfo() mem_free=35992
D/ADB_SERVICES(  732): create_subproc ret_fd=23 pid=3366
D/ADB_SERVICES(  732): LS(9973): bound to 'shell:cat /proc/net/xt_qtaguid/stats | grep 10153' via 23
D/ADB_SERVICES( 3366): adb: unable to update oom_score_adj
D/ADB_SERVICES(  732):  closing because is_eof=1 r=-1 s->fde.force_eof=0
D/ADB_SERVICES(  732): entered. LS(9973) fd=23
I/SurfaceFlinger(  302): [Built-in Screen (type:0)] fps:0.508026,dur:1968.40,max:1968.40,min:1968.40
D/ADB_SERVICES(  732): create_local_service_socket() name=shell:cat /proc/3063/stat
D/ADB_SERVICES(  732): service_to_fd() name=shell:cat /proc/3063/stat
D/ADB_SERVICES(  732): read_meminfo() mem_free=35476
D/ADB_SERVICES(  732): create_subproc ret_fd=23 pid=3369
D/ADB_SERVICES(  732): LS(9974): bound to 'shell:cat /proc/3063/stat' via 23
D/ADB_SERVICES( 3369): adb: unable to update oom_score_adj
D/ADB_SERVICES(  732):  closing because is_eof=1 r=-1 s->fde.force_eof=0
D/ADB_SERVICES(  732): entered. LS(9974) fd=23
D/ADB_SERVICES(  732): create_local_service_socket() name=shell:cat /proc/stat
D/ADB_SERVICES(  732): service_to_fd() name=shell:cat /proc/stat
D/ADB_SERVICES(  732): read_meminfo() mem_free=35728
D/ADB_SERVICES(  732): create_subproc ret_fd=23 pid=3370
D/ADB_SERVICES(  732): LS(9975): bound to 'shell:cat /proc/stat' via 23
D/ADB_SERVICES( 3370): adb: unable to update oom_score_adj
D/ADB_SERVICES(  732):  closing because is_eof=1 r=1 s->fde.force_eof=0
D/ADB_SERVICES(  732): entered. LS(9975) fd=23
D/ADB_SERVICES(  732): create_local_service_socket() name=shell:cat /proc/net/xt_qtaguid/stats | grep 10153
D/ADB_SERVICES(  732): service_to_fd() name=shell:cat /proc/net/xt_qtaguid/stats | grep 10153
D/ADB_SERVICES(  732): read_meminfo() mem_free=36916
D/ADB_SERVICES(  732): create_subproc ret_fd=23 pid=3371
D/ADB_SERVICES(  732): LS(9976): bound to 'shell:cat /proc/net/xt_qtaguid/stats | grep 10153' via 23
D/ADB_SERVICES( 3371): adb: unable to update oom_score_adj
D/ADB_SERVICES(  732):  closing because is_eof=1 r=-1 s->fde.force_eof=0
D/ADB_SERVICES(  732): entered. LS(9976) fd=23
I/thermal_repeater(  349): oh, queryMdThermalInfo (0)Bad file number
I/thermal_repeater(  349): [recvMdThermalInfo] ret=5, strLen=127, ERROR
D/ADB_SERVICES(  732): create_local_service_socket() name=shell:cat /proc/3063/stat
D/ADB_SERVICES(  732): service_to_fd() name=shell:cat /proc/3063/stat
D/ADB_SERVICES(  732): read_meminfo() mem_free=36820
D/ADB_SERVICES(  732): create_subproc ret_fd=23 pid=3374
D/ADB_SERVICES(  732): LS(9977): bound to 'shell:cat /proc/3063/stat' via 23
D/ADB_SERVICES( 3374): adb: unable to update oom_score_adj
D/ADB_SERVICES(  732):  closing because is_eof=1 r=1 s->fde.force_eof=0
D/ADB_SERVICES(  732): entered. LS(9977) fd=23
D/ADB_SERVICES(  732): create_local_service_socket() name=shell:cat /proc/stat
D/ADB_SERVICES(  732): service_to_fd() name=shell:cat /proc/stat
D/ADB_SERVICES(  732): read_meminfo() mem_free=36820
D/ADB_SERVICES(  732): create_subproc ret_fd=23 pid=3375
D/ADB_SERVICES(  732): LS(9978): bound to 'shell:cat /proc/stat' via 23
D/ADB_SERVICES( 3375): adb: unable to update oom_score_adj
D/ADB_SERVICES(  732):  closing because is_eof=1 r=1 s->fde.force_eof=0
D/ADB_SERVICES(  732): entered. LS(9978) fd=23
D/ADB_SERVICES(  732): create_local_service_socket() name=shell:dumpsys iphonesubinfo
D/ADB_SERVICES(  732): service_to_fd() name=shell:dumpsys iphonesubinfo
D/ADB_SERVICES(  732): read_meminfo() mem_free=36820
D/ADB_SERVICES(  732): create_subproc ret_fd=23 pid=3376
D/ADB_SERVICES(  732): LS(9979): bound to 'shell:dumpsys iphonesubinfo' via 23
D/ADB_SERVICES( 3376): adb: unable to update oom_score_adj
D/ADB_SERVICES(  732):  closing because is_eof=1 r=-1 s->fde.force_eof=0
D/ADB_SERVICES(  732): entered. LS(9979) fd=23
D/NetworkController.WifiSignalController( 1083): setActivity: wifiActivity= 0
D/NetworkController.WifiSignalController( 1083): isDirty : false
D/NetworkController.WifiSignalController( 1083): Change in state from: connected=true,enabled=true,level=3,inetCondition=1,iconGroup=IconGroup(Wi-Fi Icons),activityIn=true,activityOut=true,rssi=-56,networkType=null,lastModified=11-02 10:03:10,ssid="5C"enabling=falsedisabling=falseconnecting=false
D/NetworkController.WifiSignalController( 1083): 	to: connected=true,enabled=true,level=3,inetCondition=1,iconGroup=IconGroup(Wi-Fi Icons),activityIn=false,activityOut=false,rssi=-56,networkType=null,lastModified=11-02 10:03:10,ssid="5C"enabling=falsedisabling=falseconnecting=false
D/NetworkController.WifiSignalController( 1083): Wifi notifyListeners: level= 3, wifiActivity= 0
D/SignalClusterView( 1083): setWifiIndicators, visible=true, strengthIcon=2130839037, contentDescription=WLAN
D/SignalClusterView( 1083): apply(5), mMobileVisible= true, mIsAirplaneMode= false
D/SignalClusterView( 1083): apply(), mNetworkType= Type_4G resId= 2130838971
D/NetworkController.WifiSignalController( 1083): Wifi notifyListeners: level= 3, wifiActivity= 0
D/SignalClusterView( 1083): setWifiIndicators, visible=true, strengthIcon=2130839037, contentDescription=WLAN
D/SignalClusterView( 1083): apply(5), mMobileVisible= true, mIsAirplaneMode= false
D/SignalClusterView( 1083): apply(), mNetworkType= Type_4G resId= 2130838971
D/NetworkController.WifiSignalController( 1083): Wifi notifyListeners: level= 3, wifiActivity= 0
D/SignalClusterView( 1083): setWifiIndicators, visible=true, strengthIcon=2130839037, contentDescription=WLAN
D/SignalClusterView( 1083): apply(5), mMobileVisible= true, mIsAirplaneMode= false
D/SignalClusterView( 1083): apply(), mNetworkType= Type_4G resId= 2130838971
D/NetworkController.WifiSignalController( 1083): Wifi notifyListeners: level= 3, wifiActivity= 0
D/SignalClusterView( 1083): setWifiIndicators, visible=true, strengthIcon=2130839037, contentDescription=WLAN
D/ConnectionRateView( 1083): DataConnection: new=true,old=true
D/ConnectionRateView( 1083): DataConnection: new=true,old=true
I/libPerfService(  828): perfDumpAll
I/libPerfService(  828): perfDumpAll - type:6, core:0, big:0, little:0, freq:0, freq_big:0, freq_little:0, gpu:-1
I/SurfaceFlinger(  302): [Built-in Screen (type:0)] fps:0.959289,dur:1042.44,max:1042.44,min:1042.44
D/ADB_SERVICES(  732): create_local_service_socket() name=shell:cat /proc/net/xt_qtaguid/stats | grep 10153
D/ADB_SERVICES(  732): service_to_fd() name=shell:cat /proc/net/xt_qtaguid/stats | grep 10153
D/ADB_SERVICES(  732): read_meminfo() mem_free=36820
D/ADB_SERVICES(  732): create_subproc ret_fd=23 pid=3377
D/ADB_SERVICES(  732): LS(9980): bound to 'shell:cat /proc/net/xt_qtaguid/stats | grep 10153' via 23
D/ADB_SERVICES( 3377): adb: unable to update oom_score_adj
D/ADB_SERVICES(  732):  closing because is_eof=1 r=-1 s->fde.force_eof=0
D/ADB_SERVICES(  732): entered. LS(9980) fd=23
D/ADB_SERVICES(  732): create_local_service_socket() name=shell:cat /proc/3063/stat
D/ADB_SERVICES(  732): service_to_fd() name=shell:cat /proc/3063/stat
D/ADB_SERVICES(  732): read_meminfo() mem_free=36836
D/ADB_SERVICES(  732): create_subproc ret_fd=23 pid=3380
D/ADB_SERVICES(  732): LS(9981): bound to 'shell:cat /proc/3063/stat' via 23
D/ADB_SERVICES( 3380): adb: unable to update oom_score_adj
D/ADB_SERVICES(  732):  closing because is_eof=1 r=1 s->fde.force_eof=0
D/ADB_SERVICES(  732): entered. LS(9981) fd=23
D/ADB_SERVICES(  732): create_local_service_socket() name=shell:cat /proc/stat
D/ADB_SERVICES(  732): service_to_fd() name=shell:cat /proc/stat
D/ADB_SERVICES(  732): read_meminfo() mem_free=36836
D/ADB_SERVICES(  732): create_subproc ret_fd=23 pid=3381
D/ADB_SERVICES(  732): LS(9982): bound to 'shell:cat /proc/stat' via 23
D/ADB_SERVICES( 3381): adb: unable to update oom_score_adj
D/ADB_SERVICES(  732):  closing because is_eof=1 r=-1 s->fde.force_eof=0
D/ADB_SERVICES(  732): entered. LS(9982) fd=23
D/ADB_SERVICES(  732): create_local_service_socket() name=shell:cat /proc/net/xt_qtaguid/stats | grep 10153
D/ADB_SERVICES(  732): service_to_fd() name=shell:cat /proc/net/xt_qtaguid/stats | grep 10153
D/ADB_SERVICES(  732): read_meminfo() mem_free=36836
D/ADB_SERVICES(  732): create_subproc ret_fd=23 pid=3382
D/ADB_SERVICES(  732): LS(9983): bound to 'shell:cat /proc/net/xt_qtaguid/stats | grep 10153' via 23
D/ADB_SERVICES( 3382): adb: unable to update oom_score_adj
D/ADB_SERVICES(  732):  closing because is_eof=1 r=-1 s->fde.force_eof=0
D/ADB_SERVICES(  732): entered. LS(9983) fd=23
D/NetworkController.MobileSignalController(5)( 1083): onSignalStrengthsChanged signalStrength=SignalStrength: 15 41 -120 -160 -7 0 -1 99 -100 -12 2147483647 2147483647 gsm|lte 1 1 1 level=4
D/NetworkController( 1083): updateTelephonySignalStrength: hasService=true ss=SignalStrength: 15 41 -120 -160 -7 0 -1 99 -100 -12 2147483647 2147483647 gsm|lte 1 1 1
I/NetworkController( 1083): [CMCC Performance test][SystemUI][Statusbar] show signal end [137489313]
D/NetworkController.MobileSignalController(5)( 1083): isDirty : false
D/ADB_SERVICES(  732): create_local_service_socket() name=shell:dumpsys iphonesubinfo
D/ADB_SERVICES(  732): service_to_fd() name=shell:dumpsys iphonesubinfo
D/ADB_SERVICES(  732): read_meminfo() mem_free=36836
D/ADB_SERVICES(  732): create_subproc ret_fd=23 pid=3385
D/ADB_SERVICES(  732): LS(9984): bound to 'shell:dumpsys iphonesubinfo' via 23
D/ADB_SERVICES( 3385): adb: unable to update oom_score_adj
D/ADB_SERVICES(  732):  closing because is_eof=1 r=-1 s->fde.force_eof=0
D/ADB_SERVICES(  732): entered. LS(9984) fd=23
D/ADB_SERVICES(  732): create_local_service_socket() name=shell:cat /proc/3063/stat
D/ADB_SERVICES(  732): service_to_fd() name=shell:cat /proc/3063/stat
D/ADB_SERVICES(  732): read_meminfo() mem_free=36836
D/ADB_SERVICES(  732): create_subproc ret_fd=23 pid=3386
D/ADB_SERVICES(  732): LS(9985): bound to 'shell:cat /proc/3063/stat' via 23
D/ADB_SERVICES( 3386): adb: unable to update oom_score_adj
D/ADB_SERVICES(  732):  closing because is_eof=1 r=1 s->fde.force_eof=0
D/ADB_SERVICES(  732): entered. LS(9985) fd=23
D/ADB_SERVICES(  732): create_local_service_socket() name=shell:cat /proc/stat
D/ADB_SERVICES(  732): service_to_fd() name=shell:cat /proc/stat
D/ADB_SERVICES(  732): read_meminfo() mem_free=36836
D/ADB_SERVICES(  732): create_subproc ret_fd=23 pid=3387
D/ADB_SERVICES(  732): LS(9986): bound to 'shell:cat /proc/stat' via 23
D/ADB_SERVICES( 3387): adb: unable to update oom_score_adj
D/ADB_SERVICES(  732):  closing because is_eof=1 r=-1 s->fde.force_eof=0
D/ADB_SERVICES(  732): entered. LS(9986) fd=23
D/ADB_SERVICES(  732): create_local_service_socket() name=shell:cat /proc/net/xt_qtaguid/stats | grep 10153
D/ADB_SERVICES(  732): service_to_fd() name=shell:cat /proc/net/xt_qtaguid/stats | grep 10153
D/ADB_SERVICES(  732): read_meminfo() mem_free=36884
D/ADB_SERVICES(  732): create_subproc ret_fd=23 pid=3388
D/ADB_SERVICES(  732): LS(9987): bound to 'shell:cat /proc/net/xt_qtaguid/stats | grep 10153' via 23
D/ADB_SERVICES( 3388): adb: unable to update oom_score_adj
D/ADB_SERVICES(  732):  closing because is_eof=1 r=-1 s->fde.force_eof=0
D/ADB_SERVICES(  732): entered. LS(9987) fd=23
D/ADB_SERVICES(  732): create_local_service_socket() name=shell:cat /proc/meminfo
D/ADB_SERVICES(  732): service_to_fd() name=shell:cat /proc/meminfo
D/ADB_SERVICES(  732): read_meminfo() mem_free=36868
D/ADB_SERVICES(  732): create_subproc ret_fd=23 pid=3391
D/ADB_SERVICES(  732): LS(9988): bound to 'shell:cat /proc/meminfo' via 23
D/ADB_SERVICES( 3391): adb: unable to update oom_score_adj
D/WifiStateMachine(  828): mLastSignalLevel:2, newSignalLevel:2
D/ADB_SERVICES(  732):  closing because is_eof=1 r=-1 s->fde.force_eof=0
D/ADB_SERVICES(  732): entered. LS(9988) fd=23
D/ADB_SERVICES(  732): create_local_service_socket() name=shell:ps
D/ADB_SERVICES(  732): service_to_fd() name=shell:ps
D/ADB_SERVICES(  732): read_meminfo() mem_free=36868
D/ADB_SERVICES(  732): create_subproc ret_fd=23 pid=3392
D/ADB_SERVICES(  732): LS(9989): bound to 'shell:ps' via 23
D/ADB_SERVICES( 3392): adb: unable to update oom_score_adj
I/MTK_FG  (  356): wake up function 1
I/MTK_FG  (  356): FG_DAEMON_CMD_GET_RTC_SPARE_FG_VALUE, fg_rtc_fg_soc 61
I/MTK_FG  (  356): FG_DAEMON_CMD_IS_CHARGER_EXIST, fg_charger_exist 1
I/MTK_FG  (  356): [fg_res] FG_DAEMON_CMD_GET_SHUTDOWN_SYSTEM_VOLTAGE, shutdown_system_voltage 3400
I/MTK_FG  (  356): FG_DAEMON_CMD_GET_TEMPERTURE, fg_battery_temp 26
I/MTK_FG  (  356): 1.[FGADC_CP_50] (V0 4332,D0 0,V30 4012,D30 30,V60 3798,D60 60, V0 4332,R0 88,V30 4012,R30 97,V60 3798,R60 95, Qmax_50_0mAH 3033,Qmax_50_400mAH 2972)
I/MTK_FG  (  356): 2.[FGADC_CP_25] (V0 4330,D0 0,V30 4008,D30 30,V60 3811,D60 60, V0 4330,R0 250,V30 4008,R30 280,V60 3811,R60 270, Qmax_25_0mAH 3002,Qmax_25_400mAH 2942)
I/MTK_FG  (  356): 3.[FGADC_CP_0] (V0 4322,D0 0,V30 4096,D30 30,V60 3943,D60 60, V0 4322,R0 213,V30 4096,R30 388,V60 3943,R60 410, Qmax_0_0mAH 1593,Qmax_0_400mAH 1561)
I/MTK_FG  (  356): 4.[FGADC_CP_n10] (V0 4312,D0 0,V30 4198,D30 30,V60 4026,D60 60, V0 4312,R0 393,V30 4198,R30 420,V60 4026,R60 731, Qmax_n10_0mAH 1014,Qmax_n10_400mAH 994)
I/MTK_FG  (  356): BATTERY_METER_CMD_GET_HW_FG_CURRENT, output 1718
I/MTK_FG  (  356): BATTERY_METER_CMD_GET_HW_FG_CURRENT_SIGN, output 1
I/MTK_FG  (  356): FG_DAEMON_CMD_GET_HW_FG_CAR_ACT, output -62
I/MTK_FG  (  356): 6.[FGADC_CAR] CAR_B -68, CAR_A -62, CAR_D -6, CAR_S -7506, CAR_C -7506
I/MTK_FG  (  356): [fg_res] FG_DAEMON_CMD_GET_DURATION_TIME, duration time 10
I/MTK_FG  (  356): FG_DAEMON_CMD_SET_IS_CHARGING, is_charging 1
I/MTK_FG  (  356): fg_coulomb_act_pre=-62 fg_coulomb_act=-62 duration_time=10 fg_coulomb_act_time=0 fg_coulomb_act_diff=18 fg_coulomb_act_diff_time=60 fg_coulomb_is_charging:1
I/MTK_FG  (  356): 1. [FGADC_CAL] % 65 V=3972, track =0 
I/MTK_FG  (  356): [FGADC] 1,1718,0,3972,65,61,35,3003,3003,76,0,-30,1000,0,1000,39,39,100,100,3620,98
I/MTK_FG  (  356): [fgauge_update_dod] fg_dod_1=39, fg_coulomb_act=-62, fg_dod0=39, C_0mA=3003, C_400mA=2943, C_FGCurrent=2962, fg_current_avg=2749, qmax_by: -151174274
I/MTK_FG  (  356): 1.[FGADC_IQ1](Qmax_T_0mAH 3003,Qmax_T_400mAH 2943,Qmax_T_I 2962, T 26, Tavg 26, I 1718, Iavg 2749, Loading factor 99)
I/MTK_FG  (  356): 1.[FGADC_IQ2](Vsys 3350,Rbat 270,SW cut off OCV 3620, T 26, Tavg 26, I 1718, Iavg 2749, Loading factor2 98)
I/MTK_FG  (  356): FG_DAEMON_CMD_SET_SOC, soc 61
I/MTK_FG  (  356): FG_DAEMON_CMD_SET_SWOCV, dod0 39
I/MTK_FG  (  356): FG_DAEMON_CMD_SET_SWOCV, dod1 39
I/MTK_FG  (  356): [fg_res] FG_DAEMON_CMD_GET_TRACKING_TIME, tracking time 0
I/MTK_FG  (  356): [fg_res] FG_DAEMON_CMD_GET_DIFFERENCE_VOLTAGE_UPDATE, difference_voltage_update 20
I/MTK_FG  (  356): SW fuel gauge version 150329
I/MTK_FG  (  356): 1.[FGADC_UI_FG](FG% 61,UI% 61,tracking Time 0,Qmax_T_0mAH 3003, I 1718, Iavg 2749, T 26, Tavg 26, RTC=61)
I/MTK_FG  (  356): 1.[FGADC_CP_T] (V0 4330,D0 0,V30 4008,D30 30,V60 3810,D60 60, V1 4319,R1 244,V31 4001,R31 276,V61 3806,R61 263, Qmax_T_0mAH 3003,Qmax_T_400mAH 2943,T 26,Tavg 26)
